Archive member included to satisfy reference by file (symbol)

/home/hao/Documents/gcc-arm-none-eabi/bin/../lib/gcc/arm-none-eabi/10.2.1/../../../../arm-none-eabi/lib/thumb/v7e-m+fp/hard/libc_nano.a(lib_a-exit.o)
                              /home/hao/Documents/gcc-arm-none-eabi/bin/../lib/gcc/arm-none-eabi/10.2.1/../../../../arm-none-eabi/lib/thumb/v7e-m+fp/hard/crt0.o (exit)
/home/hao/Documents/gcc-arm-none-eabi/bin/../lib/gcc/arm-none-eabi/10.2.1/../../../../arm-none-eabi/lib/thumb/v7e-m+fp/hard/libc_nano.a(lib_a-impure.o)
                              /home/hao/Documents/gcc-arm-none-eabi/bin/../lib/gcc/arm-none-eabi/10.2.1/../../../../arm-none-eabi/lib/thumb/v7e-m+fp/hard/libc_nano.a(lib_a-exit.o) (_global_impure_ptr)
/home/hao/Documents/gcc-arm-none-eabi/bin/../lib/gcc/arm-none-eabi/10.2.1/../../../../arm-none-eabi/lib/thumb/v7e-m+fp/hard/libc_nano.a(lib_a-init.o)
                              /home/hao/Documents/gcc-arm-none-eabi/bin/../lib/gcc/arm-none-eabi/10.2.1/../../../../arm-none-eabi/lib/thumb/v7e-m+fp/hard/crt0.o (__libc_init_array)
/home/hao/Documents/gcc-arm-none-eabi/bin/../lib/gcc/arm-none-eabi/10.2.1/../../../../arm-none-eabi/lib/thumb/v7e-m+fp/hard/libc_nano.a(lib_a-memset.o)
                              /home/hao/Documents/gcc-arm-none-eabi/bin/../lib/gcc/arm-none-eabi/10.2.1/../../../../arm-none-eabi/lib/thumb/v7e-m+fp/hard/crt0.o (memset)
/home/hao/Documents/gcc-arm-none-eabi/bin/../lib/gcc/arm-none-eabi/10.2.1/../../../../arm-none-eabi/lib/thumb/v7e-m+fp/hard/libc_nano.a(lib_a-printf.o)
                              build/bsp_esp8266_test.o (printf)
/home/hao/Documents/gcc-arm-none-eabi/bin/../lib/gcc/arm-none-eabi/10.2.1/../../../../arm-none-eabi/lib/thumb/v7e-m+fp/hard/libc_nano.a(lib_a-puts.o)
                              build/bsp_esp8266_test.o (puts)
/home/hao/Documents/gcc-arm-none-eabi/bin/../lib/gcc/arm-none-eabi/10.2.1/../../../../arm-none-eabi/lib/thumb/v7e-m+fp/hard/libc_nano.a(lib_a-sprintf.o)
                              build/bsp_esp8266_test.o (sprintf)
/home/hao/Documents/gcc-arm-none-eabi/bin/../lib/gcc/arm-none-eabi/10.2.1/../../../../arm-none-eabi/lib/thumb/v7e-m+fp/hard/libc_nano.a(lib_a-sscanf.o)
                              build/bsp_esp8266_test.o (sscanf)
/home/hao/Documents/gcc-arm-none-eabi/bin/../lib/gcc/arm-none-eabi/10.2.1/../../../../arm-none-eabi/lib/thumb/v7e-m+fp/hard/libc_nano.a(lib_a-stdio.o)
                              /home/hao/Documents/gcc-arm-none-eabi/bin/../lib/gcc/arm-none-eabi/10.2.1/../../../../arm-none-eabi/lib/thumb/v7e-m+fp/hard/libc_nano.a(lib_a-sscanf.o) (__seofread)
/home/hao/Documents/gcc-arm-none-eabi/bin/../lib/gcc/arm-none-eabi/10.2.1/../../../../arm-none-eabi/lib/thumb/v7e-m+fp/hard/libc_nano.a(lib_a-strcmp.o)
                              build/bsp_esp8266_test.o (strcmp)
/home/hao/Documents/gcc-arm-none-eabi/bin/../lib/gcc/arm-none-eabi/10.2.1/../../../../arm-none-eabi/lib/thumb/v7e-m+fp/hard/libc_nano.a(lib_a-strlen.o)
                              build/bsp_esp8266_test.o (strlen)
/home/hao/Documents/gcc-arm-none-eabi/bin/../lib/gcc/arm-none-eabi/10.2.1/../../../../arm-none-eabi/lib/thumb/v7e-m+fp/hard/libc_nano.a(lib_a-strstr.o)
                              build/bsp_esp8266_test.o (strstr)
/home/hao/Documents/gcc-arm-none-eabi/bin/../lib/gcc/arm-none-eabi/10.2.1/../../../../arm-none-eabi/lib/thumb/v7e-m+fp/hard/libc_nano.a(lib_a-wbuf.o)
                              /home/hao/Documents/gcc-arm-none-eabi/bin/../lib/gcc/arm-none-eabi/10.2.1/../../../../arm-none-eabi/lib/thumb/v7e-m+fp/hard/libc_nano.a(lib_a-puts.o) (__swbuf_r)
/home/hao/Documents/gcc-arm-none-eabi/bin/../lib/gcc/arm-none-eabi/10.2.1/../../../../arm-none-eabi/lib/thumb/v7e-m+fp/hard/libc_nano.a(lib_a-writer.o)
                              /home/hao/Documents/gcc-arm-none-eabi/bin/../lib/gcc/arm-none-eabi/10.2.1/../../../../arm-none-eabi/lib/thumb/v7e-m+fp/hard/libc_nano.a(lib_a-stdio.o) (_write_r)
/home/hao/Documents/gcc-arm-none-eabi/bin/../lib/gcc/arm-none-eabi/10.2.1/../../../../arm-none-eabi/lib/thumb/v7e-m+fp/hard/libc_nano.a(lib_a-wsetup.o)
                              /home/hao/Documents/gcc-arm-none-eabi/bin/../lib/gcc/arm-none-eabi/10.2.1/../../../../arm-none-eabi/lib/thumb/v7e-m+fp/hard/libc_nano.a(lib_a-puts.o) (__swsetup_r)
/home/hao/Documents/gcc-arm-none-eabi/bin/../lib/gcc/arm-none-eabi/10.2.1/../../../../arm-none-eabi/lib/thumb/v7e-m+fp/hard/libc_nano.a(lib_a-closer.o)
                              /home/hao/Documents/gcc-arm-none-eabi/bin/../lib/gcc/arm-none-eabi/10.2.1/../../../../arm-none-eabi/lib/thumb/v7e-m+fp/hard/libc_nano.a(lib_a-stdio.o) (_close_r)
/home/hao/Documents/gcc-arm-none-eabi/bin/../lib/gcc/arm-none-eabi/10.2.1/../../../../arm-none-eabi/lib/thumb/v7e-m+fp/hard/libc_nano.a(lib_a-fflush.o)
                              /home/hao/Documents/gcc-arm-none-eabi/bin/../lib/gcc/arm-none-eabi/10.2.1/../../../../arm-none-eabi/lib/thumb/v7e-m+fp/hard/libc_nano.a(lib_a-wbuf.o) (_fflush_r)
[...]
Memory Configuration

Name             Origin             Length             Attributes
RAM              0x0000000020000000 0x0000000000030000 xrw
CCMRAM           0x0000000010000000 0x0000000000010000 xrw
FLASH            0x0000000008000000 0x0000000000100000 xr
*default*        0x0000000000000000 0xffffffffffffffff

Linker script and memory map

LOAD /home/hao/Documents/gcc-arm-none-eabi/bin/../lib/gcc/arm-none-eabi/10.2.1/thumb/v7e-m+fp/hard/crti.o
LOAD /home/hao/Documents/gcc-arm-none-eabi/bin/../lib/gcc/arm-none-eabi/10.2.1/thumb/v7e-m+fp/hard/crtbegin.o
LOAD /home/hao/Documents/gcc-arm-none-eabi/bin/../lib/gcc/arm-none-eabi/10.2.1/../../../../arm-none-eabi/lib/thumb/v7e-m+fp/hard/crt0.o
LOAD build/common.o
LOAD build/SEEKFREE_FONT.o
LOAD build/SEEKFREE_18TFT.o
LOAD build/key.o
LOAD build/bsp_esp8266_test.o
LOAD build/esp8266.o
LOAD build/main.o
LOAD build/gpio.o
LOAD build/usart.o
LOAD build/stm32f4xx_it.o
LOAD build/stm32f4xx_hal_msp.o
LOAD build/stm32f4xx_hal_tim.o
LOAD build/stm32f4xx_hal_tim_ex.o
LOAD build/stm32f4xx_ll_usart.o
LOAD build/stm32f4xx_ll_gpio.o
LOAD build/stm32f4xx_ll_dma.o
LOAD build/stm32f4xx_hal_rcc.o
LOAD build/stm32f4xx_hal_rcc_ex.o
LOAD build/stm32f4xx_hal_flash.o
LOAD build/stm32f4xx_hal_flash_ex.o
LOAD build/stm32f4xx_hal_flash_ramfunc.o
LOAD build/stm32f4xx_hal_gpio.o
LOAD build/stm32f4xx_hal_dma_ex.o
LOAD build/stm32f4xx_hal_dma.o
LOAD build/stm32f4xx_hal_pwr.o
LOAD build/stm32f4xx_hal_pwr_ex.o
LOAD build/stm32f4xx_hal_cortex.o
LOAD build/stm32f4xx_hal.o
LOAD build/stm32f4xx_hal_exti.o
LOAD build/stm32f4xx_ll_rcc.o
LOAD build/stm32f4xx_ll_utils.o
LOAD build/stm32f4xx_ll_exti.o
LOAD build/system_stm32f4xx.o
LOAD build/rtc.o
LOAD build/stm32f4xx_hal_rtc.o
LOAD build/stm32f4xx_hal_rtc_ex.o
LOAD build/startup_stm32f429xx.o
LOAD /home/hao/Documents/gcc-arm-none-eabi/bin/../lib/gcc/arm-none-eabi/10.2.1/../../../../arm-none-eabi/lib/thumb/v7e-m+fp/hard/libc_nano.a
LOAD /home/hao/Documents/gcc-arm-none-eabi/bin/../lib/gcc/arm-none-eabi/10.2.1/../../../../arm-none-eabi/lib/thumb/v7e-m+fp/hard/libm.a
LOAD /home/hao/Documents/gcc-arm-none-eabi/bin/../lib/gcc/arm-none-eabi/10.2.1/../../../../arm-none-eabi/lib/thumb/v7e-m+fp/hard/libnosys.a
START GROUP
LOAD /home/hao/Documents/gcc-arm-none-eabi/bin/../lib/gcc/arm-none-eabi/10.2.1/thumb/v7e-m+fp/hard/libgcc.a
LOAD /home/hao/Documents/gcc-arm-none-eabi/bin/../lib/gcc/arm-none-eabi/10.2.1/../../../../arm-none-eabi/lib/thumb/v7e-m+fp/hard/libc_nano.a
END GROUP
START GROUP
LOAD /home/hao/Documents/gcc-arm-none-eabi/bin/../lib/gcc/arm-none-eabi/10.2.1/thumb/v7e-m+fp/hard/libgcc.a
LOAD /home/hao/Documents/gcc-arm-none-eabi/bin/../lib/gcc/arm-none-eabi/10.2.1/../../../../arm-none-eabi/lib/thumb/v7e-m+fp/hard/libc_nano.a
END GROUP
LOAD /home/hao/Documents/gcc-arm-none-eabi/bin/../lib/gcc/arm-none-eabi/10.2.1/thumb/v7e-m+fp/hard/crtend.o
LOAD /home/hao/Documents/gcc-arm-none-eabi/bin/../lib/gcc/arm-none-eabi/10.2.1/thumb/v7e-m+fp/hard/crtn.o
                0x0000000020030000                _estack = (ORIGIN (RAM) + LENGTH (RAM))
                0x0000000000000200                _Min_Heap_Size = 0x200
                0x0000000000000400                _Min_Stack_Size = 0x400

.isr_vector     0x0000000008000000      0x1ac
                0x0000000008000000                . = ALIGN (0x4)
 *(.isr_vector)
 .isr_vector    0x0000000008000000      0x1ac build/startup_stm32f429xx.o
                0x0000000008000000                g_pfnVectors
                0x00000000080001ac                . = ALIGN (0x4)

.text           0x00000000080001b0     0x569c
                0x00000000080001b0                . = ALIGN (0x4)
 *(.text)
 .text          0x00000000080001b0       0x40 /home/hao/Documents/gcc-arm-none-eabi/bin/../lib/gcc/arm-none-eabi/10.2.1/thumb/v7e-m+fp/hard/crtbegin.o
 .text          0x00000000080001f0       0x14 /home/hao/Documents/gcc-arm-none-eabi/bin/../lib/gcc/arm-none-eabi/10.2.1/../../../../arm-none-eabi/lib/thumb/v7e-m+fp/hard/libc_nano.a(lib_a-strcmp.o)
                0x00000000080001f0                strcmp
 .text          0x0000000008000204       0x10 /home/hao/Documents/gcc-arm-none-eabi/bin/../lib/gcc/arm-none-eabi/10.2.1/../../../../arm-none-eabi/lib/thumb/v7e-m+fp/hard/libc_nano.a(lib_a-strlen.o)
                0x0000000008000204                strlen
 *fill*         0x0000000008000214        0xc 
 .text          0x0000000008000220       0xa0 /home/hao/Documents/gcc-arm-none-eabi/bin/../lib/gcc/arm-none-eabi/10.2.1/../../../../arm-none-eabi/lib/thumb/v7e-m+fp/hard/libc_nano.a(lib_a-memchr.o)
                0x0000000008000220                memchr
 .text          0x00000000080002c0       0x30 /home/hao/Documents/gcc-arm-none-eabi/bin/../lib/gcc/arm-none-eabi/10.2.1/thumb/v7e-m+fp/hard/libgcc.a(_aeabi_uldivmod.o)
                0x00000000080002c0                __aeabi_uldivmod
 .text          0x00000000080002f0      0x2d0 /home/hao/Documents/gcc-arm-none-eabi/bin/../lib/gcc/arm-none-eabi/10.2.1/thumb/v7e-m+fp/hard/libgcc.a(_udivmoddi4.o)
                0x00000000080002f0                __udivmoddi4
 .text          0x00000000080005c0        0x4 /home/hao/Documents/gcc-arm-none-eabi/bin/../lib/gcc/arm-none-eabi/10.2.1/thumb/v7e-m+fp/hard/libgcc.a(_dvmd_tls.o)
                0x00000000080005c0                __aeabi_ldiv0
                0x00000000080005c0                __aeabi_idiv0
 *(.text*)
 .text.itoa     0x00000000080005c4       0x70 build/common.o
 .text.USART_printf
                0x0000000008000634       0xb4 build/common.o
                0x0000000008000634                USART_printf
 .text.lcd_writeIndex
                0x00000000080006e8       0x80 build/SEEKFREE_18TFT.o
                0x00000000080006e8                lcd_writeIndex
 .text.lcd_writeData
                0x0000000008000768       0x80 build/SEEKFREE_18TFT.o
                0x0000000008000768                lcd_writeData
 .text.lcd_writedata_16bit
                0x00000000080007e8       0x80 build/SEEKFREE_18TFT.o
                0x00000000080007e8                lcd_writedata_16bit
 .text.lcd_set_region
                0x0000000008000868       0x56 build/SEEKFREE_18TFT.o
                0x0000000008000868                lcd_set_region
 .text.lcd_clear
                0x00000000080008be       0x32 build/SEEKFREE_18TFT.o
                0x00000000080008be                lcd_clear
 .text.LCD_Fill
                0x00000000080008f0       0x38 build/SEEKFREE_18TFT.o
                0x00000000080008f0                LCD_Fill
 .text.lcd_init
                0x0000000008000928      0x248 build/SEEKFREE_18TFT.o
                0x0000000008000928                lcd_init
 .text.lcd_drawpoint
                0x0000000008000b70       0x14 build/SEEKFREE_18TFT.o
                0x0000000008000b70                lcd_drawpoint
 .text.LCD_DrawLine
                0x0000000008000b84       0xa4 build/SEEKFREE_18TFT.o
                0x0000000008000b84                LCD_DrawLine
 .text.Draw_Circle
                0x0000000008000c28       0xca build/SEEKFREE_18TFT.o
                0x0000000008000c28                Draw_Circle
 *fill*         0x0000000008000cf2        0x2 
 .text.LCD_ShowChar
                0x0000000008000cf4      0x138 build/SEEKFREE_18TFT.o
                0x0000000008000cf4                LCD_ShowChar
 .text.LCD_ShowString
                0x0000000008000e2c       0x44 build/SEEKFREE_18TFT.o
                0x0000000008000e2c                LCD_ShowString
 .text.lcd_showchar
                0x0000000008000e70       0x60 build/SEEKFREE_18TFT.o
                0x0000000008000e70                lcd_showchar
 .text.lcd_showstr
                0x0000000008000ed0       0x2e build/SEEKFREE_18TFT.o
                0x0000000008000ed0                lcd_showstr
 .text.lcd_display_chinese
                0x0000000008000efe       0x8e build/SEEKFREE_18TFT.o
                0x0000000008000efe                lcd_display_chinese
 .text.KEY_Init
                0x0000000008000f8c       0x90 build/key.o
                0x0000000008000f8c                KEY_Init
 .text.KEY_Scan
                0x000000000800101c       0xe8 build/key.o
                0x000000000800101c                KEY_Scan
 .text.esp8266_link_seniverse
                0x0000000008001104       0x44 build/bsp_esp8266_test.o
                0x0000000008001104                esp8266_link_seniverse
 .text.esp8266_link_time
                0x0000000008001148       0x44 build/bsp_esp8266_test.o
                0x0000000008001148                esp8266_link_time
 .text.updata_time
                0x000000000800118c       0x3c build/bsp_esp8266_test.o
                0x000000000800118c                updata_time
 .text.updata_weather
                0x00000000080011c8       0x3c build/bsp_esp8266_test.o
                0x00000000080011c8                updata_weather
 .text.LCD_display_weather
                0x0000000008001204      0x224 build/bsp_esp8266_test.o
                0x0000000008001204                LCD_display_weather
 .text.analytical_data
                0x0000000008001428       0xb4 build/bsp_esp8266_test.o
                0x0000000008001428                analytical_data
 .text.analytical_time
                0x00000000080014dc       0x8c build/bsp_esp8266_test.o
                0x00000000080014dc                analytical_time
 .text.lcd_dispaly_rtc
                0x0000000008001568       0xa4 build/bsp_esp8266_test.o
                0x0000000008001568                lcd_dispaly_rtc
 .text.connect_to_wifi
                0x000000000800160c       0x94 build/bsp_esp8266_test.o
                0x000000000800160c                connect_to_wifi
 .text.select_wifi
                0x00000000080016a0      0x238 build/bsp_esp8266_test.o
                0x00000000080016a0                select_wifi
 .text.ESP8266_StaTcpClient_Unvarnish_ConfigTest
                0x00000000080018d8      0x180 build/bsp_esp8266_test.o
                0x00000000080018d8                ESP8266_StaTcpClient_Unvarnish_ConfigTest
 .text.ESP8266_CheckRecvDataTest
                0x0000000008001a58       0x94 build/bsp_esp8266_test.o
                0x0000000008001a58                ESP8266_CheckRecvDataTest
 .text.ESP8266_Init
                0x0000000008001aec       0x20 build/esp8266.o
                0x0000000008001aec                ESP8266_Init
 .text.ESP8266_Rst
                0x0000000008001b0c       0x28 build/esp8266.o
                0x0000000008001b0c                ESP8266_Rst
 .text.ESP8266_Cmd
                0x0000000008001b34       0xb4 build/esp8266.o
                0x0000000008001b34                ESP8266_Cmd
 .text.ESP8266_AT_Test
                0x0000000008001be8       0x6c build/esp8266.o
                0x0000000008001be8                ESP8266_AT_Test
 .text.ESP8266_Net_Mode_Choose
                0x0000000008001c54       0x54 build/esp8266.o
                0x0000000008001c54                ESP8266_Net_Mode_Choose
 .text.ESP8266_JoinAP
                0x0000000008001ca8       0x2c build/esp8266.o
                0x0000000008001ca8                ESP8266_JoinAP
 .text.ESP8266_ParseAps_Num
                0x0000000008001cd4       0x54 build/esp8266.o
                0x0000000008001cd4                ESP8266_ParseAps_Num
 .text.ESP8266_ListAPs
                0x0000000008001d28       0x2c build/esp8266.o
                0x0000000008001d28                ESP8266_ListAPs
 .text.ESP8266_Enable_MultipleId
                0x0000000008001d54       0x30 build/esp8266.o
                0x0000000008001d54                ESP8266_Enable_MultipleId
 .text.ESP8266_Link_Server
                0x0000000008001d84       0x88 build/esp8266.o
                0x0000000008001d84                ESP8266_Link_Server
 .text.ESP8266_UnvarnishSend
                0x0000000008001e0c       0x34 build/esp8266.o
                0x0000000008001e0c                ESP8266_UnvarnishSend
 .text.ESP8266_ExitUnvarnishSend
                0x0000000008001e40       0x24 build/esp8266.o
                0x0000000008001e40                ESP8266_ExitUnvarnishSend
 .text.user_CheckRtcBkup
                0x0000000008001e64       0x14 build/main.o
                0x0000000008001e64                user_CheckRtcBkup
 .text.Error_Handler
                0x0000000008001e78        0x4 build/main.o
                0x0000000008001e78                Error_Handler
 .text.SystemClock_Config
                0x0000000008001e7c       0xb8 build/main.o
                0x0000000008001e7c                SystemClock_Config
 .text.main     0x0000000008001f34       0xac build/main.o
                0x0000000008001f34                main
 .text.MX_GPIO_Init
                0x0000000008001fe0      0x100 build/gpio.o
                0x0000000008001fe0                MX_GPIO_Init
 .text.MX_USART1_UART_Init
                0x00000000080020e0       0xe4 build/usart.o
                0x00000000080020e0                MX_USART1_UART_Init
 .text.MX_USART2_UART_Init
                0x00000000080021c4       0xe0 build/usart.o
                0x00000000080021c4                MX_USART2_UART_Init
 .text._write   0x00000000080022a4       0x28 build/usart.o
                0x00000000080022a4                _write
 .text.NMI_Handler
                0x00000000080022cc        0x2 build/stm32f4xx_it.o
                0x00000000080022cc                NMI_Handler
 .text.HardFault_Handler
                0x00000000080022ce        0x2 build/stm32f4xx_it.o
                0x00000000080022ce                HardFault_Handler
 .text.MemManage_Handler
                0x00000000080022d0        0x2 build/stm32f4xx_it.o
                0x00000000080022d0                MemManage_Handler
 .text.BusFault_Handler
                0x00000000080022d2        0x2 build/stm32f4xx_it.o
                0x00000000080022d2                BusFault_Handler
 .text.UsageFault_Handler
                0x00000000080022d4        0x2 build/stm32f4xx_it.o
                0x00000000080022d4                UsageFault_Handler
 .text.SVC_Handler
                0x00000000080022d6        0x2 build/stm32f4xx_it.o
                0x00000000080022d6                SVC_Handler
 .text.DebugMon_Handler
                0x00000000080022d8        0x2 build/stm32f4xx_it.o
                0x00000000080022d8                DebugMon_Handler
 .text.PendSV_Handler
                0x00000000080022da        0x2 build/stm32f4xx_it.o
                0x00000000080022da                PendSV_Handler
 .text.SysTick_Handler
                0x00000000080022dc        0x8 build/stm32f4xx_it.o
                0x00000000080022dc                SysTick_Handler
 .text.RTC_WKUP_IRQHandler
                0x00000000080022e4       0x10 build/stm32f4xx_it.o
                0x00000000080022e4                RTC_WKUP_IRQHandler
 .text.USART1_IRQHandler
                0x00000000080022f4       0x64 build/stm32f4xx_it.o
                0x00000000080022f4                USART1_IRQHandler
 .text.USART2_IRQHandler
                0x0000000008002358       0x80 build/stm32f4xx_it.o
                0x0000000008002358                USART2_IRQHandler
 .text.HAL_MspInit
                0x00000000080023d8       0x38 build/stm32f4xx_hal_msp.o
                0x00000000080023d8                HAL_MspInit
 .text.LL_USART_Init
                0x0000000008002410      0x194 build/stm32f4xx_ll_usart.o
                0x0000000008002410                LL_USART_Init
 .text.LL_GPIO_Init
                0x00000000080025a4      0x150 build/stm32f4xx_ll_gpio.o
                0x00000000080025a4                LL_GPIO_Init
 .text.HAL_RCC_OscConfig
                0x00000000080026f4      0x3f8 build/stm32f4xx_hal_rcc.o
                0x00000000080026f4                HAL_RCC_OscConfig
 .text.HAL_RCC_GetSysClockFreq
                0x0000000008002aec       0xa4 build/stm32f4xx_hal_rcc.o
                0x0000000008002aec                HAL_RCC_GetSysClockFreq
 .text.HAL_RCC_ClockConfig
                0x0000000008002b90      0x160 build/stm32f4xx_hal_rcc.o
                0x0000000008002b90                HAL_RCC_ClockConfig
 .text.HAL_RCCEx_PeriphCLKConfig
                0x0000000008002cf0      0x284 build/stm32f4xx_hal_rcc_ex.o
                0x0000000008002cf0                HAL_RCCEx_PeriphCLKConfig
 .text.HAL_GPIO_Init
                0x0000000008002f74      0x1fc build/stm32f4xx_hal_gpio.o
                0x0000000008002f74                HAL_GPIO_Init
 .text.HAL_GPIO_ReadPin
                0x0000000008003170        0xe build/stm32f4xx_hal_gpio.o
                0x0000000008003170                HAL_GPIO_ReadPin
 .text.HAL_GPIO_WritePin
                0x000000000800317e        0xc build/stm32f4xx_hal_gpio.o
                0x000000000800317e                HAL_GPIO_WritePin
 *fill*         0x000000000800318a        0x2 
 .text.HAL_PWREx_EnableOverDrive
                0x000000000800318c       0x7c build/stm32f4xx_hal_pwr_ex.o
                0x000000000800318c                HAL_PWREx_EnableOverDrive
 .text.HAL_NVIC_SetPriorityGrouping
                0x0000000008003208       0x24 build/stm32f4xx_hal_cortex.o
                0x0000000008003208                HAL_NVIC_SetPriorityGrouping
 .text.HAL_NVIC_SetPriority
                0x000000000800322c       0x70 build/stm32f4xx_hal_cortex.o
                0x000000000800322c                HAL_NVIC_SetPriority
 .text.HAL_NVIC_EnableIRQ
                0x000000000800329c       0x1c build/stm32f4xx_hal_cortex.o
                0x000000000800329c                HAL_NVIC_EnableIRQ
 .text.HAL_SYSTICK_Config
                0x00000000080032b8       0x28 build/stm32f4xx_hal_cortex.o
                0x00000000080032b8                HAL_SYSTICK_Config
 .text.HAL_InitTick
                0x00000000080032e0       0x4c build/stm32f4xx_hal.o
                0x00000000080032e0                HAL_InitTick
 .text.HAL_Init
                0x000000000800332c       0x34 build/stm32f4xx_hal.o
                0x000000000800332c                HAL_Init
 .text.HAL_IncTick
                0x0000000008003360       0x18 build/stm32f4xx_hal.o
                0x0000000008003360                HAL_IncTick
 .text.HAL_GetTick
                0x0000000008003378        0xc build/stm32f4xx_hal.o
                0x0000000008003378                HAL_GetTick
 .text.HAL_Delay
                0x0000000008003384       0x28 build/stm32f4xx_hal.o
                0x0000000008003384                HAL_Delay
 .text.RCC_GetHCLKClockFreq
                0x00000000080033ac       0x18 build/stm32f4xx_ll_rcc.o
                0x00000000080033ac                RCC_GetHCLKClockFreq
 .text.RCC_GetPCLK1ClockFreq
                0x00000000080033c4       0x18 build/stm32f4xx_ll_rcc.o
                0x00000000080033c4                RCC_GetPCLK1ClockFreq
 .text.RCC_GetPCLK2ClockFreq
                0x00000000080033dc       0x18 build/stm32f4xx_ll_rcc.o
                0x00000000080033dc                RCC_GetPCLK2ClockFreq
 .text.RCC_PLL_GetFreqDomain_SYS
                0x00000000080033f4       0x4c build/stm32f4xx_ll_rcc.o
                0x00000000080033f4                RCC_PLL_GetFreqDomain_SYS
 .text.RCC_GetSystemClockFreq
                0x0000000008003440       0x30 build/stm32f4xx_ll_rcc.o
                0x0000000008003440                RCC_GetSystemClockFreq
 .text.LL_RCC_GetSystemClocksFreq
                0x0000000008003470       0x20 build/stm32f4xx_ll_rcc.o
                0x0000000008003470                LL_RCC_GetSystemClocksFreq
 .text.SystemInit
                0x0000000008003490       0x14 build/system_stm32f4xx.o
                0x0000000008003490                SystemInit
 .text.MX_RTC_Init
                0x00000000080034a4       0xbc build/rtc.o
                0x00000000080034a4                MX_RTC_Init
 .text.HAL_RTC_MspInit
                0x0000000008003560       0x58 build/rtc.o
                0x0000000008003560                HAL_RTC_MspInit
 .text.HAL_RTC_WaitForSynchro
                0x00000000080035b8       0x32 build/stm32f4xx_hal_rtc.o
                0x00000000080035b8                HAL_RTC_WaitForSynchro
 .text.RTC_EnterInitMode
                0x00000000080035ea       0x46 build/stm32f4xx_hal_rtc.o
                0x00000000080035ea                RTC_EnterInitMode
 .text.RTC_ExitInitMode
                0x0000000008003630       0x2a build/stm32f4xx_hal_rtc.o
                0x0000000008003630                RTC_ExitInitMode
 .text.HAL_RTC_Init
                0x000000000800365a       0x8c build/stm32f4xx_hal_rtc.o
                0x000000000800365a                HAL_RTC_Init
 .text.RTC_ByteToBcd2
                0x00000000080036e6       0x18 build/stm32f4xx_hal_rtc.o
                0x00000000080036e6                RTC_ByteToBcd2
 .text.HAL_RTC_SetTime
                0x00000000080036fe       0xbe build/stm32f4xx_hal_rtc.o
                0x00000000080036fe                HAL_RTC_SetTime
 .text.HAL_RTC_SetDate
                0x00000000080037bc       0x9c build/stm32f4xx_hal_rtc.o
                0x00000000080037bc                HAL_RTC_SetDate
 .text.RTC_Bcd2ToByte
                0x0000000008003858       0x12 build/stm32f4xx_hal_rtc.o
                0x0000000008003858                RTC_Bcd2ToByte
 .text.HAL_RTC_GetTime
                0x000000000800386a       0x4c build/stm32f4xx_hal_rtc.o
                0x000000000800386a                HAL_RTC_GetTime
 .text.HAL_RTC_GetDate
                0x00000000080038b6       0x3c build/stm32f4xx_hal_rtc.o
                0x00000000080038b6                HAL_RTC_GetDate
 *fill*         0x00000000080038f2        0x2 
 .text.HAL_RTCEx_SetWakeUpTimer_IT
                0x00000000080038f4       0xfc build/stm32f4xx_hal_rtc_ex.o
                0x00000000080038f4                HAL_RTCEx_SetWakeUpTimer_IT
 .text.HAL_RTCEx_WakeUpTimerEventCallback
                0x00000000080039f0        0x2 build/stm32f4xx_hal_rtc_ex.o
                0x00000000080039f0                HAL_RTCEx_WakeUpTimerEventCallback
 *fill*         0x00000000080039f2        0x2 
 .text.HAL_RTCEx_WakeUpTimerIRQHandler
                0x00000000080039f4       0x34 build/stm32f4xx_hal_rtc_ex.o
                0x00000000080039f4                HAL_RTCEx_WakeUpTimerIRQHandler
 .text.HAL_RTCEx_BKUPWrite
                0x0000000008003a28        0xa build/stm32f4xx_hal_rtc_ex.o
                0x0000000008003a28                HAL_RTCEx_BKUPWrite
 .text.HAL_RTCEx_BKUPRead
                0x0000000008003a32        0xa build/stm32f4xx_hal_rtc_ex.o
                0x0000000008003a32                HAL_RTCEx_BKUPRead
 .text.Reset_Handler
                0x0000000008003a3c       0x50 build/startup_stm32f429xx.o
                0x0000000008003a3c                Reset_Handler
 .text.Default_Handler
                0x0000000008003a8c        0x2 build/startup_stm32f429xx.o
                0x0000000008003a8c                RTC_Alarm_IRQHandler
                0x0000000008003a8c                HASH_RNG_IRQHandler
                0x0000000008003a8c                EXTI2_IRQHandler
                0x0000000008003a8c                TIM8_CC_IRQHandler
                0x0000000008003a8c                UART8_IRQHandler
                0x0000000008003a8c                SPI4_IRQHandler
                0x0000000008003a8c                TIM1_CC_IRQHandler
                0x0000000008003a8c                DMA2_Stream5_IRQHandler
                0x0000000008003a8c                DMA1_Stream5_IRQHandler
                0x0000000008003a8c                PVD_IRQHandler
                0x0000000008003a8c                SDIO_IRQHandler
                0x0000000008003a8c                TAMP_STAMP_IRQHandler
                0x0000000008003a8c                CAN2_RX1_IRQHandler
                0x0000000008003a8c                EXTI3_IRQHandler
                0x0000000008003a8c                TIM8_TRG_COM_TIM14_IRQHandler
                0x0000000008003a8c                TIM1_UP_TIM10_IRQHandler
                0x0000000008003a8c                TIM8_UP_TIM13_IRQHandler
                0x0000000008003a8c                I2C3_ER_IRQHandler
                0x0000000008003a8c                EXTI0_IRQHandler
                0x0000000008003a8c                I2C2_EV_IRQHandler
                0x0000000008003a8c                DMA1_Stream2_IRQHandler
                0x0000000008003a8c                CAN1_RX0_IRQHandler
                0x0000000008003a8c                FPU_IRQHandler
                0x0000000008003a8c                OTG_HS_WKUP_IRQHandler
                0x0000000008003a8c                LTDC_ER_IRQHandler
                0x0000000008003a8c                CAN2_SCE_IRQHandler
                0x0000000008003a8c                DMA2_Stream2_IRQHandler
                0x0000000008003a8c                SPI1_IRQHandler
                0x0000000008003a8c                TIM6_DAC_IRQHandler
                0x0000000008003a8c                TIM1_BRK_TIM9_IRQHandler
                0x0000000008003a8c                DCMI_IRQHandler
                0x0000000008003a8c                CAN2_RX0_IRQHandler
                0x0000000008003a8c                DMA2_Stream3_IRQHandler
                0x0000000008003a8c                USART6_IRQHandler
                0x0000000008003a8c                USART3_IRQHandler
                0x0000000008003a8c                CAN1_RX1_IRQHandler
                0x0000000008003a8c                UART5_IRQHandler
                0x0000000008003a8c                DMA2_Stream0_IRQHandler
                0x0000000008003a8c                TIM4_IRQHandler
                0x0000000008003a8c                I2C1_EV_IRQHandler
                0x0000000008003a8c                DMA1_Stream6_IRQHandler
                0x0000000008003a8c                DMA1_Stream1_IRQHandler
                0x0000000008003a8c                UART4_IRQHandler
                0x0000000008003a8c                TIM3_IRQHandler
                0x0000000008003a8c                RCC_IRQHandler
                0x0000000008003a8c                TIM8_BRK_TIM12_IRQHandler
                0x0000000008003a8c                Default_Handler
                0x0000000008003a8c                EXTI15_10_IRQHandler
                0x0000000008003a8c                ADC_IRQHandler
                0x0000000008003a8c                DMA1_Stream7_IRQHandler
                0x0000000008003a8c                SPI5_IRQHandler
                0x0000000008003a8c                TIM7_IRQHandler
                0x0000000008003a8c                CAN2_TX_IRQHandler
                0x0000000008003a8c                TIM5_IRQHandler
                0x0000000008003a8c                DMA2_Stream7_IRQHandler
                0x0000000008003a8c                I2C3_EV_IRQHandler
                0x0000000008003a8c                EXTI9_5_IRQHandler
                0x0000000008003a8c                LTDC_IRQHandler
                0x0000000008003a8c                ETH_WKUP_IRQHandler
                0x0000000008003a8c                SPI2_IRQHandler
                0x0000000008003a8c                OTG_HS_EP1_IN_IRQHandler
                0x0000000008003a8c                DMA1_Stream0_IRQHandler
                0x0000000008003a8c                CAN1_TX_IRQHandler
                0x0000000008003a8c                EXTI4_IRQHandler
                0x0000000008003a8c                ETH_IRQHandler
                0x0000000008003a8c                OTG_HS_EP1_OUT_IRQHandler
                0x0000000008003a8c                WWDG_IRQHandler
                0x0000000008003a8c                SPI6_IRQHandler
                0x0000000008003a8c                TIM2_IRQHandler
                0x0000000008003a8c                OTG_FS_WKUP_IRQHandler
                0x0000000008003a8c                TIM1_TRG_COM_TIM11_IRQHandler
                0x0000000008003a8c                OTG_HS_IRQHandler
                0x0000000008003a8c                DMA2D_IRQHandler
                0x0000000008003a8c                EXTI1_IRQHandler
                0x0000000008003a8c                UART7_IRQHandler
                0x0000000008003a8c                I2C2_ER_IRQHandler
                0x0000000008003a8c                DMA2_Stream1_IRQHandler
                0x0000000008003a8c                CAN1_SCE_IRQHandler
                0x0000000008003a8c                FLASH_IRQHandler
                0x0000000008003a8c                DMA2_Stream4_IRQHandler
                0x0000000008003a8c                OTG_FS_IRQHandler
                0x0000000008003a8c                SPI3_IRQHandler
                0x0000000008003a8c                DMA1_Stream4_IRQHandler
                0x0000000008003a8c                I2C1_ER_IRQHandler
                0x0000000008003a8c                FMC_IRQHandler
                0x0000000008003a8c                DMA2_Stream6_IRQHandler
                0x0000000008003a8c                SAI1_IRQHandler
                0x0000000008003a8c                DMA1_Stream3_IRQHandler
 *fill*         0x0000000008003a8e        0x2 
 .text.__libc_init_array
                0x0000000008003a90       0x48 /home/hao/Documents/gcc-arm-none-eabi/bin/../lib/gcc/arm-none-eabi/10.2.1/../../../../arm-none-eabi/lib/thumb/v7e-m+fp/hard/libc_nano.a(lib_a-init.o)
                0x0000000008003a90                __libc_init_array
 .text.memset   0x0000000008003ad8       0x10 /home/hao/Documents/gcc-arm-none-eabi/bin/../lib/gcc/arm-none-eabi/10.2.1/../../../../arm-none-eabi/lib/thumb/v7e-m+fp/hard/libc_nano.a(lib_a-memset.o)
                0x0000000008003ad8                memset
 .text.printf   0x0000000008003ae8       0x30 /home/hao/Documents/gcc-arm-none-eabi/bin/../lib/gcc/arm-none-eabi/10.2.1/../../../../arm-none-eabi/lib/thumb/v7e-m+fp/hard/libc_nano.a(lib_a-printf.o)
                0x0000000008003ae8                printf
                0x0000000008003ae8                iprintf
 .text._puts_r  0x0000000008003b18       0xdc /home/hao/Documents/gcc-arm-none-eabi/bin/../lib/gcc/arm-none-eabi/10.2.1/../../../../arm-none-eabi/lib/thumb/v7e-m+fp/hard/libc_nano.a(lib_a-puts.o)
                0x0000000008003b18                _puts_r
 .text.puts     0x0000000008003bf4       0x10 /home/hao/Documents/gcc-arm-none-eabi/bin/../lib/gcc/arm-none-eabi/10.2.1/../../../../arm-none-eabi/lib/thumb/v7e-m+fp/hard/libc_nano.a(lib_a-puts.o)
                0x0000000008003bf4                puts
 .text.sprintf  0x0000000008003c04       0x40 /home/hao/Documents/gcc-arm-none-eabi/bin/../lib/gcc/arm-none-eabi/10.2.1/../../../../arm-none-eabi/lib/thumb/v7e-m+fp/hard/libc_nano.a(lib_a-sprintf.o)
                0x0000000008003c04                sprintf
                0x0000000008003c04                siprintf
 .text.sscanf   0x0000000008003c44       0x58 /home/hao/Documents/gcc-arm-none-eabi/bin/../lib/gcc/arm-none-eabi/10.2.1/../../../../arm-none-eabi/lib/thumb/v7e-m+fp/hard/libc_nano.a(lib_a-sscanf.o)
                0x0000000008003c44                sscanf
                0x0000000008003c44                siscanf
 .text.__sread  0x0000000008003c9c       0x22 /home/hao/Documents/gcc-arm-none-eabi/bin/../lib/gcc/arm-none-eabi/10.2.1/../../../../arm-none-eabi/lib/thumb/v7e-m+fp/hard/libc_nano.a(lib_a-stdio.o)
                0x0000000008003c9c                __sread
 .text.__seofread
                0x0000000008003cbe        0x4 /home/hao/Documents/gcc-arm-none-eabi/bin/../lib/gcc/arm-none-eabi/10.2.1/../../../../arm-none-eabi/lib/thumb/v7e-m+fp/hard/libc_nano.a(lib_a-stdio.o)
                0x0000000008003cbe                __seofread
 .text.__swrite
                0x0000000008003cc2       0x38 /home/hao/Documents/gcc-arm-none-eabi/bin/../lib/gcc/arm-none-eabi/10.2.1/../../../../arm-none-eabi/lib/thumb/v7e-m+fp/hard/libc_nano.a(lib_a-stdio.o)
                0x0000000008003cc2                __swrite
 .text.__sseek  0x0000000008003cfa       0x24 /home/hao/Documents/gcc-arm-none-eabi/bin/../lib/gcc/arm-none-eabi/10.2.1/../../../../arm-none-eabi/lib/thumb/v7e-m+fp/hard/libc_nano.a(lib_a-stdio.o)
                0x0000000008003cfa                __sseek
 .text.__sclose
                0x0000000008003d1e        0x8 /home/hao/Documents/gcc-arm-none-eabi/bin/../lib/gcc/arm-none-eabi/10.2.1/../../../../arm-none-eabi/lib/thumb/v7e-m+fp/hard/libc_nano.a(lib_a-stdio.o)
                0x0000000008003d1e                __sclose
 .text.strstr   0x0000000008003d26       0x2c /home/hao/Documents/gcc-arm-none-eabi/bin/../lib/gcc/arm-none-eabi/10.2.1/../../../../arm-none-eabi/lib/thumb/v7e-m+fp/hard/libc_nano.a(lib_a-strstr.o)
                0x0000000008003d26                strstr
 *fill*         0x0000000008003d52        0x2 
 .text.__swbuf_r
                0x0000000008003d54       0xa4 /home/hao/Documents/gcc-arm-none-eabi/bin/../lib/gcc/arm-none-eabi/10.2.1/../../../../arm-none-eabi/lib/thumb/v7e-m+fp/hard/libc_nano.a(lib_a-wbuf.o)
                0x0000000008003d54                __swbuf_r
 .text._write_r
                0x0000000008003df8       0x24 /home/hao/Documents/gcc-arm-none-eabi/bin/../lib/gcc/arm-none-eabi/10.2.1/../../../../arm-none-eabi/lib/thumb/v7e-m+fp/hard/libc_nano.a(lib_a-writer.o)
                0x0000000008003df8                _write_r
 .text.__swsetup_r
                0x0000000008003e1c       0xdc /home/hao/Documents/gcc-arm-none-eabi/bin/../lib/gcc/arm-none-eabi/10.2.1/../../../../arm-none-eabi/lib/thumb/v7e-m+fp/hard/libc_nano.a(lib_a-wsetup.o)
                0x0000000008003e1c                __swsetup_r
 .text._close_r
                0x0000000008003ef8       0x20 /home/hao/Documents/gcc-arm-none-eabi/bin/../lib/gcc/arm-none-eabi/10.2.1/../../../../arm-none-eabi/lib/thumb/v7e-m+fp/hard/libc_nano.a(lib_a-closer.o)
                0x0000000008003ef8                _close_r
 .text.__sflush_r
                0x0000000008003f18      0x10c /home/hao/Documents/gcc-arm-none-eabi/bin/../lib/gcc/arm-none-eabi/10.2.1/../../../../arm-none-eabi/lib/thumb/v7e-m+fp/hard/libc_nano.a(lib_a-fflush.o)
                0x0000000008003f18                __sflush_r
 .text._fflush_r
                0x0000000008004024       0x78 /home/hao/Documents/gcc-arm-none-eabi/bin/../lib/gcc/arm-none-eabi/10.2.1/../../../../arm-none-eabi/lib/thumb/v7e-m+fp/hard/libc_nano.a(lib_a-fflush.o)
                0x0000000008004024                _fflush_r
 .text.std      0x000000000800409c       0x48 /home/hao/Documents/gcc-arm-none-eabi/bin/../lib/gcc/arm-none-eabi/10.2.1/../../../../arm-none-eabi/lib/thumb/v7e-m+fp/hard/libc_nano.a(lib_a-findfp.o)
 .text._cleanup_r
                0x00000000080040e4        0xc /home/hao/Documents/gcc-arm-none-eabi/bin/../lib/gcc/arm-none-eabi/10.2.1/../../../../arm-none-eabi/lib/thumb/v7e-m+fp/hard/libc_nano.a(lib_a-findfp.o)
                0x00000000080040e4                _cleanup_r
 .text.__sfmoreglue
                0x00000000080040f0       0x2c /home/hao/Documents/gcc-arm-none-eabi/bin/../lib/gcc/arm-none-eabi/10.2.1/../../../../arm-none-eabi/lib/thumb/v7e-m+fp/hard/libc_nano.a(lib_a-findfp.o)
                0x00000000080040f0                __sfmoreglue
 .text.__sfp_lock_acquire
                0x000000000800411c        0xc /home/hao/Documents/gcc-arm-none-eabi/bin/../lib/gcc/arm-none-eabi/10.2.1/../../../../arm-none-eabi/lib/thumb/v7e-m+fp/hard/libc_nano.a(lib_a-findfp.o)
                0x000000000800411c                __sfp_lock_acquire
 .text.__sfp_lock_release
                0x0000000008004128        0xc /home/hao/Documents/gcc-arm-none-eabi/bin/../lib/gcc/arm-none-eabi/10.2.1/../../../../arm-none-eabi/lib/thumb/v7e-m+fp/hard/libc_nano.a(lib_a-findfp.o)
                0x0000000008004128                __sfp_lock_release
 .text.__sinit_lock_acquire
                0x0000000008004134        0xc /home/hao/Documents/gcc-arm-none-eabi/bin/../lib/gcc/arm-none-eabi/10.2.1/../../../../arm-none-eabi/lib/thumb/v7e-m+fp/hard/libc_nano.a(lib_a-findfp.o)
                0x0000000008004134                __sinit_lock_acquire
 .text.__sinit_lock_release
                0x0000000008004140        0xc /home/hao/Documents/gcc-arm-none-eabi/bin/../lib/gcc/arm-none-eabi/10.2.1/../../../../arm-none-eabi/lib/thumb/v7e-m+fp/hard/libc_nano.a(lib_a-findfp.o)
                0x0000000008004140                __sinit_lock_release
 .text.__sinit  0x000000000800414c       0x70 /home/hao/Documents/gcc-arm-none-eabi/bin/../lib/gcc/arm-none-eabi/10.2.1/../../../../arm-none-eabi/lib/thumb/v7e-m+fp/hard/libc_nano.a(lib_a-findfp.o)
                0x000000000800414c                __sinit
 .text.__sfp    0x00000000080041bc       0x8c /home/hao/Documents/gcc-arm-none-eabi/bin/../lib/gcc/arm-none-eabi/10.2.1/../../../../arm-none-eabi/lib/thumb/v7e-m+fp/hard/libc_nano.a(lib_a-findfp.o)
                0x00000000080041bc                __sfp
 .text._fwalk_reent
                0x0000000008004248       0x3e /home/hao/Documents/gcc-arm-none-eabi/bin/../lib/gcc/arm-none-eabi/10.2.1/../../../../arm-none-eabi/lib/thumb/v7e-m+fp/hard/libc_nano.a(lib_a-fwalk.o)
                0x0000000008004248                _fwalk_reent
 .text.__retarget_lock_init_recursive
                0x0000000008004286        0x2 /home/hao/Documents/gcc-arm-none-eabi/bin/../lib/gcc/arm-none-eabi/10.2.1/../../../../arm-none-eabi/lib/thumb/v7e-m+fp/hard/libc_nano.a(lib_a-lock.o)
                0x0000000008004286                __retarget_lock_init_recursive
 .text.__retarget_lock_acquire_recursive
                0x0000000008004288        0x2 /home/hao/Documents/gcc-arm-none-eabi/bin/../lib/gcc/arm-none-eabi/10.2.1/../../../../arm-none-eabi/lib/thumb/v7e-m+fp/hard/libc_nano.a(lib_a-lock.o)
                0x0000000008004288                __retarget_lock_acquire_recursive
 .text.__retarget_lock_release_recursive
                0x000000000800428a        0x2 /home/hao/Documents/gcc-arm-none-eabi/bin/../lib/gcc/arm-none-eabi/10.2.1/../../../../arm-none-eabi/lib/thumb/v7e-m+fp/hard/libc_nano.a(lib_a-lock.o)
                0x000000000800428a                __retarget_lock_release_recursive
 .text._lseek_r
                0x000000000800428c       0x24 /home/hao/Documents/gcc-arm-none-eabi/bin/../lib/gcc/arm-none-eabi/10.2.1/../../../../arm-none-eabi/lib/thumb/v7e-m+fp/hard/libc_nano.a(lib_a-lseekr.o)
                0x000000000800428c                _lseek_r
 .text.__swhatbuf_r
                0x00000000080042b0       0x4a /home/hao/Documents/gcc-arm-none-eabi/bin/../lib/gcc/arm-none-eabi/10.2.1/../../../../arm-none-eabi/lib/thumb/v7e-m+fp/hard/libc_nano.a(lib_a-makebuf.o)
                0x00000000080042b0                __swhatbuf_r
 *fill*         0x00000000080042fa        0x2 
 .text.__smakebuf_r
                0x00000000080042fc       0x80 /home/hao/Documents/gcc-arm-none-eabi/bin/../lib/gcc/arm-none-eabi/10.2.1/../../../../arm-none-eabi/lib/thumb/v7e-m+fp/hard/libc_nano.a(lib_a-makebuf.o)
                0x00000000080042fc                __smakebuf_r
 .text._free_r  0x000000000800437c       0x98 /home/hao/Documents/gcc-arm-none-eabi/bin/../lib/gcc/arm-none-eabi/10.2.1/../../../../arm-none-eabi/lib/thumb/v7e-m+fp/hard/libc_nano.a(lib_a-nano-freer.o)
                0x000000000800437c                _free_r
 .text._malloc_r
                0x0000000008004414       0xb4 /home/hao/Documents/gcc-arm-none-eabi/bin/../lib/gcc/arm-none-eabi/10.2.1/../../../../arm-none-eabi/lib/thumb/v7e-m+fp/hard/libc_nano.a(lib_a-nano-mallocr.o)
                0x0000000008004414                _malloc_r
 .text.__ssputs_r
                0x00000000080044c8       0xb6 /home/hao/Documents/gcc-arm-none-eabi/bin/../lib/gcc/arm-none-eabi/10.2.1/../../../../arm-none-eabi/lib/thumb/v7e-m+fp/hard/libc_nano.a(lib_a-nano-svfprintf.o)
                0x00000000080044c8                __ssputs_r
 *fill*         0x000000000800457e        0x2 
 .text._svfprintf_r
                0x0000000008004580      0x200 /home/hao/Documents/gcc-arm-none-eabi/bin/../lib/gcc/arm-none-eabi/10.2.1/../../../../arm-none-eabi/lib/thumb/v7e-m+fp/hard/libc_nano.a(lib_a-nano-svfprintf.o)
                0x0000000008004580                _svfprintf_r
                0x0000000008004580                _svfiprintf_r
 .text._sungetc_r
                0x0000000008004780       0x7a /home/hao/Documents/gcc-arm-none-eabi/bin/../lib/gcc/arm-none-eabi/10.2.1/../../../../arm-none-eabi/lib/thumb/v7e-m+fp/hard/libc_nano.a(lib_a-nano-svfscanf.o)
                0x0000000008004780                _sungetc_r
 .text.__ssrefill_r
                0x00000000080047fa       0x3a /home/hao/Documents/gcc-arm-none-eabi/bin/../lib/gcc/arm-none-eabi/10.2.1/../../../../arm-none-eabi/lib/thumb/v7e-m+fp/hard/libc_nano.a(lib_a-nano-svfscanf.o)
                0x00000000080047fa                __ssrefill_r
 .text.__ssvfscanf_r
                0x0000000008004834      0x2f0 /home/hao/Documents/gcc-arm-none-eabi/bin/../lib/gcc/arm-none-eabi/10.2.1/../../../../arm-none-eabi/lib/thumb/v7e-m+fp/hard/libc_nano.a(lib_a-nano-svfscanf.o)
                0x0000000008004834                __ssvfscanf_r
                0x0000000008004834                __ssvfiscanf_r
 .text.__sfputc_r
                0x0000000008004b24       0x2e /home/hao/Documents/gcc-arm-none-eabi/bin/../lib/gcc/arm-none-eabi/10.2.1/../../../../arm-none-eabi/lib/thumb/v7e-m+fp/hard/libc_nano.a(lib_a-nano-vfprintf.o)
 .text.__sfputs_r
                0x0000000008004b52       0x24 /home/hao/Documents/gcc-arm-none-eabi/bin/../lib/gcc/arm-none-eabi/10.2.1/../../../../arm-none-eabi/lib/thumb/v7e-m+fp/hard/libc_nano.a(lib_a-nano-vfprintf.o)
                0x0000000008004b52                __sfputs_r
 *fill*         0x0000000008004b76        0x2 
 .text._vfprintf_r
                0x0000000008004b78      0x260 /home/hao/Documents/gcc-arm-none-eabi/bin/../lib/gcc/arm-none-eabi/10.2.1/../../../../arm-none-eabi/lib/thumb/v7e-m+fp/hard/libc_nano.a(lib_a-nano-vfprintf.o)
                0x0000000008004b78                _vfiprintf_r
                0x0000000008004b78                _vfprintf_r
 .text._printf_common
                0x0000000008004dd8       0xda /home/hao/Documents/gcc-arm-none-eabi/bin/../lib/gcc/arm-none-eabi/10.2.1/../../../../arm-none-eabi/lib/thumb/v7e-m+fp/hard/libc_nano.a(lib_a-nano-vfprintf_i.o)
                0x0000000008004dd8                _printf_common
 *fill*         0x0000000008004eb2        0x2 
 .text._printf_i
                0x0000000008004eb4      0x24c /home/hao/Documents/gcc-arm-none-eabi/bin/../lib/gcc/arm-none-eabi/10.2.1/../../../../arm-none-eabi/lib/thumb/v7e-m+fp/hard/libc_nano.a(lib_a-nano-vfprintf_i.o)
                0x0000000008004eb4                _printf_i
 .text._scanf_chars
                0x0000000008005100       0xb4 /home/hao/Documents/gcc-arm-none-eabi/bin/../lib/gcc/arm-none-eabi/10.2.1/../../../../arm-none-eabi/lib/thumb/v7e-m+fp/hard/libc_nano.a(lib_a-nano-vfscanf_i.o)
                0x0000000008005100                _scanf_chars
 .text._scanf_i
                0x00000000080051b4      0x1e8 /home/hao/Documents/gcc-arm-none-eabi/bin/../lib/gcc/arm-none-eabi/10.2.1/../../../../arm-none-eabi/lib/thumb/v7e-m+fp/hard/libc_nano.a(lib_a-nano-vfscanf_i.o)
                0x00000000080051b4                _scanf_i
 .text._read_r  0x000000000800539c       0x24 /home/hao/Documents/gcc-arm-none-eabi/bin/../lib/gcc/arm-none-eabi/10.2.1/../../../../arm-none-eabi/lib/thumb/v7e-m+fp/hard/libc_nano.a(lib_a-readr.o)
                0x000000000800539c                _read_r
 .text._sbrk_r  0x00000000080053c0       0x20 /home/hao/Documents/gcc-arm-none-eabi/bin/../lib/gcc/arm-none-eabi/10.2.1/../../../../arm-none-eabi/lib/thumb/v7e-m+fp/hard/libc_nano.a(lib_a-sbrkr.o)
                0x00000000080053c0                _sbrk_r
 .text.__sccl   0x00000000080053e0       0x70 /home/hao/Documents/gcc-arm-none-eabi/bin/../lib/gcc/arm-none-eabi/10.2.1/../../../../arm-none-eabi/lib/thumb/v7e-m+fp/hard/libc_nano.a(lib_a-sccl.o)
                0x00000000080053e0                __sccl
 .text._strtol_l.constprop.0
                0x0000000008005450      0x104 /home/hao/Documents/gcc-arm-none-eabi/bin/../lib/gcc/arm-none-eabi/10.2.1/../../../../arm-none-eabi/lib/thumb/v7e-m+fp/hard/libc_nano.a(lib_a-strtol.o)
 .text._strtol_r
                0x0000000008005554        0x4 /home/hao/Documents/gcc-arm-none-eabi/bin/../lib/gcc/arm-none-eabi/10.2.1/../../../../arm-none-eabi/lib/thumb/v7e-m+fp/hard/libc_nano.a(lib_a-strtol.o)
                0x0000000008005554                _strtol_r
 .text._strtoul_l.constprop.0
                0x0000000008005558       0xe4 /home/hao/Documents/gcc-arm-none-eabi/bin/../lib/gcc/arm-none-eabi/10.2.1/../../../../arm-none-eabi/lib/thumb/v7e-m+fp/hard/libc_nano.a(lib_a-strtoul.o)
 .text._strtoul_r
                0x000000000800563c        0x4 /home/hao/Documents/gcc-arm-none-eabi/bin/../lib/gcc/arm-none-eabi/10.2.1/../../../../arm-none-eabi/lib/thumb/v7e-m+fp/hard/libc_nano.a(lib_a-strtoul.o)
                0x000000000800563c                _strtoul_r
 .text.__submore
                0x0000000008005640       0x74 /home/hao/Documents/gcc-arm-none-eabi/bin/../lib/gcc/arm-none-eabi/10.2.1/../../../../arm-none-eabi/lib/thumb/v7e-m+fp/hard/libc_nano.a(lib_a-ungetc.o)
                0x0000000008005640                __submore
 .text.__errno  0x00000000080056b4        0xc /home/hao/Documents/gcc-arm-none-eabi/bin/../lib/gcc/arm-none-eabi/10.2.1/../../../../arm-none-eabi/lib/thumb/v7e-m+fp/hard/libc_nano.a(lib_a-errno.o)
                0x00000000080056b4                __errno
 .text._fstat_r
                0x00000000080056c0       0x24 /home/hao/Documents/gcc-arm-none-eabi/bin/../lib/gcc/arm-none-eabi/10.2.1/../../../../arm-none-eabi/lib/thumb/v7e-m+fp/hard/libc_nano.a(lib_a-fstatr.o)
                0x00000000080056c0                _fstat_r
 .text._isatty_r
                0x00000000080056e4       0x20 /home/hao/Documents/gcc-arm-none-eabi/bin/../lib/gcc/arm-none-eabi/10.2.1/../../../../arm-none-eabi/lib/thumb/v7e-m+fp/hard/libc_nano.a(lib_a-isattyr.o)
                0x00000000080056e4                _isatty_r
 .text.memcpy   0x0000000008005704       0x1c /home/hao/Documents/gcc-arm-none-eabi/bin/../lib/gcc/arm-none-eabi/10.2.1/../../../../arm-none-eabi/lib/thumb/v7e-m+fp/hard/libc_nano.a(lib_a-memcpy-stub.o)
                0x0000000008005704                memcpy
 .text.memmove  0x0000000008005720       0x34 /home/hao/Documents/gcc-arm-none-eabi/bin/../lib/gcc/arm-none-eabi/10.2.1/../../../../arm-none-eabi/lib/thumb/v7e-m+fp/hard/libc_nano.a(lib_a-memmove.o)
                0x0000000008005720                memmove
 .text.__malloc_lock
                0x0000000008005754        0xc /home/hao/Documents/gcc-arm-none-eabi/bin/../lib/gcc/arm-none-eabi/10.2.1/../../../../arm-none-eabi/lib/thumb/v7e-m+fp/hard/libc_nano.a(lib_a-mlock.o)
                0x0000000008005754                __malloc_lock
 .text.__malloc_unlock
                0x0000000008005760        0xc /home/hao/Documents/gcc-arm-none-eabi/bin/../lib/gcc/arm-none-eabi/10.2.1/../../../../arm-none-eabi/lib/thumb/v7e-m+fp/hard/libc_nano.a(lib_a-mlock.o)
                0x0000000008005760                __malloc_unlock
 .text._realloc_r
                0x000000000800576c       0x4c /home/hao/Documents/gcc-arm-none-eabi/bin/../lib/gcc/arm-none-eabi/10.2.1/../../../../arm-none-eabi/lib/thumb/v7e-m+fp/hard/libc_nano.a(lib_a-nano-reallocr.o)
                0x000000000800576c                _realloc_r
 .text._malloc_usable_size_r
                0x00000000080057b8       0x10 /home/hao/Documents/gcc-arm-none-eabi/bin/../lib/gcc/arm-none-eabi/10.2.1/../../../../arm-none-eabi/lib/thumb/v7e-m+fp/hard/libc_nano.a(lib_a-nano-msizer.o)
                0x00000000080057b8                _malloc_usable_size_r
 .text._close   0x00000000080057c8       0x10 /home/hao/Documents/gcc-arm-none-eabi/bin/../lib/gcc/arm-none-eabi/10.2.1/../../../../arm-none-eabi/lib/thumb/v7e-m+fp/hard/libnosys.a(close.o)
                0x00000000080057c8                _close
 .text._fstat   0x00000000080057d8       0x10 /home/hao/Documents/gcc-arm-none-eabi/bin/../lib/gcc/arm-none-eabi/10.2.1/../../../../arm-none-eabi/lib/thumb/v7e-m+fp/hard/libnosys.a(fstat.o)
                0x00000000080057d8                _fstat
 .text._isatty  0x00000000080057e8       0x10 /home/hao/Documents/gcc-arm-none-eabi/bin/../lib/gcc/arm-none-eabi/10.2.1/../../../../arm-none-eabi/lib/thumb/v7e-m+fp/hard/libnosys.a(isatty.o)
                0x00000000080057e8                _isatty
 .text._lseek   0x00000000080057f8       0x10 /home/hao/Documents/gcc-arm-none-eabi/bin/../lib/gcc/arm-none-eabi/10.2.1/../../../../arm-none-eabi/lib/thumb/v7e-m+fp/hard/libnosys.a(lseek.o)
                0x00000000080057f8                _lseek
 .text._read    0x0000000008005808       0x10 /home/hao/Documents/gcc-arm-none-eabi/bin/../lib/gcc/arm-none-eabi/10.2.1/../../../../arm-none-eabi/lib/thumb/v7e-m+fp/hard/libnosys.a(read.o)
                0x0000000008005808                _read
 .text._sbrk    0x0000000008005818       0x1c /home/hao/Documents/gcc-arm-none-eabi/bin/../lib/gcc/arm-none-eabi/10.2.1/../../../../arm-none-eabi/lib/thumb/v7e-m+fp/hard/libnosys.a(sbrk.o)
                0x0000000008005818                _sbrk
 *(.glue_7)
 .glue_7        0x0000000008005834        0x0 linker stubs
 *(.glue_7t)
 .glue_7t       0x0000000008005834        0x0 linker stubs
 *(.eh_frame)
 .eh_frame      0x0000000008005834        0x0 /home/hao/Documents/gcc-arm-none-eabi/bin/../lib/gcc/arm-none-eabi/10.2.1/thumb/v7e-m+fp/hard/crtbegin.o
 *(.init)
 .init          0x0000000008005834        0x4 /home/hao/Documents/gcc-arm-none-eabi/bin/../lib/gcc/arm-none-eabi/10.2.1/thumb/v7e-m+fp/hard/crti.o
                0x0000000008005834                _init
 .init          0x0000000008005838        0x8 /home/hao/Documents/gcc-arm-none-eabi/bin/../lib/gcc/arm-none-eabi/10.2.1/thumb/v7e-m+fp/hard/crtn.o
 *(.fini)
 .fini          0x0000000008005840        0x4 /home/hao/Documents/gcc-arm-none-eabi/bin/../lib/gcc/arm-none-eabi/10.2.1/thumb/v7e-m+fp/hard/crti.o
                0x0000000008005840                _fini
 .fini          0x0000000008005844        0x8 /home/hao/Documents/gcc-arm-none-eabi/bin/../lib/gcc/arm-none-eabi/10.2.1/thumb/v7e-m+fp/hard/crtn.o
                0x000000000800584c                . = ALIGN (0x4)
                0x000000000800584c                _etext = .

.vfp11_veneer   0x000000000800584c        0x0
 .vfp11_veneer  0x000000000800584c        0x0 linker stubs

.v4_bx          0x000000000800584c        0x0
 .v4_bx         0x000000000800584c        0x0 linker stubs

.iplt           0x000000000800584c        0x0
 .iplt          0x000000000800584c        0x0 /home/hao/Documents/gcc-arm-none-eabi/bin/../lib/gcc/arm-none-eabi/10.2.1/thumb/v7e-m+fp/hard/crtbegin.o

.rodata         0x000000000800584c     0x42fc
                0x000000000800584c                . = ALIGN (0x4)
 *(.rodata)
 .rodata        0x000000000800584c        0xc /home/hao/Documents/gcc-arm-none-eabi/bin/../lib/gcc/arm-none-eabi/10.2.1/../../../../arm-none-eabi/lib/thumb/v7e-m+fp/hard/libc_nano.a(lib_a-nano-vfscanf_i.o)
 *(.rodata*)
 .rodata.ascii_1206
                0x0000000008005858      0x474 build/SEEKFREE_FONT.o
                0x0000000008005858                ascii_1206
 .rodata.ascii_1608
                0x0000000008005ccc      0x5f0 build/SEEKFREE_FONT.o
                0x0000000008005ccc                ascii_1608
 .rodata.ascii_2412
                0x00000000080062bc     0x11d0 build/SEEKFREE_FONT.o
                0x00000000080062bc                ascii_2412
 .rodata.ascii_3216
                0x000000000800748c     0x17c0 build/SEEKFREE_FONT.o
                0x000000000800748c                ascii_3216
 .rodata.chinese_test
                0x0000000008008c4c      0x280 build/SEEKFREE_FONT.o
                0x0000000008008c4c                chinese_test
 .rodata.tft_ascii
                0x0000000008008ecc      0x5f0 build/SEEKFREE_FONT.o
                0x0000000008008ecc                tft_ascii
 .rodata.esp8266_link_seniverse.str1.4
                0x00000000080094bc       0x59 build/bsp_esp8266_test.o
 *fill*         0x0000000008009515        0x3 
 .rodata.esp8266_link_time.str1.4
                0x0000000008009518        0xd build/bsp_esp8266_test.o
 *fill*         0x0000000008009525        0x3 
 .rodata.updata_time.str1.4
                0x0000000008009528       0x10 build/bsp_esp8266_test.o
 .rodata.LCD_display_weather.str1.4
                0x0000000008009538       0x48 build/bsp_esp8266_test.o
 .rodata.analytical_data.str1.4
                0x0000000008009580       0x5c build/bsp_esp8266_test.o
 .rodata.analytical_time.str1.4
                0x00000000080095dc       0x1d build/bsp_esp8266_test.o
 *fill*         0x00000000080095f9        0x3 
 .rodata.lcd_dispaly_rtc.str1.4
                0x00000000080095fc        0xc build/bsp_esp8266_test.o
 .rodata.connect_to_wifi.str1.4
                0x0000000008009608       0x4c build/bsp_esp8266_test.o
                                         0x4f (size before relaxing)
 .rodata.select_wifi.str1.4
                0x0000000008009654       0x29 build/bsp_esp8266_test.o
 *fill*         0x000000000800967d        0x3 
 .rodata.ESP8266_StaTcpClient_Unvarnish_ConfigTest.str1.4
                0x0000000008009680       0xc9 build/bsp_esp8266_test.o
 *fill*         0x0000000008009749        0x3 
 .rodata.ESP8266_Cmd.str1.4
                0x000000000800974c        0x5 build/esp8266.o
                                          0xb (size before relaxing)
 *fill*         0x0000000008009751        0x3 
 .rodata.ESP8266_AT_Test.str1.4
                0x0000000008009754       0x63 build/esp8266.o
                                         0x67 (size before relaxing)
 *fill*         0x00000000080097b7        0x1 
 .rodata.ESP8266_Net_Mode_Choose.str1.4
                0x00000000080097b8       0x30 build/esp8266.o
 .rodata.ESP8266_JoinAP.str1.4
                0x00000000080097e8       0x13 build/esp8266.o
 *fill*         0x00000000080097fb        0x1 
 .rodata.ESP8266_ParseAps_Num.str1.4
                0x00000000080097fc        0x9 build/esp8266.o
                                         0x12 (size before relaxing)
 *fill*         0x0000000008009805        0x3 
 .rodata.ESP8266_ListAPs.str1.4
                0x0000000008009808        0x9 build/esp8266.o
 *fill*         0x0000000008009811        0x3 
 .rodata.ESP8266_Enable_MultipleId.str1.4
                0x0000000008009814        0xd build/esp8266.o
 *fill*         0x0000000008009821        0x3 
 .rodata.ESP8266_Link_Server.str1.4
                0x0000000008009824       0x4b build/esp8266.o
 *fill*         0x000000000800986f        0x1 
 .rodata.ESP8266_UnvarnishSend.str1.4
                0x0000000008009870       0x1f build/esp8266.o
 *fill*         0x000000000800988f        0x1 
 .rodata.ESP8266_ExitUnvarnishSend.str1.4
                0x0000000008009890        0x4 build/esp8266.o
 .rodata.main.str1.4
                0x0000000008009894       0xdb build/main.o
 *fill*         0x000000000800996f        0x1 
 .rodata.USART2_IRQHandler.str1.4
                0x0000000008009970        0x9 build/stm32f4xx_it.o
 *fill*         0x0000000008009979        0x3 
 .rodata.AHBPrescTable
                0x000000000800997c       0x10 build/system_stm32f4xx.o
                0x000000000800997c                AHBPrescTable
 .rodata.APBPrescTable
                0x000000000800998c        0x8 build/system_stm32f4xx.o
                0x000000000800998c                APBPrescTable
 .rodata._global_impure_ptr
                0x0000000008009994        0x4 /home/hao/Documents/gcc-arm-none-eabi/bin/../lib/gcc/arm-none-eabi/10.2.1/../../../../arm-none-eabi/lib/thumb/v7e-m+fp/hard/libc_nano.a(lib_a-impure.o)
                0x0000000008009994                _global_impure_ptr
 .rodata.__sf_fake_stderr
                0x0000000008009998       0x20 /home/hao/Documents/gcc-arm-none-eabi/bin/../lib/gcc/arm-none-eabi/10.2.1/../../../../arm-none-eabi/lib/thumb/v7e-m+fp/hard/libc_nano.a(lib_a-findfp.o)
                0x0000000008009998                __sf_fake_stderr
 .rodata.__sf_fake_stdin
                0x00000000080099b8       0x20 /home/hao/Documents/gcc-arm-none-eabi/bin/../lib/gcc/arm-none-eabi/10.2.1/../../../../arm-none-eabi/lib/thumb/v7e-m+fp/hard/libc_nano.a(lib_a-findfp.o)
                0x00000000080099b8                __sf_fake_stdin
 .rodata.__sf_fake_stdout
                0x00000000080099d8       0x20 /home/hao/Documents/gcc-arm-none-eabi/bin/../lib/gcc/arm-none-eabi/10.2.1/../../../../arm-none-eabi/lib/thumb/v7e-m+fp/hard/libc_nano.a(lib_a-findfp.o)
                0x00000000080099d8                __sf_fake_stdout
 .rodata._svfprintf_r.str1.1
                0x00000000080099f8       0x11 /home/hao/Documents/gcc-arm-none-eabi/bin/../lib/gcc/arm-none-eabi/10.2.1/../../../../arm-none-eabi/lib/thumb/v7e-m+fp/hard/libc_nano.a(lib_a-nano-svfprintf.o)
 .rodata.__ssvfscanf_r.str1.1
                0x0000000008009a09        0x4 /home/hao/Documents/gcc-arm-none-eabi/bin/../lib/gcc/arm-none-eabi/10.2.1/../../../../arm-none-eabi/lib/thumb/v7e-m+fp/hard/libc_nano.a(lib_a-nano-svfscanf.o)
 .rodata._vfprintf_r.str1.1
                0x0000000008009a09       0x11 /home/hao/Documents/gcc-arm-none-eabi/bin/../lib/gcc/arm-none-eabi/10.2.1/../../../../arm-none-eabi/lib/thumb/v7e-m+fp/hard/libc_nano.a(lib_a-nano-vfprintf.o)
 .rodata._printf_i.str1.1
                0x0000000008009a09       0x22 /home/hao/Documents/gcc-arm-none-eabi/bin/../lib/gcc/arm-none-eabi/10.2.1/../../../../arm-none-eabi/lib/thumb/v7e-m+fp/hard/libc_nano.a(lib_a-nano-vfprintf_i.o)
 .rodata.str1.1
                0x0000000008009a2b        0x9 /home/hao/Documents/gcc-arm-none-eabi/bin/../lib/gcc/arm-none-eabi/10.2.1/../../../../arm-none-eabi/lib/thumb/v7e-m+fp/hard/libc_nano.a(lib_a-nano-vfscanf_i.o)
 .rodata._scanf_i.str1.1
                0x0000000008009a34       0x12 /home/hao/Documents/gcc-arm-none-eabi/bin/../lib/gcc/arm-none-eabi/10.2.1/../../../../arm-none-eabi/lib/thumb/v7e-m+fp/hard/libc_nano.a(lib_a-nano-vfscanf_i.o)
 .rodata._ctype_
                0x0000000008009a46      0x101 /home/hao/Documents/gcc-arm-none-eabi/bin/../lib/gcc/arm-none-eabi/10.2.1/../../../../arm-none-eabi/lib/thumb/v7e-m+fp/hard/libc_nano.a(lib_a-ctype_.o)
                0x0000000008009a46                _ctype_
                0x0000000008009b48                . = ALIGN (0x4)
 *fill*         0x0000000008009b47        0x1 

.ARM.extab
 *(.ARM.extab* .gnu.linkonce.armextab.*)

.ARM            0x0000000008009b48        0x8
                0x0000000008009b48                __exidx_start = .
 *(.ARM.exidx*)
 .ARM.exidx     0x0000000008009b48        0x8 /home/hao/Documents/gcc-arm-none-eabi/bin/../lib/gcc/arm-none-eabi/10.2.1/thumb/v7e-m+fp/hard/libgcc.a(_udivmoddi4.o)
                0x0000000008009b50                __exidx_end = .

.rel.dyn        0x0000000008009b50        0x0
 .rel.iplt      0x0000000008009b50        0x0 /home/hao/Documents/gcc-arm-none-eabi/bin/../lib/gcc/arm-none-eabi/10.2.1/thumb/v7e-m+fp/hard/crtbegin.o

.preinit_array  0x0000000008009b50        0x0
                0x0000000008009b50                PROVIDE (__preinit_array_start = .)
 *(.preinit_array*)
                0x0000000008009b50                PROVIDE (__preinit_array_end = .)

.init_array     0x0000000008009b50        0x4
                0x0000000008009b50                PROVIDE (__init_array_start = .)
 *(SORT_BY_NAME(.init_array.*))
 *(.init_array*)
 .init_array    0x0000000008009b50        0x4 /home/hao/Documents/gcc-arm-none-eabi/bin/../lib/gcc/arm-none-eabi/10.2.1/thumb/v7e-m+fp/hard/crtbegin.o
                0x0000000008009b54                PROVIDE (__init_array_end = .)

.fini_array     0x0000000008009b54        0x4
                [!provide]                        PROVIDE (__fini_array_start = .)
 *(SORT_BY_NAME(.fini_array.*))
 *(.fini_array*)
 .fini_array    0x0000000008009b54        0x4 /home/hao/Documents/gcc-arm-none-eabi/bin/../lib/gcc/arm-none-eabi/10.2.1/thumb/v7e-m+fp/hard/crtbegin.o
                [!provide]                        PROVIDE (__fini_array_end = .)
                0x0000000008009b58                _sidata = LOADADDR (.data)

.data           0x0000000020000000       0x74 load address 0x0000000008009b58
                0x0000000020000000                . = ALIGN (0x4)
                0x0000000020000000                _sdata = .
 *(.data)
 *(.data*)
 .data.buffer   0x0000000020000000        0x2 build/common.o
                0x0000000020000000                buffer
 .data.key_up.0
                0x0000000020000002        0x1 build/key.o
 .data.IP_Status
                0x0000000020000003        0x1 build/bsp_esp8266_test.o
                0x0000000020000003                IP_Status
 .data.index.0  0x0000000020000004        0x1 build/bsp_esp8266_test.o
 .data.uwTickFreq
                0x0000000020000005        0x1 build/stm32f4xx_hal.o
                0x0000000020000005                uwTickFreq
 *fill*         0x0000000020000006        0x2 
 .data.uwTickPrio
                0x0000000020000008        0x4 build/stm32f4xx_hal.o
                0x0000000020000008                uwTickPrio
 .data.SystemCoreClock
                0x000000002000000c        0x4 build/system_stm32f4xx.o
                0x000000002000000c                SystemCoreClock
 .data._impure_ptr
                0x0000000020000010        0x4 /home/hao/Documents/gcc-arm-none-eabi/bin/../lib/gcc/arm-none-eabi/10.2.1/../../../../arm-none-eabi/lib/thumb/v7e-m+fp/hard/libc_nano.a(lib_a-impure.o)
                0x0000000020000010                _impure_ptr
 .data.impure_data
                0x0000000020000014       0x60 /home/hao/Documents/gcc-arm-none-eabi/bin/../lib/gcc/arm-none-eabi/10.2.1/../../../../arm-none-eabi/lib/thumb/v7e-m+fp/hard/libc_nano.a(lib_a-impure.o)
                0x0000000020000074                . = ALIGN (0x4)
                0x0000000020000074                _edata = .
                0x0000000008009bcc                _siccmram = LOADADDR (.ccmram)

.igot.plt       0x0000000020000074        0x0 load address 0x0000000008009bcc
 .igot.plt      0x0000000020000074        0x0 /home/hao/Documents/gcc-arm-none-eabi/bin/../lib/gcc/arm-none-eabi/10.2.1/thumb/v7e-m+fp/hard/crtbegin.o

.ccmram         0x0000000010000000        0x0 load address 0x0000000008009bcc
                0x0000000010000000                . = ALIGN (0x4)
                0x0000000010000000                _sccmram = .
 *(.ccmram)
 *(.ccmram*)
                0x0000000010000000                . = ALIGN (0x4)
                0x0000000010000000                _eccmram = .
                0x0000000010000000                . = ALIGN (0x4)

.bss            0x0000000020000074      0xa18
                0x0000000020000074                _sbss = .
                0x0000000020000074                __bss_start__ = _sbss
 *(.bss)
 .bss           0x0000000020000074       0x1c /home/hao/Documents/gcc-arm-none-eabi/bin/../lib/gcc/arm-none-eabi/10.2.1/thumb/v7e-m+fp/hard/crtbegin.o
 *(.bss*)
 .bss.WEATHER_InitStruct
                0x0000000020000090       0x46 build/bsp_esp8266_test.o
                0x0000000020000090                WEATHER_InitStruct
 *fill*         0x00000000200000d6        0x2 
 .bss.caliTime  0x00000000200000d8       0x14 build/bsp_esp8266_test.o
                0x00000000200000d8                caliTime
 .bss.getDate   0x00000000200000ec        0x4 build/bsp_esp8266_test.o
                0x00000000200000ec                getDate
 .bss.getTime   0x00000000200000f0       0x14 build/bsp_esp8266_test.o
                0x00000000200000f0                getTime
 .bss.ucTcpClosedFlag
                0x0000000020000104        0x1 build/bsp_esp8266_test.o
                0x0000000020000104                ucTcpClosedFlag
 .bss.updata_time_status
                0x0000000020000105        0x1 build/bsp_esp8266_test.o
                0x0000000020000105                updata_time_status
 .bss.updata_weather_status
                0x0000000020000106        0x1 build/bsp_esp8266_test.o
                0x0000000020000106                updata_weather_status
 *fill*         0x0000000020000107        0x1 
 .bss.aps_list  0x0000000020000108      0x140 build/esp8266.o
                0x0000000020000108                aps_list
 .bss.current_wifi_nums
                0x0000000020000248        0x1 build/esp8266.o
                0x0000000020000248                current_wifi_nums
 *fill*         0x0000000020000249        0x3 
 .bss.strEsp8266_Fram_Record
                0x000000002000024c      0x402 build/esp8266.o
                0x000000002000024c                strEsp8266_Fram_Record
 *fill*         0x000000002000064e        0x2 
 .bss.strUSART_Fram_Record
                0x0000000020000650      0x402 build/esp8266.o
                0x0000000020000650                strUSART_Fram_Record
 *fill*         0x0000000020000a52        0x2 
 .bss.uwTick    0x0000000020000a54        0x4 build/stm32f4xx_hal.o
                0x0000000020000a54                uwTick
 .bss.hrtc      0x0000000020000a58       0x20 build/rtc.o
                0x0000000020000a58                hrtc
 .bss.__lock___malloc_recursive_mutex
                0x0000000020000a78        0x1 /home/hao/Documents/gcc-arm-none-eabi/bin/../lib/gcc/arm-none-eabi/10.2.1/../../../../arm-none-eabi/lib/thumb/v7e-m+fp/hard/libc_nano.a(lib_a-lock.o)
                0x0000000020000a78                __lock___malloc_recursive_mutex
 .bss.__lock___sfp_recursive_mutex
                0x0000000020000a79        0x1 /home/hao/Documents/gcc-arm-none-eabi/bin/../lib/gcc/arm-none-eabi/10.2.1/../../../../arm-none-eabi/lib/thumb/v7e-m+fp/hard/libc_nano.a(lib_a-lock.o)
                0x0000000020000a79                __lock___sfp_recursive_mutex
 .bss.__lock___sinit_recursive_mutex
                0x0000000020000a7a        0x1 /home/hao/Documents/gcc-arm-none-eabi/bin/../lib/gcc/arm-none-eabi/10.2.1/../../../../arm-none-eabi/lib/thumb/v7e-m+fp/hard/libc_nano.a(lib_a-lock.o)
                0x0000000020000a7a                __lock___sinit_recursive_mutex
 *fill*         0x0000000020000a7b        0x1 
 .bss.__malloc_free_list
                0x0000000020000a7c        0x4 /home/hao/Documents/gcc-arm-none-eabi/bin/../lib/gcc/arm-none-eabi/10.2.1/../../../../arm-none-eabi/lib/thumb/v7e-m+fp/hard/libc_nano.a(lib_a-nano-mallocr.o)
                0x0000000020000a7c                __malloc_free_list
 .bss.__malloc_sbrk_start
                0x0000000020000a80        0x4 /home/hao/Documents/gcc-arm-none-eabi/bin/../lib/gcc/arm-none-eabi/10.2.1/../../../../arm-none-eabi/lib/thumb/v7e-m+fp/hard/libc_nano.a(lib_a-nano-mallocr.o)
                0x0000000020000a80                __malloc_sbrk_start
 .bss.errno     0x0000000020000a84        0x4 /home/hao/Documents/gcc-arm-none-eabi/bin/../lib/gcc/arm-none-eabi/10.2.1/../../../../arm-none-eabi/lib/thumb/v7e-m+fp/hard/libc_nano.a(lib_a-reent.o)
                0x0000000020000a84                errno
 .bss.heap_end.0
                0x0000000020000a88        0x4 /home/hao/Documents/gcc-arm-none-eabi/bin/../lib/gcc/arm-none-eabi/10.2.1/../../../../arm-none-eabi/lib/thumb/v7e-m+fp/hard/libnosys.a(sbrk.o)
 *(COMMON)
                0x0000000020000a8c                . = ALIGN (0x4)
                0x0000000020000a8c                _ebss = .
                0x0000000020000a8c                __bss_end__ = _ebss

._user_heap_stack
                0x0000000020000a8c      0x604
                0x0000000020000a90                . = ALIGN (0x8)
 *fill*         0x0000000020000a8c        0x4 
                0x0000000020000a90                PROVIDE (end = .)
                [!provide]                        PROVIDE (_end = .)
                0x0000000020000c90                . = (. + _Min_Heap_Size)
 *fill*         0x0000000020000a90      0x200 
                0x0000000020001090                . = (. + _Min_Stack_Size)
 *fill*         0x0000000020000c90      0x400 
                0x0000000020001090                . = ALIGN (0x8)

/DISCARD/
 libc.a(*)
 libm.a(*)
 libgcc.a(*)

.ARM.attributes
                0x0000000000000000       0x30
 *(.ARM.attributes)
 .ARM.attributes
                0x0000000000000000       0x1e /home/hao/Documents/gcc-arm-none-eabi/bin/../lib/gcc/arm-none-eabi/10.2.1/thumb/v7e-m+fp/hard/crti.o
 .ARM.attributes
                0x000000000000001e       0x34 /home/hao/Documents/gcc-arm-none-eabi/bin/../lib/gcc/arm-none-eabi/10.2.1/thumb/v7e-m+fp/hard/crtbegin.o
 .ARM.attributes
                0x0000000000000052       0x34 build/common.o
 .ARM.attributes
                0x0000000000000086       0x39 build/SEEKFREE_FONT.o
 .ARM.attributes
                0x00000000000000bf       0x34 build/SEEKFREE_18TFT.o
 .ARM.attributes
                0x00000000000000f3       0x34 build/key.o
 .ARM.attributes
                0x0000000000000127       0x34 build/bsp_esp8266_test.o
 .ARM.attributes
                0x000000000000015b       0x34 build/esp8266.o
 .ARM.attributes
                0x000000000000018f       0x34 build/main.o
 .ARM.attributes
                0x00000000000001c3       0x34 build/gpio.o
 .ARM.attributes
                0x00000000000001f7       0x34 build/usart.o
 .ARM.attributes
                0x000000000000022b       0x34 build/stm32f4xx_it.o
 .ARM.attributes
                0x000000000000025f       0x34 build/stm32f4xx_hal_msp.o
 .ARM.attributes
                0x0000000000000293       0x34 build/stm32f4xx_ll_usart.o
 .ARM.attributes
                0x00000000000002c7       0x34 build/stm32f4xx_ll_gpio.o
 .ARM.attributes
                0x00000000000002fb       0x34 build/stm32f4xx_hal_rcc.o
 .ARM.attributes
                0x000000000000032f       0x34 build/stm32f4xx_hal_rcc_ex.o
 .ARM.attributes
                0x0000000000000363       0x34 build/stm32f4xx_hal_gpio.o
 .ARM.attributes
                0x0000000000000397       0x34 build/stm32f4xx_hal_pwr_ex.o
 .ARM.attributes
                0x00000000000003cb       0x34 build/stm32f4xx_hal_cortex.o
 .ARM.attributes
                0x00000000000003ff       0x34 build/stm32f4xx_hal.o
 .ARM.attributes
                0x0000000000000433       0x34 build/stm32f4xx_ll_rcc.o
 .ARM.attributes
                0x0000000000000467       0x34 build/system_stm32f4xx.o
 .ARM.attributes
                0x000000000000049b       0x34 build/rtc.o
 .ARM.attributes
                0x00000000000004cf       0x34 build/stm32f4xx_hal_rtc.o
 .ARM.attributes
                0x0000000000000503       0x34 build/stm32f4xx_hal_rtc_ex.o
 .ARM.attributes
                0x0000000000000537       0x21 build/startup_stm32f429xx.o
 .ARM.attributes
                0x0000000000000558       0x32 /home/hao/Documents/gcc-arm-none-eabi/bin/../lib/gcc/arm-none-eabi/10.2.1/../../../../arm-none-eabi/lib/thumb/v7e-m+fp/hard/libc_nano.a(lib_a-impure.o)
 .ARM.attributes
                0x000000000000058a       0x34 /home/hao/Documents/gcc-arm-none-eabi/bin/../lib/gcc/arm-none-eabi/10.2.1/../../../../arm-none-eabi/lib/thumb/v7e-m+fp/hard/libc_nano.a(lib_a-init.o)
 .ARM.attributes
                0x00000000000005be       0x34 /home/hao/Documents/gcc-arm-none-eabi/bin/../lib/gcc/arm-none-eabi/10.2.1/../../../../arm-none-eabi/lib/thumb/v7e-m+fp/hard/libc_nano.a(lib_a-memset.o)
 .ARM.attributes
                0x00000000000005f2       0x34 /home/hao/Documents/gcc-arm-none-eabi/bin/../lib/gcc/arm-none-eabi/10.2.1/../../../../arm-none-eabi/lib/thumb/v7e-m+fp/hard/libc_nano.a(lib_a-printf.o)
 .ARM.attributes
                0x0000000000000626       0x34 /home/hao/Documents/gcc-arm-none-eabi/bin/../lib/gcc/arm-none-eabi/10.2.1/../../../../arm-none-eabi/lib/thumb/v7e-m+fp/hard/libc_nano.a(lib_a-puts.o)
 .ARM.attributes
                0x000000000000065a       0x34 /home/hao/Documents/gcc-arm-none-eabi/bin/../lib/gcc/arm-none-eabi/10.2.1/../../../../arm-none-eabi/lib/thumb/v7e-m+fp/hard/libc_nano.a(lib_a-sprintf.o)
 .ARM.attributes
                0x000000000000068e       0x34 /home/hao/Documents/gcc-arm-none-eabi/bin/../lib/gcc/arm-none-eabi/10.2.1/../../../../arm-none-eabi/lib/thumb/v7e-m+fp/hard/libc_nano.a(lib_a-sscanf.o)
 .ARM.attributes
                0x00000000000006c2       0x34 /home/hao/Documents/gcc-arm-none-eabi/bin/../lib/gcc/arm-none-eabi/10.2.1/../../../../arm-none-eabi/lib/thumb/v7e-m+fp/hard/libc_nano.a(lib_a-stdio.o)
 .ARM.attributes
                0x00000000000006f6       0x1c /home/hao/Documents/gcc-arm-none-eabi/bin/../lib/gcc/arm-none-eabi/10.2.1/../../../../arm-none-eabi/lib/thumb/v7e-m+fp/hard/libc_nano.a(lib_a-strcmp.o)
 .ARM.attributes
                0x0000000000000712       0x17 /home/hao/Documents/gcc-arm-none-eabi/bin/../lib/gcc/arm-none-eabi/10.2.1/../../../../arm-none-eabi/lib/thumb/v7e-m+fp/hard/libc_nano.a(lib_a-strlen.o)
 .ARM.attributes
                0x0000000000000729       0x34 /home/hao/Documents/gcc-arm-none-eabi/bin/../lib/gcc/arm-none-eabi/10.2.1/../../../../arm-none-eabi/lib/thumb/v7e-m+fp/hard/libc_nano.a(lib_a-strstr.o)
 .ARM.attributes
                0x000000000000075d       0x34 /home/hao/Documents/gcc-arm-none-eabi/bin/../lib/gcc/arm-none-eabi/10.2.1/../../../../arm-none-eabi/lib/thumb/v7e-m+fp/hard/libc_nano.a(lib_a-wbuf.o)
 .ARM.attributes
                0x0000000000000791       0x34 /home/hao/Documents/gcc-arm-none-eabi/bin/../lib/gcc/arm-none-eabi/10.2.1/../../../../arm-none-eabi/lib/thumb/v7e-m+fp/hard/libc_nano.a(lib_a-writer.o)
 .ARM.attributes
                0x00000000000007c5       0x34 /home/hao/Documents/gcc-arm-none-eabi/bin/../lib/gcc/arm-none-eabi/10.2.1/../../../../arm-none-eabi/lib/thumb/v7e-m+fp/hard/libc_nano.a(lib_a-wsetup.o)
 .ARM.attributes
                0x00000000000007f9       0x34 /home/hao/Documents/gcc-arm-none-eabi/bin/../lib/gcc/arm-none-eabi/10.2.1/../../../../arm-none-eabi/lib/thumb/v7e-m+fp/hard/libc_nano.a(lib_a-closer.o)
 .ARM.attributes
                0x000000000000082d       0x34 /home/hao/Documents/gcc-arm-none-eabi/bin/../lib/gcc/arm-none-eabi/10.2.1/../../../../arm-none-eabi/lib/thumb/v7e-m+fp/hard/libc_nano.a(lib_a-fflush.o)
 .ARM.attributes
                0x0000000000000861       0x34 /home/hao/Documents/gcc-arm-none-eabi/bin/../lib/gcc/arm-none-eabi/10.2.1/../../../../arm-none-eabi/lib/thumb/v7e-m+fp/hard/libc_nano.a(lib_a-findfp.o)
 .ARM.attributes
                0x0000000000000895       0x34 /home/hao/Documents/gcc-arm-none-eabi/bin/../lib/gcc/arm-none-eabi/10.2.1/../../../../arm-none-eabi/lib/thumb/v7e-m+fp/hard/libc_nano.a(lib_a-fwalk.o)
 .ARM.attributes
                0x00000000000008c9       0x34 /home/hao/Documents/gcc-arm-none-eabi/bin/../lib/gcc/arm-none-eabi/10.2.1/../../../../arm-none-eabi/lib/thumb/v7e-m+fp/hard/libc_nano.a(lib_a-lock.o)
 .ARM.attributes
                0x00000000000008fd       0x34 /home/hao/Documents/gcc-arm-none-eabi/bin/../lib/gcc/arm-none-eabi/10.2.1/../../../../arm-none-eabi/lib/thumb/v7e-m+fp/hard/libc_nano.a(lib_a-lseekr.o)
 .ARM.attributes
                0x0000000000000931       0x34 /home/hao/Documents/gcc-arm-none-eabi/bin/../lib/gcc/arm-none-eabi/10.2.1/../../../../arm-none-eabi/lib/thumb/v7e-m+fp/hard/libc_nano.a(lib_a-makebuf.o)
 .ARM.attributes
                0x0000000000000965       0x34 /home/hao/Documents/gcc-arm-none-eabi/bin/../lib/gcc/arm-none-eabi/10.2.1/../../../../arm-none-eabi/lib/thumb/v7e-m+fp/hard/libc_nano.a(lib_a-nano-freer.o)
 .ARM.attributes
                0x0000000000000999       0x34 /home/hao/Documents/gcc-arm-none-eabi/bin/../lib/gcc/arm-none-eabi/10.2.1/../../../../arm-none-eabi/lib/thumb/v7e-m+fp/hard/libc_nano.a(lib_a-nano-mallocr.o)
 .ARM.attributes
                0x00000000000009cd       0x34 /home/hao/Documents/gcc-arm-none-eabi/bin/../lib/gcc/arm-none-eabi/10.2.1/../../../../arm-none-eabi/lib/thumb/v7e-m+fp/hard/libc_nano.a(lib_a-nano-svfprintf.o)
 .ARM.attributes
                0x0000000000000a01       0x34 /home/hao/Documents/gcc-arm-none-eabi/bin/../lib/gcc/arm-none-eabi/10.2.1/../../../../arm-none-eabi/lib/thumb/v7e-m+fp/hard/libc_nano.a(lib_a-nano-svfscanf.o)
 .ARM.attributes
                0x0000000000000a35       0x34 /home/hao/Documents/gcc-arm-none-eabi/bin/../lib/gcc/arm-none-eabi/10.2.1/../../../../arm-none-eabi/lib/thumb/v7e-m+fp/hard/libc_nano.a(lib_a-nano-vfprintf.o)
 .ARM.attributes
                0x0000000000000a69       0x34 /home/hao/Documents/gcc-arm-none-eabi/bin/../lib/gcc/arm-none-eabi/10.2.1/../../../../arm-none-eabi/lib/thumb/v7e-m+fp/hard/libc_nano.a(lib_a-nano-vfprintf_i.o)
 .ARM.attributes
                0x0000000000000a9d       0x34 /home/hao/Documents/gcc-arm-none-eabi/bin/../lib/gcc/arm-none-eabi/10.2.1/../../../../arm-none-eabi/lib/thumb/v7e-m+fp/hard/libc_nano.a(lib_a-nano-vfscanf_i.o)
 .ARM.attributes
                0x0000000000000ad1       0x34 /home/hao/Documents/gcc-arm-none-eabi/bin/../lib/gcc/arm-none-eabi/10.2.1/../../../../arm-none-eabi/lib/thumb/v7e-m+fp/hard/libc_nano.a(lib_a-readr.o)
 .ARM.attributes
                0x0000000000000b05       0x34 /home/hao/Documents/gcc-arm-none-eabi/bin/../lib/gcc/arm-none-eabi/10.2.1/../../../../arm-none-eabi/lib/thumb/v7e-m+fp/hard/libc_nano.a(lib_a-reent.o)
 .ARM.attributes
                0x0000000000000b39       0x34 /home/hao/Documents/gcc-arm-none-eabi/bin/../lib/gcc/arm-none-eabi/10.2.1/../../../../arm-none-eabi/lib/thumb/v7e-m+fp/hard/libc_nano.a(lib_a-sbrkr.o)
 .ARM.attributes
                0x0000000000000b6d       0x34 /home/hao/Documents/gcc-arm-none-eabi/bin/../lib/gcc/arm-none-eabi/10.2.1/../../../../arm-none-eabi/lib/thumb/v7e-m+fp/hard/libc_nano.a(lib_a-sccl.o)
 .ARM.attributes
                0x0000000000000ba1       0x34 /home/hao/Documents/gcc-arm-none-eabi/bin/../lib/gcc/arm-none-eabi/10.2.1/../../../../arm-none-eabi/lib/thumb/v7e-m+fp/hard/libc_nano.a(lib_a-strtol.o)
 .ARM.attributes
                0x0000000000000bd5       0x34 /home/hao/Documents/gcc-arm-none-eabi/bin/../lib/gcc/arm-none-eabi/10.2.1/../../../../arm-none-eabi/lib/thumb/v7e-m+fp/hard/libc_nano.a(lib_a-strtoul.o)
 .ARM.attributes
                0x0000000000000c09       0x34 /home/hao/Documents/gcc-arm-none-eabi/bin/../lib/gcc/arm-none-eabi/10.2.1/../../../../arm-none-eabi/lib/thumb/v7e-m+fp/hard/libc_nano.a(lib_a-ungetc.o)
 .ARM.attributes
                0x0000000000000c3d       0x32 /home/hao/Documents/gcc-arm-none-eabi/bin/../lib/gcc/arm-none-eabi/10.2.1/../../../../arm-none-eabi/lib/thumb/v7e-m+fp/hard/libc_nano.a(lib_a-ctype_.o)
 .ARM.attributes
                0x0000000000000c6f       0x34 /home/hao/Documents/gcc-arm-none-eabi/bin/../lib/gcc/arm-none-eabi/10.2.1/../../../../arm-none-eabi/lib/thumb/v7e-m+fp/hard/libc_nano.a(lib_a-errno.o)
 .ARM.attributes
                0x0000000000000ca3       0x34 /home/hao/Documents/gcc-arm-none-eabi/bin/../lib/gcc/arm-none-eabi/10.2.1/../../../../arm-none-eabi/lib/thumb/v7e-m+fp/hard/libc_nano.a(lib_a-fstatr.o)
 .ARM.attributes
                0x0000000000000cd7       0x34 /home/hao/Documents/gcc-arm-none-eabi/bin/../lib/gcc/arm-none-eabi/10.2.1/../../../../arm-none-eabi/lib/thumb/v7e-m+fp/hard/libc_nano.a(lib_a-isattyr.o)
 .ARM.attributes
                0x0000000000000d0b       0x1c /home/hao/Documents/gcc-arm-none-eabi/bin/../lib/gcc/arm-none-eabi/10.2.1/../../../../arm-none-eabi/lib/thumb/v7e-m+fp/hard/libc_nano.a(lib_a-memchr.o)
 .ARM.attributes
                0x0000000000000d27       0x34 /home/hao/Documents/gcc-arm-none-eabi/bin/../lib/gcc/arm-none-eabi/10.2.1/../../../../arm-none-eabi/lib/thumb/v7e-m+fp/hard/libc_nano.a(lib_a-memcpy-stub.o)
 .ARM.attributes
                0x0000000000000d5b       0x34 /home/hao/Documents/gcc-arm-none-eabi/bin/../lib/gcc/arm-none-eabi/10.2.1/../../../../arm-none-eabi/lib/thumb/v7e-m+fp/hard/libc_nano.a(lib_a-memmove.o)
 .ARM.attributes
                0x0000000000000d8f       0x34 /home/hao/Documents/gcc-arm-none-eabi/bin/../lib/gcc/arm-none-eabi/10.2.1/../../../../arm-none-eabi/lib/thumb/v7e-m+fp/hard/libc_nano.a(lib_a-mlock.o)
 .ARM.attributes
                0x0000000000000dc3       0x34 /home/hao/Documents/gcc-arm-none-eabi/bin/../lib/gcc/arm-none-eabi/10.2.1/../../../../arm-none-eabi/lib/thumb/v7e-m+fp/hard/libc_nano.a(lib_a-nano-reallocr.o)
 .ARM.attributes
                0x0000000000000df7       0x34 /home/hao/Documents/gcc-arm-none-eabi/bin/../lib/gcc/arm-none-eabi/10.2.1/../../../../arm-none-eabi/lib/thumb/v7e-m+fp/hard/libc_nano.a(lib_a-nano-msizer.o)
 .ARM.attributes
                0x0000000000000e2b       0x34 /home/hao/Documents/gcc-arm-none-eabi/bin/../lib/gcc/arm-none-eabi/10.2.1/../../../../arm-none-eabi/lib/thumb/v7e-m+fp/hard/libnosys.a(close.o)
 .ARM.attributes
                0x0000000000000e5f       0x34 /home/hao/Documents/gcc-arm-none-eabi/bin/../lib/gcc/arm-none-eabi/10.2.1/../../../../arm-none-eabi/lib/thumb/v7e-m+fp/hard/libnosys.a(fstat.o)
 .ARM.attributes
                0x0000000000000e93       0x34 /home/hao/Documents/gcc-arm-none-eabi/bin/../lib/gcc/arm-none-eabi/10.2.1/../../../../arm-none-eabi/lib/thumb/v7e-m+fp/hard/libnosys.a(isatty.o)
 .ARM.attributes
                0x0000000000000ec7       0x34 /home/hao/Documents/gcc-arm-none-eabi/bin/../lib/gcc/arm-none-eabi/10.2.1/../../../../arm-none-eabi/lib/thumb/v7e-m+fp/hard/libnosys.a(lseek.o)
 .ARM.attributes
                0x0000000000000efb       0x34 /home/hao/Documents/gcc-arm-none-eabi/bin/../lib/gcc/arm-none-eabi/10.2.1/../../../../arm-none-eabi/lib/thumb/v7e-m+fp/hard/libnosys.a(read.o)
 .ARM.attributes
                0x0000000000000f2f       0x34 /home/hao/Documents/gcc-arm-none-eabi/bin/../lib/gcc/arm-none-eabi/10.2.1/../../../../arm-none-eabi/lib/thumb/v7e-m+fp/hard/libnosys.a(sbrk.o)
 .ARM.attributes
                0x0000000000000f63       0x1e /home/hao/Documents/gcc-arm-none-eabi/bin/../lib/gcc/arm-none-eabi/10.2.1/thumb/v7e-m+fp/hard/libgcc.a(_aeabi_uldivmod.o)
 .ARM.attributes
                0x0000000000000f81       0x34 /home/hao/Documents/gcc-arm-none-eabi/bin/../lib/gcc/arm-none-eabi/10.2.1/thumb/v7e-m+fp/hard/libgcc.a(_udivmoddi4.o)
 .ARM.attributes
                0x0000000000000fb5       0x1e /home/hao/Documents/gcc-arm-none-eabi/bin/../lib/gcc/arm-none-eabi/10.2.1/thumb/v7e-m+fp/hard/libgcc.a(_dvmd_tls.o)
 .ARM.attributes
                0x0000000000000fd3       0x1e /home/hao/Documents/gcc-arm-none-eabi/bin/../lib/gcc/arm-none-eabi/10.2.1/thumb/v7e-m+fp/hard/crtn.o
OUTPUT(build/HAL_ESP8266_Wheather.elf elf32-littlearm)
LOAD linker stubs
LOAD /home/hao/Documents/gcc-arm-none-eabi/bin/../lib/gcc/arm-none-eabi/10.2.1/../../../../arm-none-eabi/lib/thumb/v7e-m+fp/hard/libc.a
LOAD /home/hao/Documents/gcc-arm-none-eabi/bin/../lib/gcc/arm-none-eabi/10.2.1/../../../../arm-none-eabi/lib/thumb/v7e-m+fp/hard/libm.a
LOAD /home/hao/Documents/gcc-arm-none-eabi/bin/../lib/gcc/arm-none-eabi/10.2.1/thumb/v7e-m+fp/hard/libgcc.a

.debug_info     0x0000000000000000    0x13e60
 .debug_info    0x0000000000000000      0x521 build/common.o
 .debug_info    0x0000000000000521      0x355 build/SEEKFREE_FONT.o
 .debug_info    0x0000000000000876     0x21cd build/SEEKFREE_18TFT.o
 .debug_info    0x0000000000002a43      0x70c build/key.o
 .debug_info    0x000000000000314f     0x21c2 build/bsp_esp8266_test.o
 .debug_info    0x0000000000005311     0x1405 build/esp8266.o
 .debug_info    0x0000000000006716      0xd48 build/main.o
 .debug_info    0x000000000000745e      0x61c build/gpio.o
 .debug_info    0x0000000000007a7a     0x1435 build/usart.o
 .debug_info    0x0000000000008eaf      0x98b build/stm32f4xx_it.o
 .debug_info    0x000000000000983a      0x37a build/stm32f4xx_hal_msp.o
 .debug_info    0x0000000000009bb4      0xb84 build/stm32f4xx_ll_usart.o
 .debug_info    0x000000000000a738      0xdce build/stm32f4xx_ll_gpio.o
 .debug_info    0x000000000000b506      0xc08 build/stm32f4xx_hal_rcc.o
 .debug_info    0x000000000000c10e      0x8b5 build/stm32f4xx_hal_rcc_ex.o
 .debug_info    0x000000000000c9c3      0x86a build/stm32f4xx_hal_gpio.o
 .debug_info    0x000000000000d22d      0x85e build/stm32f4xx_hal_pwr_ex.o
 .debug_info    0x000000000000da8b     0x11aa build/stm32f4xx_hal_cortex.o
 .debug_info    0x000000000000ec35      0xb55 build/stm32f4xx_hal.o
 .debug_info    0x000000000000f78a      0xf1d build/stm32f4xx_ll_rcc.o
 .debug_info    0x00000000000106a7      0x5d5 build/system_stm32f4xx.o
 .debug_info    0x0000000000010c7c      0xc14 build/rtc.o
 .debug_info    0x0000000000011890     0x11a7 build/stm32f4xx_hal_rtc.o
 .debug_info    0x0000000000012a37     0x1407 build/stm32f4xx_hal_rtc_ex.o
 .debug_info    0x0000000000013e3e       0x22 build/startup_stm32f429xx.o

.debug_abbrev   0x0000000000000000     0x34d7
 .debug_abbrev  0x0000000000000000      0x219 build/common.o
 .debug_abbrev  0x0000000000000219       0xaf build/SEEKFREE_FONT.o
 .debug_abbrev  0x00000000000002c8      0x234 build/SEEKFREE_18TFT.o
 .debug_abbrev  0x00000000000004fc      0x17f build/key.o
 .debug_abbrev  0x000000000000067b      0x3f2 build/bsp_esp8266_test.o
 .debug_abbrev  0x0000000000000a6d      0x31b build/esp8266.o
 .debug_abbrev  0x0000000000000d88      0x231 build/main.o
 .debug_abbrev  0x0000000000000fb9      0x169 build/gpio.o
 .debug_abbrev  0x0000000000001122      0x312 build/usart.o
 .debug_abbrev  0x0000000000001434      0x28b build/stm32f4xx_it.o
 .debug_abbrev  0x00000000000016bf       0xeb build/stm32f4xx_hal_msp.o
 .debug_abbrev  0x00000000000017aa      0x2ed build/stm32f4xx_ll_usart.o
 .debug_abbrev  0x0000000000001a97      0x270 build/stm32f4xx_ll_gpio.o
 .debug_abbrev  0x0000000000001d07      0x2aa build/stm32f4xx_hal_rcc.o
 .debug_abbrev  0x0000000000001fb1      0x1a1 build/stm32f4xx_hal_rcc_ex.o
 .debug_abbrev  0x0000000000002152      0x22b build/stm32f4xx_hal_gpio.o
 .debug_abbrev  0x000000000000237d      0x1c3 build/stm32f4xx_hal_pwr_ex.o
 .debug_abbrev  0x0000000000002540      0x382 build/stm32f4xx_hal_cortex.o
 .debug_abbrev  0x00000000000028c2      0x209 build/stm32f4xx_hal.o
 .debug_abbrev  0x0000000000002acb      0x287 build/stm32f4xx_ll_rcc.o
 .debug_abbrev  0x0000000000002d52      0x11b build/system_stm32f4xx.o
 .debug_abbrev  0x0000000000002e6d      0x1c6 build/rtc.o
 .debug_abbrev  0x0000000000003033      0x249 build/stm32f4xx_hal_rtc.o
 .debug_abbrev  0x000000000000327c      0x249 build/stm32f4xx_hal_rtc_ex.o
 .debug_abbrev  0x00000000000034c5       0x12 build/startup_stm32f429xx.o

.debug_loc      0x0000000000000000     0x9627
 .debug_loc     0x0000000000000000      0x4b2 build/common.o
 .debug_loc     0x00000000000004b2     0x1a6f build/SEEKFREE_18TFT.o
 .debug_loc     0x0000000000001f21       0x9a build/key.o
 .debug_loc     0x0000000000001fbb      0x4bc build/bsp_esp8266_test.o
 .debug_loc     0x0000000000002477      0xb10 build/esp8266.o
 .debug_loc     0x0000000000002f87       0x92 build/main.o
 .debug_loc     0x0000000000003019       0x39 build/gpio.o
 .debug_loc     0x0000000000003052      0x45e build/usart.o
 .debug_loc     0x00000000000034b0      0x15a build/stm32f4xx_it.o
 .debug_loc     0x000000000000360a       0x2c build/stm32f4xx_hal_msp.o
 .debug_loc     0x0000000000003636      0x767 build/stm32f4xx_ll_usart.o
 .debug_loc     0x0000000000003d9d      0x82a build/stm32f4xx_ll_gpio.o
 .debug_loc     0x00000000000045c7      0x6e4 build/stm32f4xx_hal_rcc.o
 .debug_loc     0x0000000000004cab      0x5ba build/stm32f4xx_hal_rcc_ex.o
 .debug_loc     0x0000000000005265      0x5e8 build/stm32f4xx_hal_gpio.o
 .debug_loc     0x000000000000584d      0x378 build/stm32f4xx_hal_pwr_ex.o
 .debug_loc     0x0000000000005bc5      0x7a4 build/stm32f4xx_hal_cortex.o
 .debug_loc     0x0000000000006369      0x1e1 build/stm32f4xx_hal.o
 .debug_loc     0x000000000000654a      0x855 build/stm32f4xx_ll_rcc.o
 .debug_loc     0x0000000000006d9f      0x158 build/system_stm32f4xx.o
 .debug_loc     0x0000000000006ef7      0x10c build/rtc.o
 .debug_loc     0x0000000000007003     0x10d0 build/stm32f4xx_hal_rtc.o
 .debug_loc     0x00000000000080d3     0x1554 build/stm32f4xx_hal_rtc_ex.o

.debug_aranges  0x0000000000000000      0xa80
 .debug_aranges
                0x0000000000000000       0x28 build/common.o
 .debug_aranges
                0x0000000000000028       0x18 build/SEEKFREE_FONT.o
 .debug_aranges
                0x0000000000000040       0xd8 build/SEEKFREE_18TFT.o
 .debug_aranges
                0x0000000000000118       0x28 build/key.o
 .debug_aranges
                0x0000000000000140       0x78 build/bsp_esp8266_test.o
 .debug_aranges
                0x00000000000001b8       0xb8 build/esp8266.o
 .debug_aranges
                0x0000000000000270       0x38 build/main.o
 .debug_aranges
                0x00000000000002a8       0x20 build/gpio.o
 .debug_aranges
                0x00000000000002c8       0x30 build/usart.o
 .debug_aranges
                0x00000000000002f8       0x78 build/stm32f4xx_it.o
 .debug_aranges
                0x0000000000000370       0x20 build/stm32f4xx_hal_msp.o
 .debug_aranges
                0x0000000000000390       0x40 build/stm32f4xx_ll_usart.o
 .debug_aranges
                0x00000000000003d0       0x30 build/stm32f4xx_ll_gpio.o
 .debug_aranges
                0x0000000000000400       0x88 build/stm32f4xx_hal_rcc.o
 .debug_aranges
                0x0000000000000488       0x58 build/stm32f4xx_hal_rcc_ex.o
 .debug_aranges
                0x00000000000004e0       0x58 build/stm32f4xx_hal_gpio.o
 .debug_aranges
                0x0000000000000538       0x60 build/stm32f4xx_hal_pwr_ex.o
 .debug_aranges
                0x0000000000000598       0xa8 build/stm32f4xx_hal_cortex.o
 .debug_aranges
                0x0000000000000640      0x100 build/stm32f4xx_hal.o
 .debug_aranges
                0x0000000000000740       0xa8 build/stm32f4xx_ll_rcc.o
 .debug_aranges
                0x00000000000007e8       0x28 build/system_stm32f4xx.o
 .debug_aranges
                0x0000000000000810       0x30 build/rtc.o
 .debug_aranges
                0x0000000000000840       0xe8 build/stm32f4xx_hal_rtc.o
 .debug_aranges
                0x0000000000000928      0x130 build/stm32f4xx_hal_rtc_ex.o
 .debug_aranges
                0x0000000000000a58       0x28 build/startup_stm32f429xx.o

.debug_ranges   0x0000000000000000      0xb78
 .debug_ranges  0x0000000000000000       0x18 build/common.o
 .debug_ranges  0x0000000000000018       0xc8 build/SEEKFREE_18TFT.o
 .debug_ranges  0x00000000000000e0       0x18 build/key.o
 .debug_ranges  0x00000000000000f8       0x80 build/bsp_esp8266_test.o
 .debug_ranges  0x0000000000000178       0xa8 build/esp8266.o
 .debug_ranges  0x0000000000000220       0x28 build/main.o
 .debug_ranges  0x0000000000000248       0x10 build/gpio.o
 .debug_ranges  0x0000000000000258       0x20 build/usart.o
 .debug_ranges  0x0000000000000278       0x68 build/stm32f4xx_it.o
 .debug_ranges  0x00000000000002e0       0x10 build/stm32f4xx_hal_msp.o
 .debug_ranges  0x00000000000002f0      0x120 build/stm32f4xx_ll_usart.o
 .debug_ranges  0x0000000000000410      0x128 build/stm32f4xx_ll_gpio.o
 .debug_ranges  0x0000000000000538       0x90 build/stm32f4xx_hal_rcc.o
 .debug_ranges  0x00000000000005c8       0x48 build/stm32f4xx_hal_rcc_ex.o
 .debug_ranges  0x0000000000000610       0x48 build/stm32f4xx_hal_gpio.o
 .debug_ranges  0x0000000000000658       0x50 build/stm32f4xx_hal_pwr_ex.o
 .debug_ranges  0x00000000000006a8       0xf8 build/stm32f4xx_hal_cortex.o
 .debug_ranges  0x00000000000007a0       0xf0 build/stm32f4xx_hal.o
 .debug_ranges  0x0000000000000890       0x98 build/stm32f4xx_ll_rcc.o
 .debug_ranges  0x0000000000000928       0x18 build/system_stm32f4xx.o
 .debug_ranges  0x0000000000000940       0x20 build/rtc.o
 .debug_ranges  0x0000000000000960       0xd8 build/stm32f4xx_hal_rtc.o
 .debug_ranges  0x0000000000000a38      0x120 build/stm32f4xx_hal_rtc_ex.o
 .debug_ranges  0x0000000000000b58       0x20 build/startup_stm32f429xx.o

.debug_line     0x0000000000000000     0xabb1
 .debug_line    0x0000000000000000      0x505 build/common.o
 .debug_line    0x0000000000000505       0x52 build/SEEKFREE_FONT.o
 .debug_line    0x0000000000000557      0xf06 build/SEEKFREE_18TFT.o
 .debug_line    0x000000000000145d      0x30a build/key.o
 .debug_line    0x0000000000001767      0x949 build/bsp_esp8266_test.o
 .debug_line    0x00000000000020b0      0x806 build/esp8266.o
 .debug_line    0x00000000000028b6      0x462 build/main.o
 .debug_line    0x0000000000002d18      0x234 build/gpio.o
 .debug_line    0x0000000000002f4c      0x5be build/usart.o
 .debug_line    0x000000000000350a      0x4f3 build/stm32f4xx_it.o
 .debug_line    0x00000000000039fd      0x18d build/stm32f4xx_hal_msp.o
 .debug_line    0x0000000000003b8a      0x694 build/stm32f4xx_ll_usart.o
 .debug_line    0x000000000000421e      0x78c build/stm32f4xx_ll_gpio.o
 .debug_line    0x00000000000049aa      0xaf5 build/stm32f4xx_hal_rcc.o
 .debug_line    0x000000000000549f      0x80f build/stm32f4xx_hal_rcc_ex.o
 .debug_line    0x0000000000005cae      0x6dc build/stm32f4xx_hal_gpio.o
 .debug_line    0x000000000000638a      0x498 build/stm32f4xx_hal_pwr_ex.o
 .debug_line    0x0000000000006822      0x75e build/stm32f4xx_hal_cortex.o
 .debug_line    0x0000000000006f80      0x583 build/stm32f4xx_hal.o
 .debug_line    0x0000000000007503      0x99e build/stm32f4xx_ll_rcc.o
 .debug_line    0x0000000000007ea1      0x236 build/system_stm32f4xx.o
 .debug_line    0x00000000000080d7      0x385 build/rtc.o
 .debug_line    0x000000000000845c     0x1017 build/stm32f4xx_hal_rtc.o
 .debug_line    0x0000000000009473     0x16c8 build/stm32f4xx_hal_rtc_ex.o
 .debug_line    0x000000000000ab3b       0x76 build/startup_stm32f429xx.o

.debug_str      0x0000000000000000     0x3aa5
 .debug_str     0x0000000000000000      0x216 build/common.o
                                        0x27f (size before relaxing)
 .debug_str     0x0000000000000216       0xb8 build/SEEKFREE_FONT.o
                                        0x1f3 (size before relaxing)
 .debug_str     0x00000000000002ce      0x2e4 build/SEEKFREE_18TFT.o
                                        0x4fa (size before relaxing)
 .debug_str     0x00000000000005b2      0x16e build/key.o
                                        0x39c (size before relaxing)
 .debug_str     0x0000000000000720      0x6bb build/bsp_esp8266_test.o
                                        0x9e5 (size before relaxing)
 .debug_str     0x0000000000000ddb      0x261 build/esp8266.o
                                        0x69f (size before relaxing)
 .debug_str     0x000000000000103c      0x234 build/main.o
                                        0x81e (size before relaxing)
 .debug_str     0x0000000000001270       0x20 build/gpio.o
                                        0x39c (size before relaxing)
 .debug_str     0x0000000000001290      0x7df build/usart.o
                                        0xbc1 (size before relaxing)
 .debug_str     0x0000000000001a6f      0x15d build/stm32f4xx_it.o
                                        0x5de (size before relaxing)
 .debug_str     0x0000000000001bcc       0x29 build/stm32f4xx_hal_msp.o
                                        0x2eb (size before relaxing)
 .debug_str     0x0000000000001bf5      0x285 build/stm32f4xx_ll_usart.o