Archive member included to satisfy reference by file (symbol)

/home/hao/Documents/gcc-arm-none-eabi/bin/../lib/gcc/arm-none-eabi/10.2.1/../../../../arm-none-eabi/lib/thumb/v7-m/nofp/libc_nano.a(lib_a-exit.o)
                              /home/hao/Documents/gcc-arm-none-eabi/bin/../lib/gcc/arm-none-eabi/10.2.1/../../../../arm-none-eabi/lib/thumb/v7-m/nofp/crt0.o (exit)
/home/hao/Documents/gcc-arm-none-eabi/bin/../lib/gcc/arm-none-eabi/10.2.1/../../../../arm-none-eabi/lib/thumb/v7-m/nofp/libc_nano.a(lib_a-impure.o)
                              /home/hao/Documents/gcc-arm-none-eabi/bin/../lib/gcc/arm-none-eabi/10.2.1/../../../../arm-none-eabi/lib/thumb/v7-m/nofp/libc_nano.a(lib_a-exit.o) (_global_impure_ptr)
/home/hao/Documents/gcc-arm-none-eabi/bin/../lib/gcc/arm-none-eabi/10.2.1/../../../../arm-none-eabi/lib/thumb/v7-m/nofp/libc_nano.a(lib_a-init.o)
                              /home/hao/Documents/gcc-arm-none-eabi/bin/../lib/gcc/arm-none-eabi/10.2.1/../../../../arm-none-eabi/lib/thumb/v7-m/nofp/crt0.o (__libc_init_array)
/home/hao/Documents/gcc-arm-none-eabi/bin/../lib/gcc/arm-none-eabi/10.2.1/../../../../arm-none-eabi/lib/thumb/v7-m/nofp/libc_nano.a(lib_a-memset.o)
                              /home/hao/Documents/gcc-arm-none-eabi/bin/../lib/gcc/arm-none-eabi/10.2.1/../../../../arm-none-eabi/lib/thumb/v7-m/nofp/crt0.o (memset)
/home/hao/Documents/gcc-arm-none-eabi/bin/../lib/gcc/arm-none-eabi/10.2.1/../../../../arm-none-eabi/lib/thumb/v7-m/nofp/libc_nano.a(lib_a-nano-vfprintf_float.o)
                              (_printf_float)
/home/hao/Documents/gcc-arm-none-eabi/bin/../lib/gcc/arm-none-eabi/10.2.1/../../../../arm-none-eabi/lib/thumb/v7-m/nofp/libc_nano.a(lib_a-nano-vfprintf_i.o)
                              /home/hao/Documents/gcc-arm-none-eabi/bin/../lib/gcc/arm-none-eabi/10.2.1/../../../../arm-none-eabi/lib/thumb/v7-m/nofp/libc_nano.a(lib_a-nano-vfprintf_float.o) (_printf_common)
/home/hao/Documents/gcc-arm-none-eabi/bin/../lib/gcc/arm-none-eabi/10.2.1/../../../../arm-none-eabi/lib/thumb/v7-m/nofp/libc_nano.a(lib_a-printf.o)
                              build/bsp_esp8266_test.o (printf)
/home/hao/Documents/gcc-arm-none-eabi/bin/../lib/gcc/arm-none-eabi/10.2.1/../../../../arm-none-eabi/lib/thumb/v7-m/nofp/libc_nano.a(lib_a-puts.o)
                              build/bsp_esp8266_test.o (puts)
/home/hao/Documents/gcc-arm-none-eabi/bin/../lib/gcc/arm-none-eabi/10.2.1/../../../../arm-none-eabi/lib/thumb/v7-m/nofp/libc_nano.a(lib_a-sprintf.o)
                              build/bsp_esp8266.o (sprintf)
/home/hao/Documents/gcc-arm-none-eabi/bin/../lib/gcc/arm-none-eabi/10.2.1/../../../../arm-none-eabi/lib/thumb/v7-m/nofp/libc_nano.a(lib_a-sscanf.o)
                              build/bsp_esp8266_test.o (sscanf)
/home/hao/Documents/gcc-arm-none-eabi/bin/../lib/gcc/arm-none-eabi/10.2.1/../../../../arm-none-eabi/lib/thumb/v7-m/nofp/libc_nano.a(lib_a-stdio.o)
                              /home/hao/Documents/gcc-arm-none-eabi/bin/../lib/gcc/arm-none-eabi/10.2.1/../../../../arm-none-eabi/lib/thumb/v7-m/nofp/libc_nano.a(lib_a-sscanf.o) (__seofread)
/home/hao/Documents/gcc-arm-none-eabi/bin/../lib/gcc/arm-none-eabi/10.2.1/../../../../arm-none-eabi/lib/thumb/v7-m/nofp/libc_nano.a(lib_a-strlen.o)
                              /home/hao/Documents/gcc-arm-none-eabi/bin/../lib/gcc/arm-none-eabi/10.2.1/../../../../arm-none-eabi/lib/thumb/v7-m/nofp/libc_nano.a(lib_a-nano-vfprintf_float.o) (strlen)
/home/hao/Documents/gcc-arm-none-eabi/bin/../lib/gcc/arm-none-eabi/10.2.1/../../../../arm-none-eabi/lib/thumb/v7-m/nofp/libc_nano.a(lib_a-strstr.o)
                              build/stm32f10x_it.o (strstr)
/home/hao/Documents/gcc-arm-none-eabi/bin/../lib/gcc/arm-none-eabi/10.2.1/../../../../arm-none-eabi/lib/thumb/v7-m/nofp/libc_nano.a(lib_a-wbuf.o)
                              /home/hao/Documents/gcc-arm-none-eabi/bin/../lib/gcc/arm-none-eabi/10.2.1/../../../../arm-none-eabi/lib/thumb/v7-m/nofp/libc_nano.a(lib_a-puts.o) (__swbuf_r)
/home/hao/Documents/gcc-arm-none-eabi/bin/../lib/gcc/arm-none-eabi/10.2.1/../../../../arm-none-eabi/lib/thumb/v7-m/nofp/libc_nano.a(lib_a-writer.o)
                              /home/hao/Documents/gcc-arm-none-eabi/bin/../lib/gcc/arm-none-eabi/10.2.1/../../../../arm-none-eabi/lib/thumb/v7-m/nofp/libc_nano.a(lib_a-stdio.o) (_write_r)
/home/hao/Documents/gcc-arm-none-eabi/bin/../lib/gcc/arm-none-eabi/10.2.1/../../../../arm-none-eabi/lib/thumb/v7-m/nofp/libc_nano.a(lib_a-wsetup.o)
                              /home/hao/Documents/gcc-arm-none-eabi/bin/../lib/gcc/arm-none-eabi/10.2.1/../../../../arm-none-eabi/lib/thumb/v7-m/nofp/libc_nano.a(lib_a-puts.o) (__swsetup_r)
/home/hao/Documents/gcc-arm-none-eabi/bin/../lib/gcc/arm-none-eabi/10.2.1/../../../../arm-none-eabi/lib/thumb/v7-m/nofp/libc_nano.a(lib_a-closer.o)
[...]
Memory Configuration

Name             Origin             Length             Attributes
FLASH            0x0000000008000000 0x0000000000080000 xr
RAM              0x0000000020000000 0x0000000000010000 xrw
MEMORY_B1        0x0000000060000000 0x0000000000000000 xr
*default*        0x0000000000000000 0xffffffffffffffff

Linker script and memory map

LOAD /home/hao/Documents/gcc-arm-none-eabi/bin/../lib/gcc/arm-none-eabi/10.2.1/thumb/v7-m/nofp/crti.o
LOAD /home/hao/Documents/gcc-arm-none-eabi/bin/../lib/gcc/arm-none-eabi/10.2.1/thumb/v7-m/nofp/crtbegin.o
LOAD /home/hao/Documents/gcc-arm-none-eabi/bin/../lib/gcc/arm-none-eabi/10.2.1/../../../../arm-none-eabi/lib/thumb/v7-m/nofp/crt0.o
LOAD build/main.o
LOAD build/stm32f10x_it.o
LOAD build/common.o
LOAD build/bsp_key.o
LOAD build/core_delay.o
LOAD build/bsp_SysTick.o
LOAD build/bsp_usart.o
LOAD build/bsp_esp8266_test.o
LOAD build/bsp_esp8266.o
LOAD build/system_stm32f10x.o
LOAD build/misc.o
LOAD build/stm32f10x_adc.o
LOAD build/stm32f10x_bkp.o
LOAD build/stm32f10x_can.o
LOAD build/stm32f10x_cec.o
LOAD build/stm32f10x_crc.o
LOAD build/stm32f10x_dac.o
LOAD build/stm32f10x_dbgmcu.o
LOAD build/stm32f10x_dma.o
LOAD build/stm32f10x_exti.o
LOAD build/stm32f10x_flash.o
LOAD build/stm32f10x_fsmc.o
LOAD build/stm32f10x_gpio.o
LOAD build/stm32f10x_i2c.o
LOAD build/stm32f10x_iwdg.o
LOAD build/stm32f10x_pwr.o
LOAD build/stm32f10x_rcc.o
LOAD build/stm32f10x_rtc.o
LOAD build/stm32f10x_sdio.o
LOAD build/stm32f10x_spi.o
LOAD build/stm32f10x_tim.o
LOAD build/stm32f10x_usart.o
LOAD build/stm32f10x_wwdg.o
LOAD build/startup_stm32f10x_hd.o
LOAD /home/hao/Documents/gcc-arm-none-eabi/bin/../lib/gcc/arm-none-eabi/10.2.1/../../../../arm-none-eabi/lib/thumb/v7-m/nofp/libc_nano.a
LOAD /home/hao/Documents/gcc-arm-none-eabi/bin/../lib/gcc/arm-none-eabi/10.2.1/../../../../arm-none-eabi/lib/thumb/v7-m/nofp/libm.a
LOAD /home/hao/Documents/gcc-arm-none-eabi/bin/../lib/gcc/arm-none-eabi/10.2.1/../../../../arm-none-eabi/lib/thumb/v7-m/nofp/libnosys.a
LOAD /home/hao/Documents/gcc-arm-none-eabi/bin/../lib/gcc/arm-none-eabi/10.2.1/../../../../arm-none-eabi/lib/thumb/v7-m/nofp/libc_nano.a
LOAD /home/hao/Documents/gcc-arm-none-eabi/bin/../lib/gcc/arm-none-eabi/10.2.1/../../../../arm-none-eabi/lib/thumb/v7-m/nofp/librdimon_nano.a
START GROUP
LOAD /home/hao/Documents/gcc-arm-none-eabi/bin/../lib/gcc/arm-none-eabi/10.2.1/thumb/v7-m/nofp/libgcc.a
LOAD /home/hao/Documents/gcc-arm-none-eabi/bin/../lib/gcc/arm-none-eabi/10.2.1/../../../../arm-none-eabi/lib/thumb/v7-m/nofp/libc_nano.a
END GROUP
START GROUP
LOAD /home/hao/Documents/gcc-arm-none-eabi/bin/../lib/gcc/arm-none-eabi/10.2.1/thumb/v7-m/nofp/libgcc.a
LOAD /home/hao/Documents/gcc-arm-none-eabi/bin/../lib/gcc/arm-none-eabi/10.2.1/../../../../arm-none-eabi/lib/thumb/v7-m/nofp/libc_nano.a
END GROUP
LOAD /home/hao/Documents/gcc-arm-none-eabi/bin/../lib/gcc/arm-none-eabi/10.2.1/thumb/v7-m/nofp/crtend.o
LOAD /home/hao/Documents/gcc-arm-none-eabi/bin/../lib/gcc/arm-none-eabi/10.2.1/thumb/v7-m/nofp/crtn.o
                0x0000000020010000                _estack = 0x20010000
                0x0000000000000000                _Min_Heap_Size = 0x0
                0x0000000000000200                _Min_Stack_Size = 0x200

.isr_vector     0x0000000008000000      0x1e4
                0x0000000008000000                . = ALIGN (0x4)
 *(.isr_vector)
 .isr_vector    0x0000000008000000      0x1e4 build/startup_stm32f10x_hd.o
                0x0000000008000000                g_pfnVectors
                0x00000000080001e4                . = ALIGN (0x4)

.eh_frame       0x00000000080001e4        0x0
 .eh_frame      0x00000000080001e4        0x0 /home/hao/Documents/gcc-arm-none-eabi/bin/../lib/gcc/arm-none-eabi/10.2.1/thumb/v7-m/nofp/crtbegin.o

.text           0x00000000080001e8     0x5ab8
                0x00000000080001e8                . = ALIGN (0x4)
 *(.text)
 .text          0x00000000080001e8       0x40 /home/hao/Documents/gcc-arm-none-eabi/bin/../lib/gcc/arm-none-eabi/10.2.1/thumb/v7-m/nofp/crtbegin.o
 .text          0x0000000008000228       0x10 /home/hao/Documents/gcc-arm-none-eabi/bin/../lib/gcc/arm-none-eabi/10.2.1/../../../../arm-none-eabi/lib/thumb/v7-m/nofp/libc_nano.a(lib_a-strlen.o)
                0x0000000008000228                strlen
 .text          0x0000000008000238      0x378 /home/hao/Documents/gcc-arm-none-eabi/bin/../lib/gcc/arm-none-eabi/10.2.1/thumb/v7-m/nofp/libgcc.a(_arm_addsubdf3.o)
                0x0000000008000238                __aeabi_drsub
                0x0000000008000240                __aeabi_dsub
                0x0000000008000240                __subdf3
                0x0000000008000244                __adddf3
                0x0000000008000244                __aeabi_dadd
                0x00000000080004bc                __aeabi_ui2d
                0x00000000080004bc                __floatunsidf
                0x00000000080004dc                __floatsidf
                0x00000000080004dc                __aeabi_i2d
                0x0000000008000500                __extendsfdf2
                0x0000000008000500                __aeabi_f2d
                0x0000000008000544                __aeabi_ul2d
                0x0000000008000544                __floatundidf
                0x0000000008000554                __floatdidf
                0x0000000008000554                __aeabi_l2d
 .text          0x00000000080005b0      0x424 /home/hao/Documents/gcc-arm-none-eabi/bin/../lib/gcc/arm-none-eabi/10.2.1/thumb/v7-m/nofp/libgcc.a(_arm_muldivdf3.o)
                0x00000000080005b0                __aeabi_dmul
                0x00000000080005b0                __muldf3
                0x0000000008000804                __aeabi_ddiv
                0x0000000008000804                __divdf3
 .text          0x00000000080009d4      0x110 /home/hao/Documents/gcc-arm-none-eabi/bin/../lib/gcc/arm-none-eabi/10.2.1/thumb/v7-m/nofp/libgcc.a(_arm_cmpdf2.o)
                0x00000000080009d4                __gtdf2
                0x00000000080009d4                __gedf2
                0x00000000080009dc                __ltdf2
                0x00000000080009dc                __ledf2
                0x00000000080009e4                __cmpdf2
                0x00000000080009e4                __eqdf2
                0x00000000080009e4                __nedf2
                0x0000000008000a60                __aeabi_cdrcmple
                0x0000000008000a70                __aeabi_cdcmple
                0x0000000008000a70                __aeabi_cdcmpeq
                0x0000000008000a80                __aeabi_dcmpeq
                0x0000000008000a94                __aeabi_dcmplt
                0x0000000008000aa8                __aeabi_dcmple
                0x0000000008000abc                __aeabi_dcmpge
                0x0000000008000ad0                __aeabi_dcmpgt
 .text          0x0000000008000ae4       0x2c /home/hao/Documents/gcc-arm-none-eabi/bin/../lib/gcc/arm-none-eabi/10.2.1/thumb/v7-m/nofp/libgcc.a(_arm_unorddf2.o)
                0x0000000008000ae4                __aeabi_dcmpun
                0x0000000008000ae4                __unorddf2
 .text          0x0000000008000b10       0x50 /home/hao/Documents/gcc-arm-none-eabi/bin/../lib/gcc/arm-none-eabi/10.2.1/thumb/v7-m/nofp/libgcc.a(_arm_fixdfsi.o)
                0x0000000008000b10                __fixdfsi
                0x0000000008000b10                __aeabi_d2iz
 *(.text*)
 .text.main     0x0000000008000b60       0x40 build/main.o
                0x0000000008000b60                main
 .text.NMI_Handler
                0x0000000008000ba0        0x2 build/stm32f10x_it.o
                0x0000000008000ba0                NMI_Handler
 .text.HardFault_Handler
                0x0000000008000ba2        0x2 build/stm32f10x_it.o
                0x0000000008000ba2                HardFault_Handler
 .text.MemManage_Handler
                0x0000000008000ba4        0x2 build/stm32f10x_it.o
                0x0000000008000ba4                MemManage_Handler
 .text.BusFault_Handler
                0x0000000008000ba6        0x2 build/stm32f10x_it.o
                0x0000000008000ba6                BusFault_Handler
 .text.UsageFault_Handler
                0x0000000008000ba8        0x2 build/stm32f10x_it.o
                0x0000000008000ba8                UsageFault_Handler
 .text.SVC_Handler
                0x0000000008000baa        0x2 build/stm32f10x_it.o
                0x0000000008000baa                SVC_Handler
 .text.DebugMon_Handler
                0x0000000008000bac        0x2 build/stm32f10x_it.o
                0x0000000008000bac                DebugMon_Handler
 .text.PendSV_Handler
                0x0000000008000bae        0x2 build/stm32f10x_it.o
                0x0000000008000bae                PendSV_Handler
 .text.SysTick_Handler
                0x0000000008000bb0        0x2 build/stm32f10x_it.o
                0x0000000008000bb0                SysTick_Handler
 *fill*         0x0000000008000bb2        0x2 
 .text.USART1_IRQHandler
                0x0000000008000bb4       0x74 build/stm32f10x_it.o
                0x0000000008000bb4                USART1_IRQHandler
 .text.USART2_IRQHandler
                0x0000000008000c28       0x8c build/stm32f10x_it.o
                0x0000000008000c28                USART2_IRQHandler
 .text.itoa     0x0000000008000cb4       0x70 build/common.o
 .text.USART_printf
                0x0000000008000d24       0xca build/common.o
                0x0000000008000d24                USART_printf
 *fill*         0x0000000008000dee        0x2 
 .text.Key_GPIO_Config
                0x0000000008000df0       0x44 build/bsp_key.o
                0x0000000008000df0                Key_GPIO_Config
 .text.Key_Scan
                0x0000000008000e34       0x24 build/bsp_key.o
                0x0000000008000e34                Key_Scan
 .text.CPU_TS_TmrInit
                0x0000000008000e58       0x24 build/core_delay.o
                0x0000000008000e58                CPU_TS_TmrInit
 .text.CPU_TS_TmrRd
                0x0000000008000e7c        0xc build/core_delay.o
                0x0000000008000e7c                CPU_TS_TmrRd
 .text.CPU_TS_Tmr_Delay_US
                0x0000000008000e88       0x4c build/core_delay.o
                0x0000000008000e88                CPU_TS_Tmr_Delay_US
 .text.NVIC_Configuration
                0x0000000008000ed4       0x2c build/bsp_usart.o
 .text.USART_Config
                0x0000000008000f00       0xa0 build/bsp_usart.o
                0x0000000008000f00                USART_Config
 .text._write   0x0000000008000fa0       0x34 build/bsp_usart.o
                0x0000000008000fa0                _write
 .text.analytical_data
                0x0000000008000fd4       0xa4 build/bsp_esp8266_test.o
                0x0000000008000fd4                analytical_data
 .text.ESP8266_StaTcpClient_Unvarnish_ConfigTest
                0x0000000008001078       0xbc build/bsp_esp8266_test.o
                0x0000000008001078                ESP8266_StaTcpClient_Unvarnish_ConfigTest
 .text.ESP8266_CheckRecvDataTest
                0x0000000008001134       0xc4 build/bsp_esp8266_test.o
                0x0000000008001134                ESP8266_CheckRecvDataTest
 .text.ESP8266_GPIO_Config
                0x00000000080011f8       0x44 build/bsp_esp8266.o
 .text.ESP8266_USART_NVIC_Configuration
                0x000000000800123c       0x2e build/bsp_esp8266.o
 *fill*         0x000000000800126a        0x2 
 .text.ESP8266_USART_Config
                0x000000000800126c       0x9c build/bsp_esp8266.o
 .text.ESP8266_Init
                0x0000000008001308       0x24 build/bsp_esp8266.o
                0x0000000008001308                ESP8266_Init
 .text.ESP8266_Rst
                0x000000000800132c       0x24 build/bsp_esp8266.o
                0x000000000800132c                ESP8266_Rst
 .text.ESP8266_Cmd
                0x0000000008001350       0xbc build/bsp_esp8266.o
                0x0000000008001350                ESP8266_Cmd
 .text.ESP8266_AT_Test
                0x000000000800140c       0x6c build/bsp_esp8266.o
                0x000000000800140c                ESP8266_AT_Test
 .text.ESP8266_Net_Mode_Choose
                0x0000000008001478       0x54 build/bsp_esp8266.o
                0x0000000008001478                ESP8266_Net_Mode_Choose
 .text.ESP8266_JoinAP
                0x00000000080014cc       0x2c build/bsp_esp8266.o
                0x00000000080014cc                ESP8266_JoinAP
 .text.ESP8266_Enable_MultipleId
                0x00000000080014f8       0x30 build/bsp_esp8266.o
                0x00000000080014f8                ESP8266_Enable_MultipleId
 .text.ESP8266_Link_Server
                0x0000000008001528       0x88 build/bsp_esp8266.o
                0x0000000008001528                ESP8266_Link_Server
 .text.ESP8266_Get_LinkStatus
                0x00000000080015b0       0x58 build/bsp_esp8266.o
                0x00000000080015b0                ESP8266_Get_LinkStatus
 .text.ESP8266_UnvarnishSend
                0x0000000008001608       0x34 build/bsp_esp8266.o
                0x0000000008001608                ESP8266_UnvarnishSend
 .text.ESP8266_ExitUnvarnishSend
                0x000000000800163c       0x28 build/bsp_esp8266.o
                0x000000000800163c                ESP8266_ExitUnvarnishSend
 .text.SetSysClockTo72
                0x0000000008001664       0xc4 build/system_stm32f10x.o
 .text.SetSysClock
                0x0000000008001728        0x8 build/system_stm32f10x.o
 .text.SystemInit
                0x0000000008001730       0x50 build/system_stm32f10x.o
                0x0000000008001730                SystemInit
 .text.NVIC_PriorityGroupConfig
                0x0000000008001780       0x14 build/misc.o
                0x0000000008001780                NVIC_PriorityGroupConfig
 .text.NVIC_Init
                0x0000000008001794       0x64 build/misc.o
                0x0000000008001794                NVIC_Init
 .text.GPIO_Init
                0x00000000080017f8       0xb2 build/stm32f10x_gpio.o
                0x00000000080017f8                GPIO_Init
 .text.GPIO_ReadInputDataBit
                0x00000000080018aa        0xe build/stm32f10x_gpio.o
                0x00000000080018aa                GPIO_ReadInputDataBit
 .text.GPIO_SetBits
                0x00000000080018b8        0x4 build/stm32f10x_gpio.o
                0x00000000080018b8                GPIO_SetBits
 .text.GPIO_ResetBits
                0x00000000080018bc        0x4 build/stm32f10x_gpio.o
                0x00000000080018bc                GPIO_ResetBits
 .text.RCC_GetClocksFreq
                0x00000000080018c0       0xbc build/stm32f10x_rcc.o
                0x00000000080018c0                RCC_GetClocksFreq
 .text.RCC_APB2PeriphClockCmd
                0x000000000800197c       0x1c build/stm32f10x_rcc.o
                0x000000000800197c                RCC_APB2PeriphClockCmd
 .text.RCC_APB1PeriphClockCmd
                0x0000000008001998       0x1c build/stm32f10x_rcc.o
                0x0000000008001998                RCC_APB1PeriphClockCmd
 .text.USART_Init
                0x00000000080019b4       0xc4 build/stm32f10x_usart.o
                0x00000000080019b4                USART_Init
 .text.USART_Cmd
                0x0000000008001a78       0x1c build/stm32f10x_usart.o
                0x0000000008001a78                USART_Cmd
 .text.USART_ITConfig
                0x0000000008001a94       0x36 build/stm32f10x_usart.o
                0x0000000008001a94                USART_ITConfig
 .text.USART_SendData
                0x0000000008001aca        0x8 build/stm32f10x_usart.o
                0x0000000008001aca                USART_SendData
 .text.USART_ReceiveData
                0x0000000008001ad2        0x8 build/stm32f10x_usart.o
                0x0000000008001ad2                USART_ReceiveData
 .text.USART_GetFlagStatus
                0x0000000008001ada        0xe build/stm32f10x_usart.o
                0x0000000008001ada                USART_GetFlagStatus
 .text.USART_GetITStatus
                0x0000000008001ae8       0x4a build/stm32f10x_usart.o
                0x0000000008001ae8                USART_GetITStatus
 *fill*         0x0000000008001b32        0x2 
 .text.Reset_Handler
                0x0000000008001b34       0x48 build/startup_stm32f10x_hd.o
                0x0000000008001b34                Reset_Handler
 .text.Default_Handler
                0x0000000008001b7c        0x2 build/startup_stm32f10x_hd.o
                0x0000000008001b7c                EXTI2_IRQHandler
                0x0000000008001b7c                TIM8_TRG_COM_IRQHandler
                0x0000000008001b7c                TIM8_CC_IRQHandler
                0x0000000008001b7c                TIM1_CC_IRQHandler
                0x0000000008001b7c                TIM6_IRQHandler
                0x0000000008001b7c                PVD_IRQHandler
                0x0000000008001b7c                SDIO_IRQHandler
                0x0000000008001b7c                EXTI3_IRQHandler
                0x0000000008001b7c                EXTI0_IRQHandler
                0x0000000008001b7c                I2C2_EV_IRQHandler
                0x0000000008001b7c                ADC1_2_IRQHandler
                0x0000000008001b7c                SPI1_IRQHandler
                0x0000000008001b7c                TAMPER_IRQHandler
                0x0000000008001b7c                TIM8_UP_IRQHandler
                0x0000000008001b7c                DMA2_Channel2_IRQHandler
                0x0000000008001b7c                DMA1_Channel4_IRQHandler
                0x0000000008001b7c                USART3_IRQHandler
                0x0000000008001b7c                RTC_IRQHandler
                0x0000000008001b7c                DMA1_Channel7_IRQHandler
                0x0000000008001b7c                CAN1_RX1_IRQHandler
                0x0000000008001b7c                UART5_IRQHandler
                0x0000000008001b7c                ADC3_IRQHandler
                0x0000000008001b7c                TIM4_IRQHandler
                0x0000000008001b7c                DMA2_Channel1_IRQHandler
                0x0000000008001b7c                I2C1_EV_IRQHandler
                0x0000000008001b7c                DMA1_Channel6_IRQHandler
                0x0000000008001b7c                UART4_IRQHandler
                0x0000000008001b7c                TIM3_IRQHandler
                0x0000000008001b7c                RCC_IRQHandler
                0x0000000008001b7c                TIM1_TRG_COM_IRQHandler
                0x0000000008001b7c                DMA1_Channel1_IRQHandler
                0x0000000008001b7c                Default_Handler
                0x0000000008001b7c                EXTI15_10_IRQHandler
                0x0000000008001b7c                TIM7_IRQHandler
                0x0000000008001b7c                TIM5_IRQHandler
                0x0000000008001b7c                EXTI9_5_IRQHandler
                0x0000000008001b7c                SPI2_IRQHandler
                0x0000000008001b7c                DMA1_Channel5_IRQHandler
                0x0000000008001b7c                EXTI4_IRQHandler
                0x0000000008001b7c                USB_LP_CAN1_RX0_IRQHandler
                0x0000000008001b7c                USB_HP_CAN1_TX_IRQHandler
                0x0000000008001b7c                DMA1_Channel3_IRQHandler
                0x0000000008001b7c                FSMC_IRQHandler
                0x0000000008001b7c                TIM1_UP_IRQHandler
                0x0000000008001b7c                WWDG_IRQHandler
                0x0000000008001b7c                TIM2_IRQHandler
                0x0000000008001b7c                TIM1_BRK_IRQHandler
                0x0000000008001b7c                EXTI1_IRQHandler
                0x0000000008001b7c                RTCAlarm_IRQHandler
                0x0000000008001b7c                DMA2_Channel4_5_IRQHandler
                0x0000000008001b7c                I2C2_ER_IRQHandler
                0x0000000008001b7c                DMA1_Channel2_IRQHandler
                0x0000000008001b7c                TIM8_BRK_IRQHandler
                0x0000000008001b7c                CAN1_SCE_IRQHandler
                0x0000000008001b7c                FLASH_IRQHandler
                0x0000000008001b7c                SPI3_IRQHandler
                0x0000000008001b7c                I2C1_ER_IRQHandler
                0x0000000008001b7c                USBWakeUp_IRQHandler
                0x0000000008001b7c                DMA2_Channel3_IRQHandler
 *fill*         0x0000000008001b7e        0x2 
 .text.__libc_init_array
                0x0000000008001b80       0x48 /home/hao/Documents/gcc-arm-none-eabi/bin/../lib/gcc/arm-none-eabi/10.2.1/../../../../arm-none-eabi/lib/thumb/v7-m/nofp/libc_nano.a(lib_a-init.o)
                0x0000000008001b80                __libc_init_array
 .text.memset   0x0000000008001bc8       0x10 /home/hao/Documents/gcc-arm-none-eabi/bin/../lib/gcc/arm-none-eabi/10.2.1/../../../../arm-none-eabi/lib/thumb/v7-m/nofp/libc_nano.a(lib_a-memset.o)
                0x0000000008001bc8                memset
 .text.__cvt    0x0000000008001bd8       0xbe /home/hao/Documents/gcc-arm-none-eabi/bin/../lib/gcc/arm-none-eabi/10.2.1/../../../../arm-none-eabi/lib/thumb/v7-m/nofp/libc_nano.a(lib_a-nano-vfprintf_float.o)
                0x0000000008001bd8                __cvt
 .text.__exponent
                0x0000000008001c96       0x7c /home/hao/Documents/gcc-arm-none-eabi/bin/../lib/gcc/arm-none-eabi/10.2.1/../../../../arm-none-eabi/lib/thumb/v7-m/nofp/libc_nano.a(lib_a-nano-vfprintf_float.o)
                0x0000000008001c96                __exponent
 *fill*         0x0000000008001d12        0x2 
 .text._printf_float
                0x0000000008001d14      0x458 /home/hao/Documents/gcc-arm-none-eabi/bin/../lib/gcc/arm-none-eabi/10.2.1/../../../../arm-none-eabi/lib/thumb/v7-m/nofp/libc_nano.a(lib_a-nano-vfprintf_float.o)
                0x0000000008001d14                _printf_float
 .text._printf_common
                0x000000000800216c       0xde /home/hao/Documents/gcc-arm-none-eabi/bin/../lib/gcc/arm-none-eabi/10.2.1/../../../../arm-none-eabi/lib/thumb/v7-m/nofp/libc_nano.a(lib_a-nano-vfprintf_i.o)
                0x000000000800216c                _printf_common
 *fill*         0x000000000800224a        0x2 
 .text._printf_i
                0x000000000800224c      0x24c /home/hao/Documents/gcc-arm-none-eabi/bin/../lib/gcc/arm-none-eabi/10.2.1/../../../../arm-none-eabi/lib/thumb/v7-m/nofp/libc_nano.a(lib_a-nano-vfprintf_i.o)
                0x000000000800224c                _printf_i
 .text.printf   0x0000000008002498       0x30 /home/hao/Documents/gcc-arm-none-eabi/bin/../lib/gcc/arm-none-eabi/10.2.1/../../../../arm-none-eabi/lib/thumb/v7-m/nofp/libc_nano.a(lib_a-printf.o)
                0x0000000008002498                printf
                0x0000000008002498                iprintf
 .text._puts_r  0x00000000080024c8       0xdc /home/hao/Documents/gcc-arm-none-eabi/bin/../lib/gcc/arm-none-eabi/10.2.1/../../../../arm-none-eabi/lib/thumb/v7-m/nofp/libc_nano.a(lib_a-puts.o)
                0x00000000080024c8                _puts_r
 .text.puts     0x00000000080025a4       0x10 /home/hao/Documents/gcc-arm-none-eabi/bin/../lib/gcc/arm-none-eabi/10.2.1/../../../../arm-none-eabi/lib/thumb/v7-m/nofp/libc_nano.a(lib_a-puts.o)
                0x00000000080025a4                puts
 .text.sprintf  0x00000000080025b4       0x40 /home/hao/Documents/gcc-arm-none-eabi/bin/../lib/gcc/arm-none-eabi/10.2.1/../../../../arm-none-eabi/lib/thumb/v7-m/nofp/libc_nano.a(lib_a-sprintf.o)
                0x00000000080025b4                sprintf
                0x00000000080025b4                siprintf
 .text.sscanf   0x00000000080025f4       0x54 /home/hao/Documents/gcc-arm-none-eabi/bin/../lib/gcc/arm-none-eabi/10.2.1/../../../../arm-none-eabi/lib/thumb/v7-m/nofp/libc_nano.a(lib_a-sscanf.o)
                0x00000000080025f4                sscanf
                0x00000000080025f4                siscanf
 .text.__sread  0x0000000008002648       0x22 /home/hao/Documents/gcc-arm-none-eabi/bin/../lib/gcc/arm-none-eabi/10.2.1/../../../../arm-none-eabi/lib/thumb/v7-m/nofp/libc_nano.a(lib_a-stdio.o)
                0x0000000008002648                __sread
 .text.__seofread
                0x000000000800266a        0x4 /home/hao/Documents/gcc-arm-none-eabi/bin/../lib/gcc/arm-none-eabi/10.2.1/../../../../arm-none-eabi/lib/thumb/v7-m/nofp/libc_nano.a(lib_a-stdio.o)
                0x000000000800266a                __seofread
 .text.__swrite
                0x000000000800266e       0x38 /home/hao/Documents/gcc-arm-none-eabi/bin/../lib/gcc/arm-none-eabi/10.2.1/../../../../arm-none-eabi/lib/thumb/v7-m/nofp/libc_nano.a(lib_a-stdio.o)
                0x000000000800266e                __swrite
 .text.__sseek  0x00000000080026a6       0x24 /home/hao/Documents/gcc-arm-none-eabi/bin/../lib/gcc/arm-none-eabi/10.2.1/../../../../arm-none-eabi/lib/thumb/v7-m/nofp/libc_nano.a(lib_a-stdio.o)
                0x00000000080026a6                __sseek
 .text.__sclose
                0x00000000080026ca        0x8 /home/hao/Documents/gcc-arm-none-eabi/bin/../lib/gcc/arm-none-eabi/10.2.1/../../../../arm-none-eabi/lib/thumb/v7-m/nofp/libc_nano.a(lib_a-stdio.o)
                0x00000000080026ca                __sclose
 .text.strstr   0x00000000080026d2       0x2c /home/hao/Documents/gcc-arm-none-eabi/bin/../lib/gcc/arm-none-eabi/10.2.1/../../../../arm-none-eabi/lib/thumb/v7-m/nofp/libc_nano.a(lib_a-strstr.o)
                0x00000000080026d2                strstr
 *fill*         0x00000000080026fe        0x2 
 .text.__swbuf_r
                0x0000000008002700       0xa4 /home/hao/Documents/gcc-arm-none-eabi/bin/../lib/gcc/arm-none-eabi/10.2.1/../../../../arm-none-eabi/lib/thumb/v7-m/nofp/libc_nano.a(lib_a-wbuf.o)
                0x0000000008002700                __swbuf_r
 .text._write_r
                0x00000000080027a4       0x24 /home/hao/Documents/gcc-arm-none-eabi/bin/../lib/gcc/arm-none-eabi/10.2.1/../../../../arm-none-eabi/lib/thumb/v7-m/nofp/libc_nano.a(lib_a-writer.o)
                0x00000000080027a4                _write_r
 .text.__swsetup_r
                0x00000000080027c8       0xdc /home/hao/Documents/gcc-arm-none-eabi/bin/../lib/gcc/arm-none-eabi/10.2.1/../../../../arm-none-eabi/lib/thumb/v7-m/nofp/libc_nano.a(lib_a-wsetup.o)
                0x00000000080027c8                __swsetup_r
 .text._close_r
                0x00000000080028a4       0x20 /home/hao/Documents/gcc-arm-none-eabi/bin/../lib/gcc/arm-none-eabi/10.2.1/../../../../arm-none-eabi/lib/thumb/v7-m/nofp/libc_nano.a(lib_a-closer.o)
                0x00000000080028a4                _close_r
 .text.quorem   0x00000000080028c4      0x118 /home/hao/Documents/gcc-arm-none-eabi/bin/../lib/gcc/arm-none-eabi/10.2.1/../../../../arm-none-eabi/lib/thumb/v7-m/nofp/libc_nano.a(lib_a-dtoa.o)
 *fill*         0x00000000080029dc        0x4 
 .text._dtoa_r  0x00000000080029e0      0xbdc /home/hao/Documents/gcc-arm-none-eabi/bin/../lib/gcc/arm-none-eabi/10.2.1/../../../../arm-none-eabi/lib/thumb/v7-m/nofp/libc_nano.a(lib_a-dtoa.o)
                0x00000000080029e0                _dtoa_r
 .text.__sflush_r
                0x00000000080035bc      0x104 /home/hao/Documents/gcc-arm-none-eabi/bin/../lib/gcc/arm-none-eabi/10.2.1/../../../../arm-none-eabi/lib/thumb/v7-m/nofp/libc_nano.a(lib_a-fflush.o)
                0x00000000080035bc                __sflush_r
 .text._fflush_r
                0x00000000080036c0       0x78 /home/hao/Documents/gcc-arm-none-eabi/bin/../lib/gcc/arm-none-eabi/10.2.1/../../../../arm-none-eabi/lib/thumb/v7-m/nofp/libc_nano.a(lib_a-fflush.o)
                0x00000000080036c0                _fflush_r
 .text.std      0x0000000008003738       0x48 /home/hao/Documents/gcc-arm-none-eabi/bin/../lib/gcc/arm-none-eabi/10.2.1/../../../../arm-none-eabi/lib/thumb/v7-m/nofp/libc_nano.a(lib_a-findfp.o)
 .text._cleanup_r
                0x0000000008003780        0xc /home/hao/Documents/gcc-arm-none-eabi/bin/../lib/gcc/arm-none-eabi/10.2.1/../../../../arm-none-eabi/lib/thumb/v7-m/nofp/libc_nano.a(lib_a-findfp.o)
                0x0000000008003780                _cleanup_r
 .text.__sfmoreglue
                0x000000000800378c       0x2c /home/hao/Documents/gcc-arm-none-eabi/bin/../lib/gcc/arm-none-eabi/10.2.1/../../../../arm-none-eabi/lib/thumb/v7-m/nofp/libc_nano.a(lib_a-findfp.o)
                0x000000000800378c                __sfmoreglue
 .text.__sfp_lock_acquire
                0x00000000080037b8        0xc /home/hao/Documents/gcc-arm-none-eabi/bin/../lib/gcc/arm-none-eabi/10.2.1/../../../../arm-none-eabi/lib/thumb/v7-m/nofp/libc_nano.a(lib_a-findfp.o)
                0x00000000080037b8                __sfp_lock_acquire
 .text.__sfp_lock_release
                0x00000000080037c4        0xc /home/hao/Documents/gcc-arm-none-eabi/bin/../lib/gcc/arm-none-eabi/10.2.1/../../../../arm-none-eabi/lib/thumb/v7-m/nofp/libc_nano.a(lib_a-findfp.o)
                0x00000000080037c4                __sfp_lock_release
 .text.__sinit_lock_acquire
                0x00000000080037d0        0xc /home/hao/Documents/gcc-arm-none-eabi/bin/../lib/gcc/arm-none-eabi/10.2.1/../../../../arm-none-eabi/lib/thumb/v7-m/nofp/libc_nano.a(lib_a-findfp.o)
                0x00000000080037d0                __sinit_lock_acquire
 .text.__sinit_lock_release
                0x00000000080037dc        0xc /home/hao/Documents/gcc-arm-none-eabi/bin/../lib/gcc/arm-none-eabi/10.2.1/../../../../arm-none-eabi/lib/thumb/v7-m/nofp/libc_nano.a(lib_a-findfp.o)
                0x00000000080037dc                __sinit_lock_release
 .text.__sinit  0x00000000080037e8       0x70 /home/hao/Documents/gcc-arm-none-eabi/bin/../lib/gcc/arm-none-eabi/10.2.1/../../../../arm-none-eabi/lib/thumb/v7-m/nofp/libc_nano.a(lib_a-findfp.o)
                0x00000000080037e8                __sinit
 .text.__sfp    0x0000000008003858       0x8c /home/hao/Documents/gcc-arm-none-eabi/bin/../lib/gcc/arm-none-eabi/10.2.1/../../../../arm-none-eabi/lib/thumb/v7-m/nofp/libc_nano.a(lib_a-findfp.o)
                0x0000000008003858                __sfp
 .text._fwalk_reent
                0x00000000080038e4       0x3e /home/hao/Documents/gcc-arm-none-eabi/bin/../lib/gcc/arm-none-eabi/10.2.1/../../../../arm-none-eabi/lib/thumb/v7-m/nofp/libc_nano.a(lib_a-fwalk.o)
                0x00000000080038e4                _fwalk_reent
 *fill*         0x0000000008003922        0x2 
 .text._localeconv_r
                0x0000000008003924        0x8 /home/hao/Documents/gcc-arm-none-eabi/bin/../lib/gcc/arm-none-eabi/10.2.1/../../../../arm-none-eabi/lib/thumb/v7-m/nofp/libc_nano.a(lib_a-localeconv.o)
                0x0000000008003924                _localeconv_r
 .text.__retarget_lock_init_recursive
                0x000000000800392c        0x2 /home/hao/Documents/gcc-arm-none-eabi/bin/../lib/gcc/arm-none-eabi/10.2.1/../../../../arm-none-eabi/lib/thumb/v7-m/nofp/libc_nano.a(lib_a-lock.o)
                0x000000000800392c                __retarget_lock_init_recursive
 .text.__retarget_lock_acquire_recursive
                0x000000000800392e        0x2 /home/hao/Documents/gcc-arm-none-eabi/bin/../lib/gcc/arm-none-eabi/10.2.1/../../../../arm-none-eabi/lib/thumb/v7-m/nofp/libc_nano.a(lib_a-lock.o)
                0x000000000800392e                __retarget_lock_acquire_recursive
 .text.__retarget_lock_release_recursive
                0x0000000008003930        0x2 /home/hao/Documents/gcc-arm-none-eabi/bin/../lib/gcc/arm-none-eabi/10.2.1/../../../../arm-none-eabi/lib/thumb/v7-m/nofp/libc_nano.a(lib_a-lock.o)
                0x0000000008003930                __retarget_lock_release_recursive
 *fill*         0x0000000008003932        0x2 
 .text._lseek_r
                0x0000000008003934       0x24 /home/hao/Documents/gcc-arm-none-eabi/bin/../lib/gcc/arm-none-eabi/10.2.1/../../../../arm-none-eabi/lib/thumb/v7-m/nofp/libc_nano.a(lib_a-lseekr.o)
                0x0000000008003934                _lseek_r
 .text.__swhatbuf_r
                0x0000000008003958       0x4a /home/hao/Documents/gcc-arm-none-eabi/bin/../lib/gcc/arm-none-eabi/10.2.1/../../../../arm-none-eabi/lib/thumb/v7-m/nofp/libc_nano.a(lib_a-makebuf.o)
                0x0000000008003958                __swhatbuf_r
 *fill*         0x00000000080039a2        0x2 
 .text.__smakebuf_r
                0x00000000080039a4       0x80 /home/hao/Documents/gcc-arm-none-eabi/bin/../lib/gcc/arm-none-eabi/10.2.1/../../../../arm-none-eabi/lib/thumb/v7-m/nofp/libc_nano.a(lib_a-makebuf.o)
                0x00000000080039a4                __smakebuf_r
 .text.malloc   0x0000000008003a24       0x10 /home/hao/Documents/gcc-arm-none-eabi/bin/../lib/gcc/arm-none-eabi/10.2.1/../../../../arm-none-eabi/lib/thumb/v7-m/nofp/libc_nano.a(lib_a-malloc.o)
                0x0000000008003a24                malloc
 .text.memchr   0x0000000008003a34       0x1c /home/hao/Documents/gcc-arm-none-eabi/bin/../lib/gcc/arm-none-eabi/10.2.1/../../../../arm-none-eabi/lib/thumb/v7-m/nofp/libc_nano.a(lib_a-memchr-stub.o)
                0x0000000008003a34                memchr
 .text.memcpy   0x0000000008003a50       0x1c /home/hao/Documents/gcc-arm-none-eabi/bin/../lib/gcc/arm-none-eabi/10.2.1/../../../../arm-none-eabi/lib/thumb/v7-m/nofp/libc_nano.a(lib_a-memcpy-stub.o)
                0x0000000008003a50                memcpy
 .text._Balloc  0x0000000008003a6c       0x80 /home/hao/Documents/gcc-arm-none-eabi/bin/../lib/gcc/arm-none-eabi/10.2.1/../../../../arm-none-eabi/lib/thumb/v7-m/nofp/libc_nano.a(lib_a-mprec.o)
                0x0000000008003a6c                _Balloc
 .text._Bfree   0x0000000008003aec       0x44 /home/hao/Documents/gcc-arm-none-eabi/bin/../lib/gcc/arm-none-eabi/10.2.1/../../../../arm-none-eabi/lib/thumb/v7-m/nofp/libc_nano.a(lib_a-mprec.o)
                0x0000000008003aec                _Bfree
 .text.__multadd
                0x0000000008003b30       0x8c /home/hao/Documents/gcc-arm-none-eabi/bin/../lib/gcc/arm-none-eabi/10.2.1/../../../../arm-none-eabi/lib/thumb/v7-m/nofp/libc_nano.a(lib_a-mprec.o)
                0x0000000008003b30                __multadd
 .text.__hi0bits
                0x0000000008003bbc       0x40 /home/hao/Documents/gcc-arm-none-eabi/bin/../lib/gcc/arm-none-eabi/10.2.1/../../../../arm-none-eabi/lib/thumb/v7-m/nofp/libc_nano.a(lib_a-mprec.o)
                0x0000000008003bbc                __hi0bits
 .text.__lo0bits
                0x0000000008003bfc       0x5a /home/hao/Documents/gcc-arm-none-eabi/bin/../lib/gcc/arm-none-eabi/10.2.1/../../../../arm-none-eabi/lib/thumb/v7-m/nofp/libc_nano.a(lib_a-mprec.o)
                0x0000000008003bfc                __lo0bits
 *fill*         0x0000000008003c56        0x2 
 .text.__i2b    0x0000000008003c58       0x2c /home/hao/Documents/gcc-arm-none-eabi/bin/../lib/gcc/arm-none-eabi/10.2.1/../../../../arm-none-eabi/lib/thumb/v7-m/nofp/libc_nano.a(lib_a-mprec.o)
                0x0000000008003c58                __i2b
 .text.__multiply
                0x0000000008003c84      0x150 /home/hao/Documents/gcc-arm-none-eabi/bin/../lib/gcc/arm-none-eabi/10.2.1/../../../../arm-none-eabi/lib/thumb/v7-m/nofp/libc_nano.a(lib_a-mprec.o)
                0x0000000008003c84                __multiply
 .text.__pow5mult
                0x0000000008003dd4       0xb4 /home/hao/Documents/gcc-arm-none-eabi/bin/../lib/gcc/arm-none-eabi/10.2.1/../../../../arm-none-eabi/lib/thumb/v7-m/nofp/libc_nano.a(lib_a-mprec.o)
                0x0000000008003dd4                __pow5mult
 .text.__lshift
                0x0000000008003e88       0xe0 /home/hao/Documents/gcc-arm-none-eabi/bin/../lib/gcc/arm-none-eabi/10.2.1/../../../../arm-none-eabi/lib/thumb/v7-m/nofp/libc_nano.a(lib_a-mprec.o)
                0x0000000008003e88                __lshift
 .text.__mcmp   0x0000000008003f68       0x36 /home/hao/Documents/gcc-arm-none-eabi/bin/../lib/gcc/arm-none-eabi/10.2.1/../../../../arm-none-eabi/lib/thumb/v7-m/nofp/libc_nano.a(lib_a-mprec.o)
                0x0000000008003f68                __mcmp
 *fill*         0x0000000008003f9e        0x2 
 .text.__mdiff  0x0000000008003fa0      0x118 /home/hao/Documents/gcc-arm-none-eabi/bin/../lib/gcc/arm-none-eabi/10.2.1/../../../../arm-none-eabi/lib/thumb/v7-m/nofp/libc_nano.a(lib_a-mprec.o)
                0x0000000008003fa0                __mdiff
 .text.__d2b    0x00000000080040b8       0xb8 /home/hao/Documents/gcc-arm-none-eabi/bin/../lib/gcc/arm-none-eabi/10.2.1/../../../../arm-none-eabi/lib/thumb/v7-m/nofp/libc_nano.a(lib_a-mprec.o)
                0x00000000080040b8                __d2b
 .text._calloc_r
                0x0000000008004170       0x1c /home/hao/Documents/gcc-arm-none-eabi/bin/../lib/gcc/arm-none-eabi/10.2.1/../../../../arm-none-eabi/lib/thumb/v7-m/nofp/libc_nano.a(lib_a-nano-callocr.o)
                0x0000000008004170                _calloc_r
 .text._free_r  0x000000000800418c       0x90 /home/hao/Documents/gcc-arm-none-eabi/bin/../lib/gcc/arm-none-eabi/10.2.1/../../../../arm-none-eabi/lib/thumb/v7-m/nofp/libc_nano.a(lib_a-nano-freer.o)
                0x000000000800418c                _free_r
 .text._malloc_r
                0x000000000800421c       0xb4 /home/hao/Documents/gcc-arm-none-eabi/bin/../lib/gcc/arm-none-eabi/10.2.1/../../../../arm-none-eabi/lib/thumb/v7-m/nofp/libc_nano.a(lib_a-nano-mallocr.o)
                0x000000000800421c                _malloc_r
 .text.__ssputs_r
                0x00000000080042d0       0xb6 /home/hao/Documents/gcc-arm-none-eabi/bin/../lib/gcc/arm-none-eabi/10.2.1/../../../../arm-none-eabi/lib/thumb/v7-m/nofp/libc_nano.a(lib_a-nano-svfprintf.o)
                0x00000000080042d0                __ssputs_r
 *fill*         0x0000000008004386        0x2 
 .text._svfprintf_r
                0x0000000008004388      0x200 /home/hao/Documents/gcc-arm-none-eabi/bin/../lib/gcc/arm-none-eabi/10.2.1/../../../../arm-none-eabi/lib/thumb/v7-m/nofp/libc_nano.a(lib_a-nano-svfprintf.o)
                0x0000000008004388                _svfprintf_r
                0x0000000008004388                _svfiprintf_r
 .text._sungetc_r
                0x0000000008004588       0x7a /home/hao/Documents/gcc-arm-none-eabi/bin/../lib/gcc/arm-none-eabi/10.2.1/../../../../arm-none-eabi/lib/thumb/v7-m/nofp/libc_nano.a(lib_a-nano-svfscanf.o)
                0x0000000008004588                _sungetc_r
 .text.__ssrefill_r
                0x0000000008004602       0x3a /home/hao/Documents/gcc-arm-none-eabi/bin/../lib/gcc/arm-none-eabi/10.2.1/../../../../arm-none-eabi/lib/thumb/v7-m/nofp/libc_nano.a(lib_a-nano-svfscanf.o)
                0x0000000008004602                __ssrefill_r
 .text.__ssvfscanf_r
                0x000000000800463c      0x2f4 /home/hao/Documents/gcc-arm-none-eabi/bin/../lib/gcc/arm-none-eabi/10.2.1/../../../../arm-none-eabi/lib/thumb/v7-m/nofp/libc_nano.a(lib_a-nano-svfscanf.o)
                0x000000000800463c                __ssvfscanf_r
                0x000000000800463c                __ssvfiscanf_r
 .text.__sfputc_r
                0x0000000008004930       0x2a /home/hao/Documents/gcc-arm-none-eabi/bin/../lib/gcc/arm-none-eabi/10.2.1/../../../../arm-none-eabi/lib/thumb/v7-m/nofp/libc_nano.a(lib_a-nano-vfprintf.o)
 .text.__sfputs_r
                0x000000000800495a       0x24 /home/hao/Documents/gcc-arm-none-eabi/bin/../lib/gcc/arm-none-eabi/10.2.1/../../../../arm-none-eabi/lib/thumb/v7-m/nofp/libc_nano.a(lib_a-nano-vfprintf.o)
                0x000000000800495a                __sfputs_r
 *fill*         0x000000000800497e        0x2 
 .text._vfprintf_r
                0x0000000008004980      0x260 /home/hao/Documents/gcc-arm-none-eabi/bin/../lib/gcc/arm-none-eabi/10.2.1/../../../../arm-none-eabi/lib/thumb/v7-m/nofp/libc_nano.a(lib_a-nano-vfprintf.o)
                0x0000000008004980                _vfiprintf_r
                0x0000000008004980                _vfprintf_r
 .text._scanf_chars
                0x0000000008004be0       0xb4 /home/hao/Documents/gcc-arm-none-eabi/bin/../lib/gcc/arm-none-eabi/10.2.1/../../../../arm-none-eabi/lib/thumb/v7-m/nofp/libc_nano.a(lib_a-nano-vfscanf_i.o)
                0x0000000008004be0                _scanf_chars
 .text._scanf_i
                0x0000000008004c94      0x1e4 /home/hao/Documents/gcc-arm-none-eabi/bin/../lib/gcc/arm-none-eabi/10.2.1/../../../../arm-none-eabi/lib/thumb/v7-m/nofp/libc_nano.a(lib_a-nano-vfscanf_i.o)
                0x0000000008004c94                _scanf_i
 .text._read_r  0x0000000008004e78       0x24 /home/hao/Documents/gcc-arm-none-eabi/bin/../lib/gcc/arm-none-eabi/10.2.1/../../../../arm-none-eabi/lib/thumb/v7-m/nofp/libc_nano.a(lib_a-readr.o)
                0x0000000008004e78                _read_r
 .text._sbrk_r  0x0000000008004e9c       0x20 /home/hao/Documents/gcc-arm-none-eabi/bin/../lib/gcc/arm-none-eabi/10.2.1/../../../../arm-none-eabi/lib/thumb/v7-m/nofp/libc_nano.a(lib_a-sbrkr.o)
                0x0000000008004e9c                _sbrk_r
 .text.__sccl   0x0000000008004ebc       0x70 /home/hao/Documents/gcc-arm-none-eabi/bin/../lib/gcc/arm-none-eabi/10.2.1/../../../../arm-none-eabi/lib/thumb/v7-m/nofp/libc_nano.a(lib_a-sccl.o)
                0x0000000008004ebc                __sccl
 .text._strtol_l.constprop.0
                0x0000000008004f2c       0xf8 /home/hao/Documents/gcc-arm-none-eabi/bin/../lib/gcc/arm-none-eabi/10.2.1/../../../../arm-none-eabi/lib/thumb/v7-m/nofp/libc_nano.a(lib_a-strtol.o)
 .text._strtol_r
                0x0000000008005024        0x4 /home/hao/Documents/gcc-arm-none-eabi/bin/../lib/gcc/arm-none-eabi/10.2.1/../../../../arm-none-eabi/lib/thumb/v7-m/nofp/libc_nano.a(lib_a-strtol.o)
                0x0000000008005024                _strtol_r
 .text._strtoul_l.constprop.0
                0x0000000008005028       0xe4 /home/hao/Documents/gcc-arm-none-eabi/bin/../lib/gcc/arm-none-eabi/10.2.1/../../../../arm-none-eabi/lib/thumb/v7-m/nofp/libc_nano.a(lib_a-strtoul.o)
 .text._strtoul_r
                0x000000000800510c        0x4 /home/hao/Documents/gcc-arm-none-eabi/bin/../lib/gcc/arm-none-eabi/10.2.1/../../../../arm-none-eabi/lib/thumb/v7-m/nofp/libc_nano.a(lib_a-strtoul.o)
                0x000000000800510c                _strtoul_r
 .text.__submore
                0x0000000008005110       0x70 /home/hao/Documents/gcc-arm-none-eabi/bin/../lib/gcc/arm-none-eabi/10.2.1/../../../../arm-none-eabi/lib/thumb/v7-m/nofp/libc_nano.a(lib_a-ungetc.o)
                0x0000000008005110                __submore
 .text.__assert_func
                0x0000000008005180       0x3c /home/hao/Documents/gcc-arm-none-eabi/bin/../lib/gcc/arm-none-eabi/10.2.1/../../../../arm-none-eabi/lib/thumb/v7-m/nofp/libc_nano.a(lib_a-assert.o)
                0x0000000008005180                __assert_func
 .text.__errno  0x00000000080051bc        0xc /home/hao/Documents/gcc-arm-none-eabi/bin/../lib/gcc/arm-none-eabi/10.2.1/../../../../arm-none-eabi/lib/thumb/v7-m/nofp/libc_nano.a(lib_a-errno.o)
                0x00000000080051bc                __errno
 .text.fprintf  0x00000000080051c8       0x24 /home/hao/Documents/gcc-arm-none-eabi/bin/../lib/gcc/arm-none-eabi/10.2.1/../../../../arm-none-eabi/lib/thumb/v7-m/nofp/libc_nano.a(lib_a-fprintf.o)
                0x00000000080051c8                fprintf
                0x00000000080051c8                fiprintf
 .text._fstat_r
                0x00000000080051ec       0x24 /home/hao/Documents/gcc-arm-none-eabi/bin/../lib/gcc/arm-none-eabi/10.2.1/../../../../arm-none-eabi/lib/thumb/v7-m/nofp/libc_nano.a(lib_a-fstatr.o)
                0x00000000080051ec                _fstat_r
 .text._isatty_r
                0x0000000008005210       0x20 /home/hao/Documents/gcc-arm-none-eabi/bin/../lib/gcc/arm-none-eabi/10.2.1/../../../../arm-none-eabi/lib/thumb/v7-m/nofp/libc_nano.a(lib_a-isattyr.o)
                0x0000000008005210                _isatty_r
 .text.__ascii_mbtowc
                0x0000000008005230       0x24 /home/hao/Documents/gcc-arm-none-eabi/bin/../lib/gcc/arm-none-eabi/10.2.1/../../../../arm-none-eabi/lib/thumb/v7-m/nofp/libc_nano.a(lib_a-mbtowc_r.o)
                0x0000000008005230                __ascii_mbtowc
 .text.memmove  0x0000000008005254       0x34 /home/hao/Documents/gcc-arm-none-eabi/bin/../lib/gcc/arm-none-eabi/10.2.1/../../../../arm-none-eabi/lib/thumb/v7-m/nofp/libc_nano.a(lib_a-memmove.o)
                0x0000000008005254                memmove
 .text.__malloc_lock
                0x0000000008005288        0xc /home/hao/Documents/gcc-arm-none-eabi/bin/../lib/gcc/arm-none-eabi/10.2.1/../../../../arm-none-eabi/lib/thumb/v7-m/nofp/libc_nano.a(lib_a-mlock.o)
                0x0000000008005288                __malloc_lock
 .text.__malloc_unlock
                0x0000000008005294        0xc /home/hao/Documents/gcc-arm-none-eabi/bin/../lib/gcc/arm-none-eabi/10.2.1/../../../../arm-none-eabi/lib/thumb/v7-m/nofp/libc_nano.a(lib_a-mlock.o)
                0x0000000008005294                __malloc_unlock
 .text._realloc_r
                0x00000000080052a0       0x4c /home/hao/Documents/gcc-arm-none-eabi/bin/../lib/gcc/arm-none-eabi/10.2.1/../../../../arm-none-eabi/lib/thumb/v7-m/nofp/libc_nano.a(lib_a-nano-reallocr.o)
                0x00000000080052a0                _realloc_r
 .text.__ascii_wctomb
                0x00000000080052ec       0x1a /home/hao/Documents/gcc-arm-none-eabi/bin/../lib/gcc/arm-none-eabi/10.2.1/../../../../arm-none-eabi/lib/thumb/v7-m/nofp/libc_nano.a(lib_a-wctomb_r.o)
                0x00000000080052ec                __ascii_wctomb
 .text.abort    0x0000000008005306        0xe /home/hao/Documents/gcc-arm-none-eabi/bin/../lib/gcc/arm-none-eabi/10.2.1/../../../../arm-none-eabi/lib/thumb/v7-m/nofp/libc_nano.a(lib_a-abort.o)
                0x0000000008005306                abort
 .text._malloc_usable_size_r
                0x0000000008005314       0x10 /home/hao/Documents/gcc-arm-none-eabi/bin/../lib/gcc/arm-none-eabi/10.2.1/../../../../arm-none-eabi/lib/thumb/v7-m/nofp/libc_nano.a(lib_a-nano-msizer.o)
                0x0000000008005314                _malloc_usable_size_r
 .text._raise_r
                0x0000000008005324       0x50 /home/hao/Documents/gcc-arm-none-eabi/bin/../lib/gcc/arm-none-eabi/10.2.1/../../../../arm-none-eabi/lib/thumb/v7-m/nofp/libc_nano.a(lib_a-signal.o)
                0x0000000008005324                _raise_r
 .text.raise    0x0000000008005374       0x10 /home/hao/Documents/gcc-arm-none-eabi/bin/../lib/gcc/arm-none-eabi/10.2.1/../../../../arm-none-eabi/lib/thumb/v7-m/nofp/libc_nano.a(lib_a-signal.o)
                0x0000000008005374                raise
 .text._kill_r  0x0000000008005384       0x24 /home/hao/Documents/gcc-arm-none-eabi/bin/../lib/gcc/arm-none-eabi/10.2.1/../../../../arm-none-eabi/lib/thumb/v7-m/nofp/libc_nano.a(lib_a-signalr.o)
                0x0000000008005384                _kill_r
 .text._getpid_r
                0x00000000080053a8        0x4 /home/hao/Documents/gcc-arm-none-eabi/bin/../lib/gcc/arm-none-eabi/10.2.1/../../../../arm-none-eabi/lib/thumb/v7-m/nofp/libc_nano.a(lib_a-signalr.o)
                0x00000000080053a8                _getpid_r
 .text._close   0x00000000080053ac       0x10 /home/hao/Documents/gcc-arm-none-eabi/bin/../lib/gcc/arm-none-eabi/10.2.1/../../../../arm-none-eabi/lib/thumb/v7-m/nofp/libnosys.a(close.o)
                0x00000000080053ac                _close
 .text._fstat   0x00000000080053bc       0x10 /home/hao/Documents/gcc-arm-none-eabi/bin/../lib/gcc/arm-none-eabi/10.2.1/../../../../arm-none-eabi/lib/thumb/v7-m/nofp/libnosys.a(fstat.o)
                0x00000000080053bc                _fstat
 .text._getpid  0x00000000080053cc       0x10 /home/hao/Documents/gcc-arm-none-eabi/bin/../lib/gcc/arm-none-eabi/10.2.1/../../../../arm-none-eabi/lib/thumb/v7-m/nofp/libnosys.a(getpid.o)
                0x00000000080053cc                _getpid
 .text._isatty  0x00000000080053dc       0x10 /home/hao/Documents/gcc-arm-none-eabi/bin/../lib/gcc/arm-none-eabi/10.2.1/../../../../arm-none-eabi/lib/thumb/v7-m/nofp/libnosys.a(isatty.o)
                0x00000000080053dc                _isatty
 .text._kill    0x00000000080053ec       0x10 /home/hao/Documents/gcc-arm-none-eabi/bin/../lib/gcc/arm-none-eabi/10.2.1/../../../../arm-none-eabi/lib/thumb/v7-m/nofp/libnosys.a(kill.o)
                0x00000000080053ec                _kill
 .text._lseek   0x00000000080053fc       0x10 /home/hao/Documents/gcc-arm-none-eabi/bin/../lib/gcc/arm-none-eabi/10.2.1/../../../../arm-none-eabi/lib/thumb/v7-m/nofp/libnosys.a(lseek.o)
                0x00000000080053fc                _lseek
 .text._read    0x000000000800540c       0x10 /home/hao/Documents/gcc-arm-none-eabi/bin/../lib/gcc/arm-none-eabi/10.2.1/../../../../arm-none-eabi/lib/thumb/v7-m/nofp/libnosys.a(read.o)
                0x000000000800540c                _read
 .text._sbrk    0x000000000800541c       0x1c /home/hao/Documents/gcc-arm-none-eabi/bin/../lib/gcc/arm-none-eabi/10.2.1/../../../../arm-none-eabi/lib/thumb/v7-m/nofp/libnosys.a(sbrk.o)
                0x000000000800541c                _sbrk
 .text._exit    0x0000000008005438        0x4 /home/hao/Documents/gcc-arm-none-eabi/bin/../lib/gcc/arm-none-eabi/10.2.1/../../../../arm-none-eabi/lib/thumb/v7-m/nofp/libnosys.a(_exit.o)
                0x0000000008005438                _exit
 *(.rodata)
 .rodata        0x000000000800543c        0xc /home/hao/Documents/gcc-arm-none-eabi/bin/../lib/gcc/arm-none-eabi/10.2.1/../../../../arm-none-eabi/lib/thumb/v7-m/nofp/libc_nano.a(lib_a-nano-vfscanf_i.o)
 *(.rodata*)
 .rodata.main.str1.4
                0x0000000008005448       0x75 build/main.o
 *fill*         0x00000000080054bd        0x3 
 .rodata.USART2_IRQHandler.str1.4
                0x00000000080054c0        0x9 build/stm32f10x_it.o
 *fill*         0x00000000080054c9        0x3 
 .rodata.analytical_data.str1.4
                0x00000000080054cc       0x4e build/bsp_esp8266_test.o
 *fill*         0x000000000800551a        0x2 
 .rodata.ESP8266_StaTcpClient_Unvarnish_ConfigTest.str1.4
                0x000000000800551c      0x16b build/bsp_esp8266_test.o
 *fill*         0x0000000008005687        0x1 
 .rodata.ESP8266_CheckRecvDataTest.str1.4
                0x0000000008005688       0x60 build/bsp_esp8266_test.o
 .rodata.ESP8266_Cmd.str1.4
                0x00000000080056e8        0x5 build/bsp_esp8266.o
                                          0xb (size before relaxing)
 *fill*         0x00000000080056ed        0x3 
 .rodata.ESP8266_AT_Test.str1.4
                0x00000000080056f0       0x67 build/bsp_esp8266.o
 *fill*         0x0000000008005757        0x1 
 .rodata.ESP8266_Net_Mode_Choose.str1.4
                0x0000000008005758       0x30 build/bsp_esp8266.o
 .rodata.ESP8266_JoinAP.str1.4
                0x0000000008005788       0x13 build/bsp_esp8266.o
 *fill*         0x000000000800579b        0x1 
 .rodata.ESP8266_Enable_MultipleId.str1.4
                0x000000000800579c        0xd build/bsp_esp8266.o
 *fill*         0x00000000080057a9        0x3 
 .rodata.ESP8266_Link_Server.str1.4
                0x00000000080057ac       0x4b build/bsp_esp8266.o
 *fill*         0x00000000080057f7        0x1 
 .rodata.ESP8266_Get_LinkStatus.str1.4
                0x00000000080057f8       0x33 build/bsp_esp8266.o
 *fill*         0x000000000800582b        0x1 
 .rodata.ESP8266_UnvarnishSend.str1.4
                0x000000000800582c       0x1f build/bsp_esp8266.o
 *fill*         0x000000000800584b        0x1 
 .rodata.ESP8266_ExitUnvarnishSend.str1.4
                0x000000000800584c        0x4 build/bsp_esp8266.o
 .rodata._global_impure_ptr
                0x0000000008005850        0x4 /home/hao/Documents/gcc-arm-none-eabi/bin/../lib/gcc/arm-none-eabi/10.2.1/../../../../arm-none-eabi/lib/thumb/v7-m/nofp/libc_nano.a(lib_a-impure.o)
                0x0000000008005850                _global_impure_ptr
 .rodata._printf_float.str1.1
                0x0000000008005854       0x10 /home/hao/Documents/gcc-arm-none-eabi/bin/../lib/gcc/arm-none-eabi/10.2.1/../../../../arm-none-eabi/lib/thumb/v7-m/nofp/libc_nano.a(lib_a-nano-vfprintf_float.o)
                                         0x12 (size before relaxing)
 .rodata._printf_i.str1.1
                0x0000000008005864       0x22 /home/hao/Documents/gcc-arm-none-eabi/bin/../lib/gcc/arm-none-eabi/10.2.1/../../../../arm-none-eabi/lib/thumb/v7-m/nofp/libc_nano.a(lib_a-nano-vfprintf_i.o)
 .rodata._dtoa_r.str1.1
                0x0000000008005886       0xb2 /home/hao/Documents/gcc-arm-none-eabi/bin/../lib/gcc/arm-none-eabi/10.2.1/../../../../arm-none-eabi/lib/thumb/v7-m/nofp/libc_nano.a(lib_a-dtoa.o)
                                         0xb4 (size before relaxing)
 .rodata.__sf_fake_stderr
                0x0000000008005938       0x20 /home/hao/Documents/gcc-arm-none-eabi/bin/../lib/gcc/arm-none-eabi/10.2.1/../../../../arm-none-eabi/lib/thumb/v7-m/nofp/libc_nano.a(lib_a-findfp.o)
                0x0000000008005938                __sf_fake_stderr
 .rodata.__sf_fake_stdin
                0x0000000008005958       0x20 /home/hao/Documents/gcc-arm-none-eabi/bin/../lib/gcc/arm-none-eabi/10.2.1/../../../../arm-none-eabi/lib/thumb/v7-m/nofp/libc_nano.a(lib_a-findfp.o)
                0x0000000008005958                __sf_fake_stdin
 .rodata.__sf_fake_stdout
                0x0000000008005978       0x20 /home/hao/Documents/gcc-arm-none-eabi/bin/../lib/gcc/arm-none-eabi/10.2.1/../../../../arm-none-eabi/lib/thumb/v7-m/nofp/libc_nano.a(lib_a-findfp.o)
                0x0000000008005978                __sf_fake_stdout
 .rodata._Balloc.str1.1
                0x0000000008005998       0x7e /home/hao/Documents/gcc-arm-none-eabi/bin/../lib/gcc/arm-none-eabi/10.2.1/../../../../arm-none-eabi/lib/thumb/v7-m/nofp/libc_nano.a(lib_a-mprec.o)
                                         0x95 (size before relaxing)
 .rodata.__multadd.str1.1
                0x0000000008005a16       0x11 /home/hao/Documents/gcc-arm-none-eabi/bin/../lib/gcc/arm-none-eabi/10.2.1/../../../../arm-none-eabi/lib/thumb/v7-m/nofp/libc_nano.a(lib_a-mprec.o)
 *fill*         0x0000000008005a16        0x2 
 .rodata.__mprec_bigtens
                0x0000000008005a18       0x28 /home/hao/Documents/gcc-arm-none-eabi/bin/../lib/gcc/arm-none-eabi/10.2.1/../../../../arm-none-eabi/lib/thumb/v7-m/nofp/libc_nano.a(lib_a-mprec.o)
                0x0000000008005a18                __mprec_bigtens
 .rodata.__mprec_tens
                0x0000000008005a40       0xc8 /home/hao/Documents/gcc-arm-none-eabi/bin/../lib/gcc/arm-none-eabi/10.2.1/../../../../arm-none-eabi/lib/thumb/v7-m/nofp/libc_nano.a(lib_a-mprec.o)
                0x0000000008005a40                __mprec_tens
 .rodata.p05.0  0x0000000008005b08        0xc /home/hao/Documents/gcc-arm-none-eabi/bin/../lib/gcc/arm-none-eabi/10.2.1/../../../../arm-none-eabi/lib/thumb/v7-m/nofp/libc_nano.a(lib_a-mprec.o)
 .rodata._svfprintf_r.str1.1
                0x0000000008005b14       0x11 /home/hao/Documents/gcc-arm-none-eabi/bin/../lib/gcc/arm-none-eabi/10.2.1/../../../../arm-none-eabi/lib/thumb/v7-m/nofp/libc_nano.a(lib_a-nano-svfprintf.o)
 .rodata.__ssvfscanf_r.str1.1
                0x0000000008005b25        0x4 /home/hao/Documents/gcc-arm-none-eabi/bin/../lib/gcc/arm-none-eabi/10.2.1/../../../../arm-none-eabi/lib/thumb/v7-m/nofp/libc_nano.a(lib_a-nano-svfscanf.o)
 .rodata._vfprintf_r.str1.1
                0x0000000008005b25       0x11 /home/hao/Documents/gcc-arm-none-eabi/bin/../lib/gcc/arm-none-eabi/10.2.1/../../../../arm-none-eabi/lib/thumb/v7-m/nofp/libc_nano.a(lib_a-nano-vfprintf.o)
 .rodata.str1.1
                0x0000000008005b25        0x9 /home/hao/Documents/gcc-arm-none-eabi/bin/../lib/gcc/arm-none-eabi/10.2.1/../../../../arm-none-eabi/lib/thumb/v7-m/nofp/libc_nano.a(lib_a-nano-vfscanf_i.o)
 .rodata._scanf_i.str1.1
                0x0000000008005b2e       0x12 /home/hao/Documents/gcc-arm-none-eabi/bin/../lib/gcc/arm-none-eabi/10.2.1/../../../../arm-none-eabi/lib/thumb/v7-m/nofp/libc_nano.a(lib_a-nano-vfscanf_i.o)
 .rodata.__assert_func.str1.1
                0x0000000008005b40       0x3c /home/hao/Documents/gcc-arm-none-eabi/bin/../lib/gcc/arm-none-eabi/10.2.1/../../../../arm-none-eabi/lib/thumb/v7-m/nofp/libc_nano.a(lib_a-assert.o)
                                         0x3d (size before relaxing)
 .rodata._ctype_
                0x0000000008005b7c      0x101 /home/hao/Documents/gcc-arm-none-eabi/bin/../lib/gcc/arm-none-eabi/10.2.1/../../../../arm-none-eabi/lib/thumb/v7-m/nofp/libc_nano.a(lib_a-ctype_.o)
                0x0000000008005b7c                _ctype_
 .rodata._setlocale_r.str1.1
                0x0000000008005c7d        0x8 /home/hao/Documents/gcc-arm-none-eabi/bin/../lib/gcc/arm-none-eabi/10.2.1/../../../../arm-none-eabi/lib/thumb/v7-m/nofp/libc_nano.a(lib_a-locale.o)
                                          0x9 (size before relaxing)
 .rodata.str1.1
                0x0000000008005c85        0x2 /home/hao/Documents/gcc-arm-none-eabi/bin/../lib/gcc/arm-none-eabi/10.2.1/../../../../arm-none-eabi/lib/thumb/v7-m/nofp/libc_nano.a(lib_a-locale.o)
 *(.glue_7)
 .glue_7        0x0000000008005c87        0x0 linker stubs
 *(.glue_7t)
 .glue_7t       0x0000000008005c87        0x0 linker stubs
 *(.init)
 *fill*         0x0000000008005c87        0x1 
 .init          0x0000000008005c88        0x4 /home/hao/Documents/gcc-arm-none-eabi/bin/../lib/gcc/arm-none-eabi/10.2.1/thumb/v7-m/nofp/crti.o
                0x0000000008005c88                _init
 .init          0x0000000008005c8c        0x8 /home/hao/Documents/gcc-arm-none-eabi/bin/../lib/gcc/arm-none-eabi/10.2.1/thumb/v7-m/nofp/crtn.o
 *(.fini)
 .fini          0x0000000008005c94        0x4 /home/hao/Documents/gcc-arm-none-eabi/bin/../lib/gcc/arm-none-eabi/10.2.1/thumb/v7-m/nofp/crti.o
                0x0000000008005c94                _fini
 .fini          0x0000000008005c98        0x8 /home/hao/Documents/gcc-arm-none-eabi/bin/../lib/gcc/arm-none-eabi/10.2.1/thumb/v7-m/nofp/crtn.o
                0x0000000008005ca0                . = ALIGN (0x4)
                0x0000000008005ca0                _etext = .

.vfp11_veneer   0x0000000008005ca0        0x0
 .vfp11_veneer  0x0000000008005ca0        0x0 linker stubs

.v4_bx          0x0000000008005ca0        0x0
 .v4_bx         0x0000000008005ca0        0x0 linker stubs

.iplt           0x0000000008005ca0        0x0
 .iplt          0x0000000008005ca0        0x0 /home/hao/Documents/gcc-arm-none-eabi/bin/../lib/gcc/arm-none-eabi/10.2.1/thumb/v7-m/nofp/crtbegin.o

.rel.dyn        0x0000000008005ca0        0x0
 .rel.iplt      0x0000000008005ca0        0x0 /home/hao/Documents/gcc-arm-none-eabi/bin/../lib/gcc/arm-none-eabi/10.2.1/thumb/v7-m/nofp/crtbegin.o

.ARM.extab
 *(.ARM.extab* .gnu.linkonce.armextab.*)

.ARM            0x0000000008005ca0        0x0
                0x0000000008005ca0                __exidx_start = .
 *(.ARM.exidx*)
                0x0000000008005ca0                __exidx_end = .

.ARM.attributes
                0x0000000008005ca0       0x29
 *(.ARM.attributes)
 .ARM.attributes
                0x0000000008005ca0       0x1d /home/hao/Documents/gcc-arm-none-eabi/bin/../lib/gcc/arm-none-eabi/10.2.1/thumb/v7-m/nofp/crti.o
 .ARM.attributes
                0x0000000008005cbd       0x2d /home/hao/Documents/gcc-arm-none-eabi/bin/../lib/gcc/arm-none-eabi/10.2.1/thumb/v7-m/nofp/crtbegin.o
 .ARM.attributes
                0x0000000008005cea       0x2d build/main.o
 .ARM.attributes
                0x0000000008005d17       0x2d build/stm32f10x_it.o
 .ARM.attributes
                0x0000000008005d44       0x2d build/common.o
 .ARM.attributes
                0x0000000008005d71       0x2d build/bsp_key.o
 .ARM.attributes
                0x0000000008005d9e       0x2d build/core_delay.o
 .ARM.attributes
                0x0000000008005dcb       0x2d build/bsp_usart.o
 .ARM.attributes
                0x0000000008005df8       0x2d build/bsp_esp8266_test.o
 .ARM.attributes
                0x0000000008005e25       0x2d build/bsp_esp8266.o
 .ARM.attributes
                0x0000000008005e52       0x2d build/system_stm32f10x.o
 .ARM.attributes
                0x0000000008005e7f       0x2d build/misc.o
 .ARM.attributes
                0x0000000008005eac       0x2d build/stm32f10x_gpio.o
 .ARM.attributes
                0x0000000008005ed9       0x2d build/stm32f10x_rcc.o
 .ARM.attributes
                0x0000000008005f06       0x2d build/stm32f10x_usart.o
 .ARM.attributes
                0x0000000008005f33       0x21 build/startup_stm32f10x_hd.o
 .ARM.attributes
                0x0000000008005f54       0x2d /home/hao/Documents/gcc-arm-none-eabi/bin/../lib/gcc/arm-none-eabi/10.2.1/../../../../arm-none-eabi/lib/thumb/v7-m/nofp/libc_nano.a(lib_a-impure.o)
 .ARM.attributes
                0x0000000008005f81       0x2d /home/hao/Documents/gcc-arm-none-eabi/bin/../lib/gcc/arm-none-eabi/10.2.1/../../../../arm-none-eabi/lib/thumb/v7-m/nofp/libc_nano.a(lib_a-init.o)
 .ARM.attributes
                0x0000000008005fae       0x2d /home/hao/Documents/gcc-arm-none-eabi/bin/../lib/gcc/arm-none-eabi/10.2.1/../../../../arm-none-eabi/lib/thumb/v7-m/nofp/libc_nano.a(lib_a-memset.o)
 .ARM.attributes
                0x0000000008005fdb       0x2d /home/hao/Documents/gcc-arm-none-eabi/bin/../lib/gcc/arm-none-eabi/10.2.1/../../../../arm-none-eabi/lib/thumb/v7-m/nofp/libc_nano.a(lib_a-nano-vfprintf_float.o)
 .ARM.attributes
                0x0000000008006008       0x2d /home/hao/Documents/gcc-arm-none-eabi/bin/../lib/gcc/arm-none-eabi/10.2.1/../../../../arm-none-eabi/lib/thumb/v7-m/nofp/libc_nano.a(lib_a-nano-vfprintf_i.o)
 .ARM.attributes
                0x0000000008006035       0x2d /home/hao/Documents/gcc-arm-none-eabi/bin/../lib/gcc/arm-none-eabi/10.2.1/../../../../arm-none-eabi/lib/thumb/v7-m/nofp/libc_nano.a(lib_a-printf.o)
 .ARM.attributes
                0x0000000008006062       0x2d /home/hao/Documents/gcc-arm-none-eabi/bin/../lib/gcc/arm-none-eabi/10.2.1/../../../../arm-none-eabi/lib/thumb/v7-m/nofp/libc_nano.a(lib_a-puts.o)
 .ARM.attributes
                0x000000000800608f       0x2d /home/hao/Documents/gcc-arm-none-eabi/bin/../lib/gcc/arm-none-eabi/10.2.1/../../../../arm-none-eabi/lib/thumb/v7-m/nofp/libc_nano.a(lib_a-sprintf.o)
 .ARM.attributes
                0x00000000080060bc       0x2d /home/hao/Documents/gcc-arm-none-eabi/bin/../lib/gcc/arm-none-eabi/10.2.1/../../../../arm-none-eabi/lib/thumb/v7-m/nofp/libc_nano.a(lib_a-sscanf.o)
 .ARM.attributes
                0x00000000080060e9       0x2d /home/hao/Documents/gcc-arm-none-eabi/bin/../lib/gcc/arm-none-eabi/10.2.1/../../../../arm-none-eabi/lib/thumb/v7-m/nofp/libc_nano.a(lib_a-stdio.o)
 .ARM.attributes
                0x0000000008006116       0x17 /home/hao/Documents/gcc-arm-none-eabi/bin/../lib/gcc/arm-none-eabi/10.2.1/../../../../arm-none-eabi/lib/thumb/v7-m/nofp/libc_nano.a(lib_a-strlen.o)
 .ARM.attributes
                0x000000000800612d       0x2d /home/hao/Documents/gcc-arm-none-eabi/bin/../lib/gcc/arm-none-eabi/10.2.1/../../../../arm-none-eabi/lib/thumb/v7-m/nofp/libc_nano.a(lib_a-strstr.o)
 .ARM.attributes
                0x000000000800615a       0x2d /home/hao/Documents/gcc-arm-none-eabi/bin/../lib/gcc/arm-none-eabi/10.2.1/../../../../arm-none-eabi/lib/thumb/v7-m/nofp/libc_nano.a(lib_a-wbuf.o)
 .ARM.attributes
                0x0000000008006187       0x2d /home/hao/Documents/gcc-arm-none-eabi/bin/../lib/gcc/arm-none-eabi/10.2.1/../../../../arm-none-eabi/lib/thumb/v7-m/nofp/libc_nano.a(lib_a-writer.o)
 .ARM.attributes
                0x00000000080061b4       0x2d /home/hao/Documents/gcc-arm-none-eabi/bin/../lib/gcc/arm-none-eabi/10.2.1/../../../../arm-none-eabi/lib/thumb/v7-m/nofp/libc_nano.a(lib_a-wsetup.o)
 .ARM.attributes
                0x00000000080061e1       0x2d /home/hao/Documents/gcc-arm-none-eabi/bin/../lib/gcc/arm-none-eabi/10.2.1/../../../../arm-none-eabi/lib/thumb/v7-m/nofp/libc_nano.a(lib_a-closer.o)
 .ARM.attributes
                0x000000000800620e       0x2d /home/hao/Documents/gcc-arm-none-eabi/bin/../lib/gcc/arm-none-eabi/10.2.1/../../../../arm-none-eabi/lib/thumb/v7-m/nofp/libc_nano.a(lib_a-dtoa.o)
 .ARM.attributes
                0x000000000800623b       0x2d /home/hao/Documents/gcc-arm-none-eabi/bin/../lib/gcc/arm-none-eabi/10.2.1/../../../../arm-none-eabi/lib/thumb/v7-m/nofp/libc_nano.a(lib_a-fflush.o)
 .ARM.attributes
                0x0000000008006268       0x2d /home/hao/Documents/gcc-arm-none-eabi/bin/../lib/gcc/arm-none-eabi/10.2.1/../../../../arm-none-eabi/lib/thumb/v7-m/nofp/libc_nano.a(lib_a-findfp.o)
 .ARM.attributes
                0x0000000008006295       0x2d /home/hao/Documents/gcc-arm-none-eabi/bin/../lib/gcc/arm-none-eabi/10.2.1/../../../../arm-none-eabi/lib/thumb/v7-m/nofp/libc_nano.a(lib_a-fwalk.o)
 .ARM.attributes
                0x00000000080062c2       0x2d /home/hao/Documents/gcc-arm-none-eabi/bin/../lib/gcc/arm-none-eabi/10.2.1/../../../../arm-none-eabi/lib/thumb/v7-m/nofp/libc_nano.a(lib_a-localeconv.o)
 .ARM.attributes
                0x00000000080062ef       0x2d /home/hao/Documents/gcc-arm-none-eabi/bin/../lib/gcc/arm-none-eabi/10.2.1/../../../../arm-none-eabi/lib/thumb/v7-m/nofp/libc_nano.a(lib_a-lock.o)
 .ARM.attributes
                0x000000000800631c       0x2d /home/hao/Documents/gcc-arm-none-eabi/bin/../lib/gcc/arm-none-eabi/10.2.1/../../../../arm-none-eabi/lib/thumb/v7-m/nofp/libc_nano.a(lib_a-lseekr.o)
 .ARM.attributes
                0x0000000008006349       0x2d /home/hao/Documents/gcc-arm-none-eabi/bin/../lib/gcc/arm-none-eabi/10.2.1/../../../../arm-none-eabi/lib/thumb/v7-m/nofp/libc_nano.a(lib_a-makebuf.o)
 .ARM.attributes
                0x0000000008006376       0x2d /home/hao/Documents/gcc-arm-none-eabi/bin/../lib/gcc/arm-none-eabi/10.2.1/../../../../arm-none-eabi/lib/thumb/v7-m/nofp/libc_nano.a(lib_a-malloc.o)
 .ARM.attributes
                0x00000000080063a3       0x2d /home/hao/Documents/gcc-arm-none-eabi/bin/../lib/gcc/arm-none-eabi/10.2.1/../../../../arm-none-eabi/lib/thumb/v7-m/nofp/libc_nano.a(lib_a-memchr-stub.o)
 .ARM.attributes
                0x00000000080063d0       0x2d /home/hao/Documents/gcc-arm-none-eabi/bin/../lib/gcc/arm-none-eabi/10.2.1/../../../../arm-none-eabi/lib/thumb/v7-m/nofp/libc_nano.a(lib_a-memcpy-stub.o)
 .ARM.attributes
                0x00000000080063fd       0x2d /home/hao/Documents/gcc-arm-none-eabi/bin/../lib/gcc/arm-none-eabi/10.2.1/../../../../arm-none-eabi/lib/thumb/v7-m/nofp/libc_nano.a(lib_a-mprec.o)
 .ARM.attributes
                0x000000000800642a       0x2d /home/hao/Documents/gcc-arm-none-eabi/bin/../lib/gcc/arm-none-eabi/10.2.1/../../../../arm-none-eabi/lib/thumb/v7-m/nofp/libc_nano.a(lib_a-nano-callocr.o)
 .ARM.attributes
                0x0000000008006457       0x2d /home/hao/Documents/gcc-arm-none-eabi/bin/../lib/gcc/arm-none-eabi/10.2.1/../../../../arm-none-eabi/lib/thumb/v7-m/nofp/libc_nano.a(lib_a-nano-freer.o)
 .ARM.attributes
                0x0000000008006484       0x2d /home/hao/Documents/gcc-arm-none-eabi/bin/../lib/gcc/arm-none-eabi/10.2.1/../../../../arm-none-eabi/lib/thumb/v7-m/nofp/libc_nano.a(lib_a-nano-mallocr.o)
 .ARM.attributes
                0x00000000080064b1       0x2d /home/hao/Documents/gcc-arm-none-eabi/bin/../lib/gcc/arm-none-eabi/10.2.1/../../../../arm-none-eabi/lib/thumb/v7-m/nofp/libc_nano.a(lib_a-nano-svfprintf.o)
 .ARM.attributes
                0x00000000080064de       0x2d /home/hao/Documents/gcc-arm-none-eabi/bin/../lib/gcc/arm-none-eabi/10.2.1/../../../../arm-none-eabi/lib/thumb/v7-m/nofp/libc_nano.a(lib_a-nano-svfscanf.o)
 .ARM.attributes
                0x000000000800650b       0x2d /home/hao/Documents/gcc-arm-none-eabi/bin/../lib/gcc/arm-none-eabi/10.2.1/../../../../arm-none-eabi/lib/thumb/v7-m/nofp/libc_nano.a(lib_a-nano-vfprintf.o)
 .ARM.attributes
                0x0000000008006538       0x2d /home/hao/Documents/gcc-arm-none-eabi/bin/../lib/gcc/arm-none-eabi/10.2.1/../../../../arm-none-eabi/lib/thumb/v7-m/nofp/libc_nano.a(lib_a-nano-vfscanf_i.o)
 .ARM.attributes
                0x0000000008006565       0x2d /home/hao/Documents/gcc-arm-none-eabi/bin/../lib/gcc/arm-none-eabi/10.2.1/../../../../arm-none-eabi/lib/thumb/v7-m/nofp/libc_nano.a(lib_a-readr.o)
 .ARM.attributes
                0x0000000008006592       0x2d /home/hao/Documents/gcc-arm-none-eabi/bin/../lib/gcc/arm-none-eabi/10.2.1/../../../../arm-none-eabi/lib/thumb/v7-m/nofp/libc_nano.a(lib_a-reent.o)
 .ARM.attributes
                0x00000000080065bf       0x2d /home/hao/Documents/gcc-arm-none-eabi/bin/../lib/gcc/arm-none-eabi/10.2.1/../../../../arm-none-eabi/lib/thumb/v7-m/nofp/libc_nano.a(lib_a-sbrkr.o)
 .ARM.attributes
                0x00000000080065ec       0x2d /home/hao/Documents/gcc-arm-none-eabi/bin/../lib/gcc/arm-none-eabi/10.2.1/../../../../arm-none-eabi/lib/thumb/v7-m/nofp/libc_nano.a(lib_a-sccl.o)
 .ARM.attributes
                0x0000000008006619       0x2d /home/hao/Documents/gcc-arm-none-eabi/bin/../lib/gcc/arm-none-eabi/10.2.1/../../../../arm-none-eabi/lib/thumb/v7-m/nofp/libc_nano.a(lib_a-strtol.o)
 .ARM.attributes
                0x0000000008006646       0x2d /home/hao/Documents/gcc-arm-none-eabi/bin/../lib/gcc/arm-none-eabi/10.2.1/../../../../arm-none-eabi/lib/thumb/v7-m/nofp/libc_nano.a(lib_a-strtoul.o)
 .ARM.attributes
                0x0000000008006673       0x2d /home/hao/Documents/gcc-arm-none-eabi/bin/../lib/gcc/arm-none-eabi/10.2.1/../../../../arm-none-eabi/lib/thumb/v7-m/nofp/libc_nano.a(lib_a-ungetc.o)
 .ARM.attributes
                0x00000000080066a0       0x2d /home/hao/Documents/gcc-arm-none-eabi/bin/../lib/gcc/arm-none-eabi/10.2.1/../../../../arm-none-eabi/lib/thumb/v7-m/nofp/libc_nano.a(lib_a-assert.o)
 .ARM.attributes
                0x00000000080066cd       0x2d /home/hao/Documents/gcc-arm-none-eabi/bin/../lib/gcc/arm-none-eabi/10.2.1/../../../../arm-none-eabi/lib/thumb/v7-m/nofp/libc_nano.a(lib_a-ctype_.o)
 .ARM.attributes
                0x00000000080066fa       0x2d /home/hao/Documents/gcc-arm-none-eabi/bin/../lib/gcc/arm-none-eabi/10.2.1/../../../../arm-none-eabi/lib/thumb/v7-m/nofp/libc_nano.a(lib_a-errno.o)
 .ARM.attributes
                0x0000000008006727       0x2d /home/hao/Documents/gcc-arm-none-eabi/bin/../lib/gcc/arm-none-eabi/10.2.1/../../../../arm-none-eabi/lib/thumb/v7-m/nofp/libc_nano.a(lib_a-fprintf.o)
 .ARM.attributes
                0x0000000008006754       0x2d /home/hao/Documents/gcc-arm-none-eabi/bin/../lib/gcc/arm-none-eabi/10.2.1/../../../../arm-none-eabi/lib/thumb/v7-m/nofp/libc_nano.a(lib_a-fstatr.o)
 .ARM.attributes
                0x0000000008006781       0x2d /home/hao/Documents/gcc-arm-none-eabi/bin/../lib/gcc/arm-none-eabi/10.2.1/../../../../arm-none-eabi/lib/thumb/v7-m/nofp/libc_nano.a(lib_a-isattyr.o)
 .ARM.attributes
                0x00000000080067ae       0x2d /home/hao/Documents/gcc-arm-none-eabi/bin/../lib/gcc/arm-none-eabi/10.2.1/../../../../arm-none-eabi/lib/thumb/v7-m/nofp/libc_nano.a(lib_a-locale.o)
 .ARM.attributes
                0x00000000080067db       0x2d /home/hao/Documents/gcc-arm-none-eabi/bin/../lib/gcc/arm-none-eabi/10.2.1/../../../../arm-none-eabi/lib/thumb/v7-m/nofp/libc_nano.a(lib_a-mbtowc_r.o)
 .ARM.attributes
                0x0000000008006808       0x2d /home/hao/Documents/gcc-arm-none-eabi/bin/../lib/gcc/arm-none-eabi/10.2.1/../../../../arm-none-eabi/lib/thumb/v7-m/nofp/libc_nano.a(lib_a-memmove.o)
 .ARM.attributes
                0x0000000008006835       0x2d /home/hao/Documents/gcc-arm-none-eabi/bin/../lib/gcc/arm-none-eabi/10.2.1/../../../../arm-none-eabi/lib/thumb/v7-m/nofp/libc_nano.a(lib_a-mlock.o)
 .ARM.attributes
                0x0000000008006862       0x2d /home/hao/Documents/gcc-arm-none-eabi/bin/../lib/gcc/arm-none-eabi/10.2.1/../../../../arm-none-eabi/lib/thumb/v7-m/nofp/libc_nano.a(lib_a-nano-reallocr.o)
 .ARM.attributes
                0x000000000800688f       0x2d /home/hao/Documents/gcc-arm-none-eabi/bin/../lib/gcc/arm-none-eabi/10.2.1/../../../../arm-none-eabi/lib/thumb/v7-m/nofp/libc_nano.a(lib_a-wctomb_r.o)
 .ARM.attributes
                0x00000000080068bc       0x2d /home/hao/Documents/gcc-arm-none-eabi/bin/../lib/gcc/arm-none-eabi/10.2.1/../../../../arm-none-eabi/lib/thumb/v7-m/nofp/libc_nano.a(lib_a-abort.o)
 .ARM.attributes
                0x00000000080068e9       0x2d /home/hao/Documents/gcc-arm-none-eabi/bin/../lib/gcc/arm-none-eabi/10.2.1/../../../../arm-none-eabi/lib/thumb/v7-m/nofp/libc_nano.a(lib_a-nano-msizer.o)
 .ARM.attributes
                0x0000000008006916       0x2d /home/hao/Documents/gcc-arm-none-eabi/bin/../lib/gcc/arm-none-eabi/10.2.1/../../../../arm-none-eabi/lib/thumb/v7-m/nofp/libc_nano.a(lib_a-signal.o)
 .ARM.attributes
                0x0000000008006943       0x2d /home/hao/Documents/gcc-arm-none-eabi/bin/../lib/gcc/arm-none-eabi/10.2.1/../../../../arm-none-eabi/lib/thumb/v7-m/nofp/libc_nano.a(lib_a-signalr.o)
 .ARM.attributes
                0x0000000008006970       0x2d /home/hao/Documents/gcc-arm-none-eabi/bin/../lib/gcc/arm-none-eabi/10.2.1/../../../../arm-none-eabi/lib/thumb/v7-m/nofp/libnosys.a(close.o)
 .ARM.attributes
                0x000000000800699d       0x2d /home/hao/Documents/gcc-arm-none-eabi/bin/../lib/gcc/arm-none-eabi/10.2.1/../../../../arm-none-eabi/lib/thumb/v7-m/nofp/libnosys.a(fstat.o)
 .ARM.attributes
                0x00000000080069ca       0x2d /home/hao/Documents/gcc-arm-none-eabi/bin/../lib/gcc/arm-none-eabi/10.2.1/../../../../arm-none-eabi/lib/thumb/v7-m/nofp/libnosys.a(getpid.o)
 .ARM.attributes
                0x00000000080069f7       0x2d /home/hao/Documents/gcc-arm-none-eabi/bin/../lib/gcc/arm-none-eabi/10.2.1/../../../../arm-none-eabi/lib/thumb/v7-m/nofp/libnosys.a(isatty.o)
 .ARM.attributes
                0x0000000008006a24       0x2d /home/hao/Documents/gcc-arm-none-eabi/bin/../lib/gcc/arm-none-eabi/10.2.1/../../../../arm-none-eabi/lib/thumb/v7-m/nofp/libnosys.a(kill.o)
 .ARM.attributes
                0x0000000008006a51       0x2d /home/hao/Documents/gcc-arm-none-eabi/bin/../lib/gcc/arm-none-eabi/10.2.1/../../../../arm-none-eabi/lib/thumb/v7-m/nofp/libnosys.a(lseek.o)
 .ARM.attributes
                0x0000000008006a7e       0x2d /home/hao/Documents/gcc-arm-none-eabi/bin/../lib/gcc/arm-none-eabi/10.2.1/../../../../arm-none-eabi/lib/thumb/v7-m/nofp/libnosys.a(read.o)
 .ARM.attributes
                0x0000000008006aab       0x2d /home/hao/Documents/gcc-arm-none-eabi/bin/../lib/gcc/arm-none-eabi/10.2.1/../../../../arm-none-eabi/lib/thumb/v7-m/nofp/libnosys.a(sbrk.o)
 .ARM.attributes
                0x0000000008006ad8       0x2d /home/hao/Documents/gcc-arm-none-eabi/bin/../lib/gcc/arm-none-eabi/10.2.1/../../../../arm-none-eabi/lib/thumb/v7-m/nofp/libnosys.a(_exit.o)
 .ARM.attributes
                0x0000000008006b05       0x1d /home/hao/Documents/gcc-arm-none-eabi/bin/../lib/gcc/arm-none-eabi/10.2.1/thumb/v7-m/nofp/libgcc.a(_arm_addsubdf3.o)
 .ARM.attributes
                0x0000000008006b22       0x1d /home/hao/Documents/gcc-arm-none-eabi/bin/../lib/gcc/arm-none-eabi/10.2.1/thumb/v7-m/nofp/libgcc.a(_arm_muldivdf3.o)
 .ARM.attributes
                0x0000000008006b3f       0x1d /home/hao/Documents/gcc-arm-none-eabi/bin/../lib/gcc/arm-none-eabi/10.2.1/thumb/v7-m/nofp/libgcc.a(_arm_cmpdf2.o)
 .ARM.attributes
                0x0000000008006b5c       0x1d /home/hao/Documents/gcc-arm-none-eabi/bin/../lib/gcc/arm-none-eabi/10.2.1/thumb/v7-m/nofp/libgcc.a(_arm_unorddf2.o)
 .ARM.attributes
                0x0000000008006b79       0x1d /home/hao/Documents/gcc-arm-none-eabi/bin/../lib/gcc/arm-none-eabi/10.2.1/thumb/v7-m/nofp/libgcc.a(_arm_fixdfsi.o)
 .ARM.attributes
                0x0000000008006b96       0x1d /home/hao/Documents/gcc-arm-none-eabi/bin/../lib/gcc/arm-none-eabi/10.2.1/thumb/v7-m/nofp/crtn.o

.preinit_array  0x0000000008005ca0        0x0
                0x0000000008005ca0                PROVIDE (__preinit_array_start = .)
 *(.preinit_array*)
                0x0000000008005ca0                PROVIDE (__preinit_array_end = .)

.init_array     0x0000000008005ca0        0x4
                0x0000000008005ca0                PROVIDE (__init_array_start = .)
 *(SORT_BY_NAME(.init_array.*))
 *(.init_array*)
 .init_array    0x0000000008005ca0        0x4 /home/hao/Documents/gcc-arm-none-eabi/bin/../lib/gcc/arm-none-eabi/10.2.1/thumb/v7-m/nofp/crtbegin.o
                0x0000000008005ca4                PROVIDE (__init_array_end = .)

.fini_array     0x0000000008005ca4        0x4
                [!provide]                        PROVIDE (__fini_array_start = .)
 *(.fini_array*)
 .fini_array    0x0000000008005ca4        0x4 /home/hao/Documents/gcc-arm-none-eabi/bin/../lib/gcc/arm-none-eabi/10.2.1/thumb/v7-m/nofp/crtbegin.o
 *(SORT_BY_NAME(.fini_array.*))
                [!provide]                        PROVIDE (__fini_array_end = .)
                0x0000000008005ca8                _sidata = .

.data           0x0000000020000000      0x1e8 load address 0x0000000008005ca8
                0x0000000020000000                . = ALIGN (0x4)
                0x0000000020000000                _sdata = .
 *(.data)
 *(.data*)
 .data.SystemCoreClock
                0x0000000020000000        0x4 build/system_stm32f10x.o
                0x0000000020000000                SystemCoreClock
 .data.ADCPrescTable
                0x0000000020000004        0x4 build/stm32f10x_rcc.o
 .data.APBAHBPrescTable
                0x0000000020000008       0x10 build/stm32f10x_rcc.o
 .data._impure_ptr
                0x0000000020000018        0x4 /home/hao/Documents/gcc-arm-none-eabi/bin/../lib/gcc/arm-none-eabi/10.2.1/../../../../arm-none-eabi/lib/thumb/v7-m/nofp/libc_nano.a(lib_a-impure.o)
                0x0000000020000018                _impure_ptr
 .data.impure_data
                0x000000002000001c       0x60 /home/hao/Documents/gcc-arm-none-eabi/bin/../lib/gcc/arm-none-eabi/10.2.1/../../../../arm-none-eabi/lib/thumb/v7-m/nofp/libc_nano.a(lib_a-impure.o)
 .data.__global_locale
                0x000000002000007c      0x16c /home/hao/Documents/gcc-arm-none-eabi/bin/../lib/gcc/arm-none-eabi/10.2.1/../../../../arm-none-eabi/lib/thumb/v7-m/nofp/libc_nano.a(lib_a-locale.o)
                0x000000002000007c                __global_locale
                0x00000000200001e8                . = ALIGN (0x4)
                0x00000000200001e8                _edata = .

.igot.plt       0x00000000200001e8        0x0 load address 0x0000000008005e90
 .igot.plt      0x00000000200001e8        0x0 /home/hao/Documents/gcc-arm-none-eabi/bin/../lib/gcc/arm-none-eabi/10.2.1/thumb/v7-m/nofp/crtbegin.o
                0x00000000200001e8                . = ALIGN (0x4)

.bss            0x00000000200001e8      0x83c load address 0x0000000008005e90
                0x00000000200001e8                _sbss = .
                0x00000000200001e8                __bss_start__ = _sbss
 *(.bss)
 .bss           0x00000000200001e8       0x1c /home/hao/Documents/gcc-arm-none-eabi/bin/../lib/gcc/arm-none-eabi/10.2.1/thumb/v7-m/nofp/crtbegin.o
 *(.bss*)
 .bss.ucTcpClosedFlag
                0x0000000020000204        0x1 build/bsp_esp8266_test.o
                0x0000000020000204                ucTcpClosedFlag
 *fill*         0x0000000020000205        0x3 
 .bss.strEsp8266_Fram_Record
                0x0000000020000208      0x402 build/bsp_esp8266.o
                0x0000000020000208                strEsp8266_Fram_Record
 *fill*         0x000000002000060a        0x2 
 .bss.strUSART_Fram_Record
                0x000000002000060c      0x402 build/bsp_esp8266.o
                0x000000002000060c                strUSART_Fram_Record
 .bss.__lock___malloc_recursive_mutex
                0x0000000020000a0e        0x1 /home/hao/Documents/gcc-arm-none-eabi/bin/../lib/gcc/arm-none-eabi/10.2.1/../../../../arm-none-eabi/lib/thumb/v7-m/nofp/libc_nano.a(lib_a-lock.o)
                0x0000000020000a0e                __lock___malloc_recursive_mutex
 .bss.__lock___sfp_recursive_mutex
                0x0000000020000a0f        0x1 /home/hao/Documents/gcc-arm-none-eabi/bin/../lib/gcc/arm-none-eabi/10.2.1/../../../../arm-none-eabi/lib/thumb/v7-m/nofp/libc_nano.a(lib_a-lock.o)
                0x0000000020000a0f                __lock___sfp_recursive_mutex
 .bss.__lock___sinit_recursive_mutex
                0x0000000020000a10        0x1 /home/hao/Documents/gcc-arm-none-eabi/bin/../lib/gcc/arm-none-eabi/10.2.1/../../../../arm-none-eabi/lib/thumb/v7-m/nofp/libc_nano.a(lib_a-lock.o)
                0x0000000020000a10                __lock___sinit_recursive_mutex
 *fill*         0x0000000020000a11        0x3 
 .bss.__malloc_free_list
                0x0000000020000a14        0x4 /home/hao/Documents/gcc-arm-none-eabi/bin/../lib/gcc/arm-none-eabi/10.2.1/../../../../arm-none-eabi/lib/thumb/v7-m/nofp/libc_nano.a(lib_a-nano-mallocr.o)
                0x0000000020000a14                __malloc_free_list
 .bss.__malloc_sbrk_start
                0x0000000020000a18        0x4 /home/hao/Documents/gcc-arm-none-eabi/bin/../lib/gcc/arm-none-eabi/10.2.1/../../../../arm-none-eabi/lib/thumb/v7-m/nofp/libc_nano.a(lib_a-nano-mallocr.o)
                0x0000000020000a18                __malloc_sbrk_start
 .bss.errno     0x0000000020000a1c        0x4 /home/hao/Documents/gcc-arm-none-eabi/bin/../lib/gcc/arm-none-eabi/10.2.1/../../../../arm-none-eabi/lib/thumb/v7-m/nofp/libc_nano.a(lib_a-reent.o)
                0x0000000020000a1c                errno
 .bss.heap_end.0
                0x0000000020000a20        0x4 /home/hao/Documents/gcc-arm-none-eabi/bin/../lib/gcc/arm-none-eabi/10.2.1/../../../../arm-none-eabi/lib/thumb/v7-m/nofp/libnosys.a(sbrk.o)
 *(COMMON)
                0x0000000020000a24                . = ALIGN (0x4)
                0x0000000020000a24                _ebss = .
                0x0000000020000a24                __bss_end__ = _ebss
                0x0000000020000a24                PROVIDE (end = _ebss)
                [!provide]                        PROVIDE (_end = _ebss)

._user_heap_stack
                0x0000000020000a24      0x200 load address 0x00000000080066cc
                0x0000000020000a24                . = ALIGN (0x4)
                0x0000000020000a24                . = (. + _Min_Heap_Size)
                0x0000000020000c24                . = (. + _Min_Stack_Size)
 *fill*         0x0000000020000a24      0x200 
                0x0000000020000c24                . = ALIGN (0x4)

.memory_b1_text
 *(.mb1text)
 *(.mb1text*)
 *(.mb1rodata)
 *(.mb1rodata*)

/DISCARD/
 libc.a(*)
 libm.a(*)
 libgcc.a(*)
OUTPUT(build/Hao.elf elf32-littlearm)
LOAD linker stubs
LOAD /home/hao/Documents/gcc-arm-none-eabi/bin/../lib/gcc/arm-none-eabi/10.2.1/../../../../arm-none-eabi/lib/thumb/v7-m/nofp/libc.a
LOAD /home/hao/Documents/gcc-arm-none-eabi/bin/../lib/gcc/arm-none-eabi/10.2.1/../../../../arm-none-eabi/lib/thumb/v7-m/nofp/libm.a
LOAD /home/hao/Documents/gcc-arm-none-eabi/bin/../lib/gcc/arm-none-eabi/10.2.1/thumb/v7-m/nofp/libgcc.a

.debug_info     0x0000000000000000     0x66dc
 .debug_info    0x0000000000000000      0x334 build/main.o
 .debug_info    0x0000000000000334      0x4e1 build/stm32f10x_it.o
 .debug_info    0x0000000000000815      0x416 build/common.o
 .debug_info    0x0000000000000c2b      0x34a build/bsp_key.o
 .debug_info    0x0000000000000f75      0x15c build/core_delay.o
 .debug_info    0x00000000000010d1      0x9e1 build/bsp_usart.o
 .debug_info    0x0000000000001ab2      0x8fa build/bsp_esp8266_test.o
 .debug_info    0x00000000000023ac     0x1803 build/bsp_esp8266.o
 .debug_info    0x0000000000003baf      0x500 build/system_stm32f10x.o
 .debug_info    0x00000000000040af      0x596 build/misc.o
 .debug_info    0x0000000000004645      0x98f build/stm32f10x_gpio.o
 .debug_info    0x0000000000004fd4      0xa23 build/stm32f10x_rcc.o
 .debug_info    0x00000000000059f7      0xcc3 build/stm32f10x_usart.o
 .debug_info    0x00000000000066ba       0x22 build/startup_stm32f10x_hd.o

.debug_abbrev   0x0000000000000000     0x183c
 .debug_abbrev  0x0000000000000000       0xe3 build/main.o
 .debug_abbrev  0x00000000000000e3      0x1e0 build/stm32f10x_it.o
 .debug_abbrev  0x00000000000002c3      0x1bd build/common.o
 .debug_abbrev  0x0000000000000480      0x171 build/bsp_key.o
 .debug_abbrev  0x00000000000005f1       0xda build/core_delay.o
 .debug_abbrev  0x00000000000006cb      0x225 build/bsp_usart.o
 .debug_abbrev  0x00000000000008f0      0x24d build/bsp_esp8266_test.o
 .debug_abbrev  0x0000000000000b3d      0x341 build/bsp_esp8266.o
 .debug_abbrev  0x0000000000000e7e      0x1ba build/system_stm32f10x.o
 .debug_abbrev  0x0000000000001038      0x178 build/misc.o
 .debug_abbrev  0x00000000000011b0      0x23f build/stm32f10x_gpio.o
 .debug_abbrev  0x00000000000013ef      0x240 build/stm32f10x_rcc.o
 .debug_abbrev  0x000000000000162f      0x1fb build/stm32f10x_usart.o
 .debug_abbrev  0x000000000000182a       0x12 build/startup_stm32f10x_hd.o

.debug_loc      0x0000000000000000     0x2dac
 .debug_loc     0x0000000000000000       0x20 build/main.o
 .debug_loc     0x0000000000000020       0x6a build/stm32f10x_it.o
 .debug_loc     0x000000000000008a      0x3be build/common.o
 .debug_loc     0x0000000000000448       0x9f build/bsp_key.o
 .debug_loc     0x00000000000004e7      0x10c build/core_delay.o
 .debug_loc     0x00000000000005f3      0x2aa build/bsp_usart.o
 .debug_loc     0x000000000000089d      0x147 build/bsp_esp8266_test.o
 .debug_loc     0x00000000000009e4      0xaba build/bsp_esp8266.o
 .debug_loc     0x000000000000149e      0x177 build/system_stm32f10x.o
 .debug_loc     0x0000000000001615      0x16b build/misc.o
 .debug_loc     0x0000000000001780      0x6d8 build/stm32f10x_gpio.o
 .debug_loc     0x0000000000001e58      0x6c4 build/stm32f10x_rcc.o
 .debug_loc     0x000000000000251c      0x890 build/stm32f10x_usart.o

.debug_aranges  0x0000000000000000      0x5a0
 .debug_aranges
                0x0000000000000000       0x20 build/main.o
 .debug_aranges
                0x0000000000000020       0x70 build/stm32f10x_it.o
 .debug_aranges
                0x0000000000000090       0x28 build/common.o
 .debug_aranges
                0x00000000000000b8       0x28 build/bsp_key.o
 .debug_aranges
                0x00000000000000e0       0x30 build/core_delay.o
 .debug_aranges
                0x0000000000000110       0x48 build/bsp_usart.o
 .debug_aranges
                0x0000000000000158       0x30 build/bsp_esp8266_test.o
 .debug_aranges
                0x0000000000000188       0xb8 build/bsp_esp8266.o
 .debug_aranges
                0x0000000000000240       0x38 build/system_stm32f10x.o
 .debug_aranges
                0x0000000000000278       0x40 build/misc.o
 .debug_aranges
                0x00000000000002b8       0xa8 build/stm32f10x_gpio.o
 .debug_aranges
                0x0000000000000360      0x118 build/stm32f10x_rcc.o
 .debug_aranges
                0x0000000000000478      0x100 build/stm32f10x_usart.o
 .debug_aranges
                0x0000000000000578       0x28 build/startup_stm32f10x_hd.o

.debug_ranges   0x0000000000000000      0x4e0
 .debug_ranges  0x0000000000000000       0x10 build/main.o
 .debug_ranges  0x0000000000000010       0x60 build/stm32f10x_it.o
 .debug_ranges  0x0000000000000070       0x18 build/common.o
 .debug_ranges  0x0000000000000088       0x18 build/bsp_key.o
 .debug_ranges  0x00000000000000a0       0x20 build/core_delay.o
 .debug_ranges  0x00000000000000c0       0x50 build/bsp_usart.o
 .debug_ranges  0x0000000000000110       0x20 build/bsp_esp8266_test.o
 .debug_ranges  0x0000000000000130       0xa8 build/bsp_esp8266.o
 .debug_ranges  0x00000000000001d8       0x28 build/system_stm32f10x.o
 .debug_ranges  0x0000000000000200       0x30 build/misc.o
 .debug_ranges  0x0000000000000230       0x98 build/stm32f10x_gpio.o
 .debug_ranges  0x00000000000002c8      0x108 build/stm32f10x_rcc.o
 .debug_ranges  0x00000000000003d0       0xf0 build/stm32f10x_usart.o
 .debug_ranges  0x00000000000004c0       0x20 build/startup_stm32f10x_hd.o

.debug_line     0x0000000000000000     0x3b2f
 .debug_line    0x0000000000000000      0x1e1 build/main.o
 .debug_line    0x00000000000001e1      0x392 build/stm32f10x_it.o
 .debug_line    0x0000000000000573      0x3e9 build/common.o
 .debug_line    0x000000000000095c      0x1cf build/bsp_key.o
 .debug_line    0x0000000000000b2b      0x1cb build/core_delay.o
 .debug_line    0x0000000000000cf6      0x3b9 build/bsp_usart.o
 .debug_line    0x00000000000010af      0x415 build/bsp_esp8266_test.o
 .debug_line    0x00000000000014c4      0x81a build/bsp_esp8266.o
 .debug_line    0x0000000000001cde      0x38f build/system_stm32f10x.o
 .debug_line    0x000000000000206d      0x296 build/misc.o
 .debug_line    0x0000000000002303      0x6b4 build/stm32f10x_gpio.o
 .debug_line    0x00000000000029b7      0x862 build/stm32f10x_rcc.o
 .debug_line    0x0000000000003219      0x88b build/stm32f10x_usart.o
 .debug_line    0x0000000000003aa4       0x8b build/startup_stm32f10x_hd.o

.debug_str      0x0000000000000000     0x1bae
 .debug_str     0x0000000000000000      0x22e build/main.o
                                        0x286 (size before relaxing)
 .debug_str     0x000000000000022e      0x18b build/stm32f10x_it.o
                                        0x35e (size before relaxing)
 .debug_str     0x00000000000003b9       0x79 build/common.o
                                        0x245 (size before relaxing)
 .debug_str     0x0000000000000432      0x17e build/bsp_key.o
                                        0x31b (size before relaxing)
 .debug_str     0x00000000000005b0       0x68 build/core_delay.o
                                        0x1be (size before relaxing)
 .debug_str     0x0000000000000618      0x585 build/bsp_usart.o
                                        0x90a (size before relaxing)
 .debug_str     0x0000000000000b9d      0x1ce build/bsp_esp8266_test.o
                                        0x49f (size before relaxing)
 .debug_str     0x0000000000000d6b      0x282 build/bsp_esp8266.o
                                        0xcc3 (size before relaxing)
 .debug_str     0x0000000000000fed      0x13e build/system_stm32f10x.o
                                        0x2d4 (size before relaxing)
 .debug_str     0x000000000000112b      0x139 build/misc.o
                                        0x3c5 (size before relaxing)
 .debug_str     0x0000000000001264      0x23f build/stm32f10x_gpio.o
                                        0x53d (size before relaxing)
 .debug_str     0x00000000000014a3      0x39d build/stm32f10x_rcc.o
                                        0x627 (size before relaxing)
 .debug_str     0x0000000000001840      0x331 build/stm32f10x_usart.o
                                        0x6dd (size before relaxing)
 .debug_str     0x0000000000001b71       0x3d build/startup_stm32f10x_hd.o
                                         0x5d (size before relaxing)

.comment        0x0000000000000000       0x4d
 .comment       0x0000000000000000       0x4d build/main.o
                                         0x4e (size before relaxing)
 .comment       0x000000000000004d       0x4e build/stm32f10x_it.o
 .comment       0x000000000000004d       0x4e build/common.o
 .comment       0x000000000000004d       0x4e build/bsp_key.o
 .comment       0x000000000000004d       0x4e build/core_delay.o
 .comment       0x000000000000004d       0x4e build/bsp_usart.o
 .comment       0x000000000000004d       0x4e build/bsp_esp8266_test.o
 .comment       0x000000000000004d       0x4e build/bsp_esp8266.o
 .comment       0x000000000000004d       0x4e build/system_stm32f10x.o
 .comment       0x000000000000004d       0x4e build/misc.o
 .comment       0x000000000000004d       0x4e build/stm32f10x_gpio.o
 .comment       0x000000000000004d       0x4e build/stm32f10x_rcc.o
 .comment       0x000000000000004d       0x4e build/stm32f10x_usart.o

.debug_frame    0x0000000000000000     0x2258
 .debug_frame   0x0000000000000000       0x28 build/main.o
 .debug_frame   0x0000000000000028       0xd0 build/stm32f10x_it.o
 .debug_frame   0x00000000000000f8       0x68 build/common.o
 .debug_frame   0x0000000000000160       0x4c build/bsp_key.o
 .debug_frame   0x00000000000001ac       0x54 build/core_delay.o
 .debug_frame   0x0000000000000200       0xb8 build/bsp_usart.o
 .debug_frame   0x00000000000002b8       0x68 build/bsp_esp8266_test.o
 .debug_frame   0x0000000000000320      0x240 build/bsp_esp8266.o
 .debug_frame   0x0000000000000560       0x6c build/system_stm32f10x.o
 .debug_frame   0x00000000000005cc       0x60 build/misc.o
 .debug_frame   0x000000000000062c      0x160 build/stm32f10x_gpio.o
 .debug_frame   0x000000000000078c      0x228 build/stm32f10x_rcc.o
 .debug_frame   0x00000000000009b4      0x204 build/stm32f10x_usart.o
 .debug_frame   0x0000000000000bb8       0x2c /home/hao/Documents/gcc-arm-none-eabi/bin/../lib/gcc/arm-none-eabi/10.2.1/../../../../arm-none-eabi/lib/thumb/v7-m/nofp/libc_nano.a(lib_a-init.o)
 .debug_frame   0x0000000000000be4       0x20 /home/hao/Documents/gcc-arm-none-eabi/bin/../lib/gcc/arm-none-eabi/10.2.1/../../../../arm-none-eabi/lib/thumb/v7-m/nofp/libc_nano.a(lib_a-memset.o)
 .debug_frame   0x0000000000000c04       0x94 /home/hao/Documents/gcc-arm-none-eabi/bin/../lib/gcc/arm-none-eabi/10.2.1/../../../../arm-none-eabi/lib/thumb/v7-m/nofp/libc_nano.a(lib_a-nano-vfprintf_float.o)
 .debug_frame   0x0000000000000c98       0x60 /home/hao/Documents/gcc-arm-none-eabi/bin/../lib/gcc/arm-none-eabi/10.2.1/../../../../arm-none-eabi/lib/thumb/v7-m/nofp/libc_nano.a(lib_a-nano-vfprintf_i.o)
 .debug_frame   0x0000000000000cf8       0x74 /home/hao/Documents/gcc-arm-none-eabi/bin/../lib/gcc/arm-none-eabi/10.2.1/../../../../arm-none-eabi/lib/thumb/v7-m/nofp/libc_nano.a(lib_a-printf.o)
 .debug_frame   0x0000000000000d6c       0x3c /home/hao/Documents/gcc-arm-none-eabi/bin/../lib/gcc/arm-none-eabi/10.2.1/../../../../arm-none-eabi/lib/thumb/v7-m/nofp/libc_nano.a(lib_a-puts.o)
 .debug_frame   0x0000000000000da8       0x6c /home/hao/Documents/gcc-arm-none-eabi/bin/../lib/gcc/arm-none-eabi/10.2.1/../../../../arm-none-eabi/lib/thumb/v7-m/nofp/libc_nano.a(lib_a-sprintf.o)
 .debug_frame   0x0000000000000e14       0x80 /home/hao/Documents/gcc-arm-none-eabi/bin/../lib/gcc/arm-none-eabi/10.2.1/../../../../arm-none-eabi/lib/thumb/v7-m/nofp/libc_nano.a(lib_a-sscanf.o)
 .debug_frame   0x0000000000000e94       0x88 /home/hao/Documents/gcc-arm-none-eabi/bin/../lib/gcc/arm-none-eabi/10.2.1/../../../../arm-none-eabi/lib/thumb/v7-m/nofp/libc_nano.a(lib_a-stdio.o)
 .debug_frame   0x0000000000000f1c       0x2c /home/hao/Documents/gcc-arm-none-eabi/bin/../lib/gcc/arm-none-eabi/10.2.1/../../../../arm-none-eabi/lib/thumb/v7-m/nofp/libc_nano.a(lib_a-strstr.o)
 .debug_frame   0x0000000000000f48       0x40 /home/hao/Documents/gcc-arm-none-eabi/bin/../lib/gcc/arm-none-eabi/10.2.1/../../../../arm-none-eabi/lib/thumb/v7-m/nofp/libc_nano.a(lib_a-wbuf.o)