Archive member included to satisfy reference by file (symbol)

/home/hao/Documents/gcc-arm-none-eabi/bin/../lib/gcc/arm-none-eabi/10.2.1/../../../../arm-none-eabi/lib/thumb/v7e-m+fp/hard/libc_nano.a(lib_a-exit.o)
                              /home/hao/Documents/gcc-arm-none-eabi/bin/../lib/gcc/arm-none-eabi/10.2.1/../../../../arm-none-eabi/lib/thumb/v7e-m+fp/hard/crt0.o (exit)
/home/hao/Documents/gcc-arm-none-eabi/bin/../lib/gcc/arm-none-eabi/10.2.1/../../../../arm-none-eabi/lib/thumb/v7e-m+fp/hard/libc_nano.a(lib_a-impure.o)
                              /home/hao/Documents/gcc-arm-none-eabi/bin/../lib/gcc/arm-none-eabi/10.2.1/../../../../arm-none-eabi/lib/thumb/v7e-m+fp/hard/libc_nano.a(lib_a-exit.o) (_global_impure_ptr)
/home/hao/Documents/gcc-arm-none-eabi/bin/../lib/gcc/arm-none-eabi/10.2.1/../../../../arm-none-eabi/lib/thumb/v7e-m+fp/hard/libc_nano.a(lib_a-init.o)
                              /home/hao/Documents/gcc-arm-none-eabi/bin/../lib/gcc/arm-none-eabi/10.2.1/../../../../arm-none-eabi/lib/thumb/v7e-m+fp/hard/crt0.o (__libc_init_array)
/home/hao/Documents/gcc-arm-none-eabi/bin/../lib/gcc/arm-none-eabi/10.2.1/../../../../arm-none-eabi/lib/thumb/v7e-m+fp/hard/libc_nano.a(lib_a-memset.o)
                              /home/hao/Documents/gcc-arm-none-eabi/bin/../lib/gcc/arm-none-eabi/10.2.1/../../../../arm-none-eabi/lib/thumb/v7e-m+fp/hard/crt0.o (memset)
/home/hao/Documents/gcc-arm-none-eabi/bin/../lib/gcc/arm-none-eabi/10.2.1/../../../../arm-none-eabi/lib/thumb/v7e-m+fp/hard/libc_nano.a(lib_a-printf.o)
                              build/esp8266.o (printf)
/home/hao/Documents/gcc-arm-none-eabi/bin/../lib/gcc/arm-none-eabi/10.2.1/../../../../arm-none-eabi/lib/thumb/v7e-m+fp/hard/libc_nano.a(lib_a-puts.o)
                              build/bsp_esp8266_test.o (puts)
/home/hao/Documents/gcc-arm-none-eabi/bin/../lib/gcc/arm-none-eabi/10.2.1/../../../../arm-none-eabi/lib/thumb/v7e-m+fp/hard/libc_nano.a(lib_a-sprintf.o)
                              build/esp8266.o (sprintf)
/home/hao/Documents/gcc-arm-none-eabi/bin/../lib/gcc/arm-none-eabi/10.2.1/../../../../arm-none-eabi/lib/thumb/v7e-m+fp/hard/libc_nano.a(lib_a-strstr.o)
                              build/esp8266.o (strstr)
/home/hao/Documents/gcc-arm-none-eabi/bin/../lib/gcc/arm-none-eabi/10.2.1/../../../../arm-none-eabi/lib/thumb/v7e-m+fp/hard/libc_nano.a(lib_a-wbuf.o)
                              /home/hao/Documents/gcc-arm-none-eabi/bin/../lib/gcc/arm-none-eabi/10.2.1/../../../../arm-none-eabi/lib/thumb/v7e-m+fp/hard/libc_nano.a(lib_a-puts.o) (__swbuf_r)
/home/hao/Documents/gcc-arm-none-eabi/bin/../lib/gcc/arm-none-eabi/10.2.1/../../../../arm-none-eabi/lib/thumb/v7e-m+fp/hard/libc_nano.a(lib_a-wsetup.o)
                              /home/hao/Documents/gcc-arm-none-eabi/bin/../lib/gcc/arm-none-eabi/10.2.1/../../../../arm-none-eabi/lib/thumb/v7e-m+fp/hard/libc_nano.a(lib_a-puts.o) (__swsetup_r)
/home/hao/Documents/gcc-arm-none-eabi/bin/../lib/gcc/arm-none-eabi/10.2.1/../../../../arm-none-eabi/lib/thumb/v7e-m+fp/hard/libc_nano.a(lib_a-fflush.o)
                              /home/hao/Documents/gcc-arm-none-eabi/bin/../lib/gcc/arm-none-eabi/10.2.1/../../../../arm-none-eabi/lib/thumb/v7e-m+fp/hard/libc_nano.a(lib_a-wbuf.o) (_fflush_r)
/home/hao/Documents/gcc-arm-none-eabi/bin/../lib/gcc/arm-none-eabi/10.2.1/../../../../arm-none-eabi/lib/thumb/v7e-m+fp/hard/libc_nano.a(lib_a-findfp.o)
                              /home/hao/Documents/gcc-arm-none-eabi/bin/../lib/gcc/arm-none-eabi/10.2.1/../../../../arm-none-eabi/lib/thumb/v7e-m+fp/hard/libc_nano.a(lib_a-printf.o) (__sinit)
/home/hao/Documents/gcc-arm-none-eabi/bin/../lib/gcc/arm-none-eabi/10.2.1/../../../../arm-none-eabi/lib/thumb/v7e-m+fp/hard/libc_nano.a(lib_a-fwalk.o)
                              /home/hao/Documents/gcc-arm-none-eabi/bin/../lib/gcc/arm-none-eabi/10.2.1/../../../../arm-none-eabi/lib/thumb/v7e-m+fp/hard/libc_nano.a(lib_a-findfp.o) (_fwalk)
/home/hao/Documents/gcc-arm-none-eabi/bin/../lib/gcc/arm-none-eabi/10.2.1/../../../../arm-none-eabi/lib/thumb/v7e-m+fp/hard/libc_nano.a(lib_a-lock.o)
                              /home/hao/Documents/gcc-arm-none-eabi/bin/../lib/gcc/arm-none-eabi/10.2.1/../../../../arm-none-eabi/lib/thumb/v7e-m+fp/hard/libc_nano.a(lib_a-findfp.o) (__retarget_lock_init_recursive)
/home/hao/Documents/gcc-arm-none-eabi/bin/../lib/gcc/arm-none-eabi/10.2.1/../../../../arm-none-eabi/lib/thumb/v7e-m+fp/hard/libc_nano.a(lib_a-makebuf.o)
                              /home/hao/Documents/gcc-arm-none-eabi/bin/../lib/gcc/arm-none-eabi/10.2.1/../../../../arm-none-eabi/lib/thumb/v7e-m+fp/hard/libc_nano.a(lib_a-wsetup.o) (__smakebuf_r)
/home/hao/Documents/gcc-arm-none-eabi/bin/../lib/gcc/arm-none-eabi/10.2.1/../../../../arm-none-eabi/lib/thumb/v7e-m+fp/hard/libc_nano.a(lib_a-nano-freer.o)
[...]
Memory Configuration

Name             Origin             Length             Attributes
RAM              0x0000000020000000 0x0000000000030000 xrw
CCMRAM           0x0000000010000000 0x0000000000010000 xrw
FLASH            0x0000000008000000 0x0000000000100000 xr
*default*        0x0000000000000000 0xffffffffffffffff

Linker script and memory map

LOAD /home/hao/Documents/gcc-arm-none-eabi/bin/../lib/gcc/arm-none-eabi/10.2.1/thumb/v7e-m+fp/hard/crti.o
LOAD /home/hao/Documents/gcc-arm-none-eabi/bin/../lib/gcc/arm-none-eabi/10.2.1/thumb/v7e-m+fp/hard/crtbegin.o
LOAD /home/hao/Documents/gcc-arm-none-eabi/bin/../lib/gcc/arm-none-eabi/10.2.1/../../../../arm-none-eabi/lib/thumb/v7e-m+fp/hard/crt0.o
LOAD build/common.o
LOAD build/bsp_esp8266_test.o
LOAD build/esp8266.o
LOAD build/main.o
LOAD build/gpio.o
LOAD build/usart.o
LOAD build/stm32f4xx_it.o
LOAD build/stm32f4xx_hal_msp.o
LOAD build/stm32f4xx_hal_tim.o
LOAD build/stm32f4xx_hal_tim_ex.o
LOAD build/stm32f4xx_ll_usart.o
LOAD build/stm32f4xx_ll_gpio.o
LOAD build/stm32f4xx_ll_dma.o
LOAD build/stm32f4xx_hal_rcc.o
LOAD build/stm32f4xx_hal_rcc_ex.o
LOAD build/stm32f4xx_hal_flash.o
LOAD build/stm32f4xx_hal_flash_ex.o
LOAD build/stm32f4xx_hal_flash_ramfunc.o
LOAD build/stm32f4xx_hal_gpio.o
LOAD build/stm32f4xx_hal_dma_ex.o
LOAD build/stm32f4xx_hal_dma.o
LOAD build/stm32f4xx_hal_pwr.o
LOAD build/stm32f4xx_hal_pwr_ex.o
LOAD build/stm32f4xx_hal_cortex.o
LOAD build/stm32f4xx_hal.o
LOAD build/stm32f4xx_hal_exti.o
LOAD build/stm32f4xx_ll_rcc.o
LOAD build/stm32f4xx_ll_utils.o
LOAD build/stm32f4xx_ll_exti.o
LOAD build/system_stm32f4xx.o
LOAD build/startup_stm32f429xx.o
LOAD /home/hao/Documents/gcc-arm-none-eabi/bin/../lib/gcc/arm-none-eabi/10.2.1/../../../../arm-none-eabi/lib/thumb/v7e-m+fp/hard/libc_nano.a
LOAD /home/hao/Documents/gcc-arm-none-eabi/bin/../lib/gcc/arm-none-eabi/10.2.1/../../../../arm-none-eabi/lib/thumb/v7e-m+fp/hard/libm.a
LOAD /home/hao/Documents/gcc-arm-none-eabi/bin/../lib/gcc/arm-none-eabi/10.2.1/../../../../arm-none-eabi/lib/thumb/v7e-m+fp/hard/libnosys.a
START GROUP
LOAD /home/hao/Documents/gcc-arm-none-eabi/bin/../lib/gcc/arm-none-eabi/10.2.1/thumb/v7e-m+fp/hard/libgcc.a
LOAD /home/hao/Documents/gcc-arm-none-eabi/bin/../lib/gcc/arm-none-eabi/10.2.1/../../../../arm-none-eabi/lib/thumb/v7e-m+fp/hard/libc_nano.a
END GROUP
START GROUP
LOAD /home/hao/Documents/gcc-arm-none-eabi/bin/../lib/gcc/arm-none-eabi/10.2.1/thumb/v7e-m+fp/hard/libgcc.a
LOAD /home/hao/Documents/gcc-arm-none-eabi/bin/../lib/gcc/arm-none-eabi/10.2.1/../../../../arm-none-eabi/lib/thumb/v7e-m+fp/hard/libc_nano.a
END GROUP
LOAD /home/hao/Documents/gcc-arm-none-eabi/bin/../lib/gcc/arm-none-eabi/10.2.1/thumb/v7e-m+fp/hard/crtend.o
LOAD /home/hao/Documents/gcc-arm-none-eabi/bin/../lib/gcc/arm-none-eabi/10.2.1/thumb/v7e-m+fp/hard/crtn.o
                0x0000000020030000                _estack = (ORIGIN (RAM) + LENGTH (RAM))
                0x0000000000000200                _Min_Heap_Size = 0x200
                0x0000000000000400                _Min_Stack_Size = 0x400

.isr_vector     0x0000000008000000      0x1ac
                0x0000000008000000                . = ALIGN (0x4)
 *(.isr_vector)
 .isr_vector    0x0000000008000000      0x1ac build/startup_stm32f429xx.o
                0x0000000008000000                g_pfnVectors
                0x00000000080001ac                . = ALIGN (0x4)

.text           0x00000000080001b0     0x2f70
                0x00000000080001b0                . = ALIGN (0x4)
 *(.text)
 .text          0x00000000080001b0       0x40 /home/hao/Documents/gcc-arm-none-eabi/bin/../lib/gcc/arm-none-eabi/10.2.1/thumb/v7e-m+fp/hard/crtbegin.o
 .text          0x00000000080001f0       0xa0 /home/hao/Documents/gcc-arm-none-eabi/bin/../lib/gcc/arm-none-eabi/10.2.1/../../../../arm-none-eabi/lib/thumb/v7e-m+fp/hard/libc_nano.a(lib_a-memchr.o)
                0x00000000080001f0                memchr
 .text          0x0000000008000290       0x30 /home/hao/Documents/gcc-arm-none-eabi/bin/../lib/gcc/arm-none-eabi/10.2.1/thumb/v7e-m+fp/hard/libgcc.a(_aeabi_uldivmod.o)
                0x0000000008000290                __aeabi_uldivmod
 .text          0x00000000080002c0      0x2d0 /home/hao/Documents/gcc-arm-none-eabi/bin/../lib/gcc/arm-none-eabi/10.2.1/thumb/v7e-m+fp/hard/libgcc.a(_udivmoddi4.o)
                0x00000000080002c0                __udivmoddi4
 .text          0x0000000008000590        0x4 /home/hao/Documents/gcc-arm-none-eabi/bin/../lib/gcc/arm-none-eabi/10.2.1/thumb/v7e-m+fp/hard/libgcc.a(_dvmd_tls.o)
                0x0000000008000590                __aeabi_ldiv0
                0x0000000008000590                __aeabi_idiv0
 *(.text*)
 .text.itoa     0x0000000008000594       0x70 build/common.o
 .text.USART_printf
                0x0000000008000604       0xb4 build/common.o
                0x0000000008000604                USART_printf
 .text.ESP8266_StaTcpClient_Unvarnish_ConfigTest
                0x00000000080006b8       0xbc build/bsp_esp8266_test.o
                0x00000000080006b8                ESP8266_StaTcpClient_Unvarnish_ConfigTest
 .text.ESP8266_Init
                0x0000000008000774       0x20 build/esp8266.o
                0x0000000008000774                ESP8266_Init
 .text.ESP8266_Rst
                0x0000000008000794       0x28 build/esp8266.o
                0x0000000008000794                ESP8266_Rst
 .text.ESP8266_Cmd
                0x00000000080007bc       0xb4 build/esp8266.o
                0x00000000080007bc                ESP8266_Cmd
 .text.ESP8266_AT_Test
                0x0000000008000870       0x6c build/esp8266.o
                0x0000000008000870                ESP8266_AT_Test
 .text.ESP8266_Net_Mode_Choose
                0x00000000080008dc       0x54 build/esp8266.o
                0x00000000080008dc                ESP8266_Net_Mode_Choose
 .text.ESP8266_JoinAP
                0x0000000008000930       0x2c build/esp8266.o
                0x0000000008000930                ESP8266_JoinAP
 .text.ESP8266_Enable_MultipleId
                0x000000000800095c       0x30 build/esp8266.o
                0x000000000800095c                ESP8266_Enable_MultipleId
 .text.ESP8266_Link_Server
                0x000000000800098c       0x88 build/esp8266.o
                0x000000000800098c                ESP8266_Link_Server
 .text.ESP8266_UnvarnishSend
                0x0000000008000a14       0x34 build/esp8266.o
                0x0000000008000a14                ESP8266_UnvarnishSend
 .text.Error_Handler
                0x0000000008000a48        0x4 build/main.o
                0x0000000008000a48                Error_Handler
 .text.SystemClock_Config
                0x0000000008000a4c       0xb4 build/main.o
                0x0000000008000a4c                SystemClock_Config
 .text.main     0x0000000008000b00       0x20 build/main.o
                0x0000000008000b00                main
 .text.MX_GPIO_Init
                0x0000000008000b20       0x68 build/gpio.o
                0x0000000008000b20                MX_GPIO_Init
 .text.MX_USART1_UART_Init
                0x0000000008000b88       0xe4 build/usart.o
                0x0000000008000b88                MX_USART1_UART_Init
 .text.MX_USART2_UART_Init
                0x0000000008000c6c       0xe0 build/usart.o
                0x0000000008000c6c                MX_USART2_UART_Init
 .text._write   0x0000000008000d4c       0x28 build/usart.o
                0x0000000008000d4c                _write
 .text.NMI_Handler
                0x0000000008000d74        0x2 build/stm32f4xx_it.o
                0x0000000008000d74                NMI_Handler
 .text.HardFault_Handler
                0x0000000008000d76        0x2 build/stm32f4xx_it.o
                0x0000000008000d76                HardFault_Handler
 .text.MemManage_Handler
                0x0000000008000d78        0x2 build/stm32f4xx_it.o
                0x0000000008000d78                MemManage_Handler
 .text.BusFault_Handler
                0x0000000008000d7a        0x2 build/stm32f4xx_it.o
                0x0000000008000d7a                BusFault_Handler
 .text.UsageFault_Handler
                0x0000000008000d7c        0x2 build/stm32f4xx_it.o
                0x0000000008000d7c                UsageFault_Handler
 .text.SVC_Handler
                0x0000000008000d7e        0x2 build/stm32f4xx_it.o
                0x0000000008000d7e                SVC_Handler
 .text.DebugMon_Handler
                0x0000000008000d80        0x2 build/stm32f4xx_it.o
                0x0000000008000d80                DebugMon_Handler
 .text.PendSV_Handler
                0x0000000008000d82        0x2 build/stm32f4xx_it.o
                0x0000000008000d82                PendSV_Handler
 .text.SysTick_Handler
                0x0000000008000d84        0x8 build/stm32f4xx_it.o
                0x0000000008000d84                SysTick_Handler
 .text.USART1_IRQHandler
                0x0000000008000d8c       0x64 build/stm32f4xx_it.o
                0x0000000008000d8c                USART1_IRQHandler
 .text.USART2_IRQHandler
                0x0000000008000df0       0x80 build/stm32f4xx_it.o
                0x0000000008000df0                USART2_IRQHandler
 .text.HAL_MspInit
                0x0000000008000e70       0x38 build/stm32f4xx_hal_msp.o
                0x0000000008000e70                HAL_MspInit
 .text.LL_USART_Init
                0x0000000008000ea8      0x194 build/stm32f4xx_ll_usart.o
                0x0000000008000ea8                LL_USART_Init
 .text.LL_GPIO_Init
                0x000000000800103c      0x150 build/stm32f4xx_ll_gpio.o
                0x000000000800103c                LL_GPIO_Init
 .text.HAL_RCC_OscConfig
                0x000000000800118c      0x3f8 build/stm32f4xx_hal_rcc.o
                0x000000000800118c                HAL_RCC_OscConfig
 .text.HAL_RCC_GetSysClockFreq
                0x0000000008001584       0xa4 build/stm32f4xx_hal_rcc.o
                0x0000000008001584                HAL_RCC_GetSysClockFreq
 .text.HAL_RCC_ClockConfig
                0x0000000008001628      0x160 build/stm32f4xx_hal_rcc.o
                0x0000000008001628                HAL_RCC_ClockConfig
 .text.HAL_GPIO_Init
                0x0000000008001788      0x1fc build/stm32f4xx_hal_gpio.o
                0x0000000008001788                HAL_GPIO_Init
 .text.HAL_GPIO_WritePin
                0x0000000008001984        0xc build/stm32f4xx_hal_gpio.o
                0x0000000008001984                HAL_GPIO_WritePin
 .text.HAL_PWREx_EnableOverDrive
                0x0000000008001990       0x7c build/stm32f4xx_hal_pwr_ex.o
                0x0000000008001990                HAL_PWREx_EnableOverDrive
 .text.HAL_NVIC_SetPriorityGrouping
                0x0000000008001a0c       0x24 build/stm32f4xx_hal_cortex.o
                0x0000000008001a0c                HAL_NVIC_SetPriorityGrouping
 .text.HAL_NVIC_SetPriority
                0x0000000008001a30       0x70 build/stm32f4xx_hal_cortex.o
                0x0000000008001a30                HAL_NVIC_SetPriority
 .text.HAL_SYSTICK_Config
                0x0000000008001aa0       0x28 build/stm32f4xx_hal_cortex.o
                0x0000000008001aa0                HAL_SYSTICK_Config
 .text.HAL_InitTick
                0x0000000008001ac8       0x4c build/stm32f4xx_hal.o
                0x0000000008001ac8                HAL_InitTick
 .text.HAL_Init
                0x0000000008001b14       0x34 build/stm32f4xx_hal.o
                0x0000000008001b14                HAL_Init
 .text.HAL_IncTick
                0x0000000008001b48       0x18 build/stm32f4xx_hal.o
                0x0000000008001b48                HAL_IncTick
 .text.HAL_GetTick
                0x0000000008001b60        0xc build/stm32f4xx_hal.o
                0x0000000008001b60                HAL_GetTick
 .text.HAL_Delay
                0x0000000008001b6c       0x28 build/stm32f4xx_hal.o
                0x0000000008001b6c                HAL_Delay
 .text.RCC_GetHCLKClockFreq
                0x0000000008001b94       0x18 build/stm32f4xx_ll_rcc.o
                0x0000000008001b94                RCC_GetHCLKClockFreq
 .text.RCC_GetPCLK1ClockFreq
                0x0000000008001bac       0x18 build/stm32f4xx_ll_rcc.o
                0x0000000008001bac                RCC_GetPCLK1ClockFreq
 .text.RCC_GetPCLK2ClockFreq
                0x0000000008001bc4       0x18 build/stm32f4xx_ll_rcc.o
                0x0000000008001bc4                RCC_GetPCLK2ClockFreq
 .text.RCC_PLL_GetFreqDomain_SYS
                0x0000000008001bdc       0x4c build/stm32f4xx_ll_rcc.o
                0x0000000008001bdc                RCC_PLL_GetFreqDomain_SYS
 .text.RCC_GetSystemClockFreq
                0x0000000008001c28       0x30 build/stm32f4xx_ll_rcc.o
                0x0000000008001c28                RCC_GetSystemClockFreq
 .text.LL_RCC_GetSystemClocksFreq
                0x0000000008001c58       0x20 build/stm32f4xx_ll_rcc.o
                0x0000000008001c58                LL_RCC_GetSystemClocksFreq
 .text.SystemInit
                0x0000000008001c78       0x14 build/system_stm32f4xx.o
                0x0000000008001c78                SystemInit
 .text.Reset_Handler
                0x0000000008001c8c       0x50 build/startup_stm32f429xx.o
                0x0000000008001c8c                Reset_Handler
 .text.Default_Handler
                0x0000000008001cdc        0x2 build/startup_stm32f429xx.o
                0x0000000008001cdc                RTC_Alarm_IRQHandler
                0x0000000008001cdc                HASH_RNG_IRQHandler
                0x0000000008001cdc                EXTI2_IRQHandler
                0x0000000008001cdc                TIM8_CC_IRQHandler
                0x0000000008001cdc                UART8_IRQHandler
                0x0000000008001cdc                SPI4_IRQHandler
                0x0000000008001cdc                TIM1_CC_IRQHandler
                0x0000000008001cdc                DMA2_Stream5_IRQHandler
                0x0000000008001cdc                DMA1_Stream5_IRQHandler
                0x0000000008001cdc                PVD_IRQHandler
                0x0000000008001cdc                SDIO_IRQHandler
                0x0000000008001cdc                TAMP_STAMP_IRQHandler
                0x0000000008001cdc                CAN2_RX1_IRQHandler
                0x0000000008001cdc                EXTI3_IRQHandler
                0x0000000008001cdc                TIM8_TRG_COM_TIM14_IRQHandler
                0x0000000008001cdc                TIM1_UP_TIM10_IRQHandler
                0x0000000008001cdc                TIM8_UP_TIM13_IRQHandler
                0x0000000008001cdc                I2C3_ER_IRQHandler
                0x0000000008001cdc                EXTI0_IRQHandler
                0x0000000008001cdc                I2C2_EV_IRQHandler
                0x0000000008001cdc                DMA1_Stream2_IRQHandler
                0x0000000008001cdc                CAN1_RX0_IRQHandler
                0x0000000008001cdc                FPU_IRQHandler
                0x0000000008001cdc                OTG_HS_WKUP_IRQHandler
                0x0000000008001cdc                LTDC_ER_IRQHandler
                0x0000000008001cdc                CAN2_SCE_IRQHandler
                0x0000000008001cdc                DMA2_Stream2_IRQHandler
                0x0000000008001cdc                SPI1_IRQHandler
                0x0000000008001cdc                TIM6_DAC_IRQHandler
                0x0000000008001cdc                TIM1_BRK_TIM9_IRQHandler
                0x0000000008001cdc                DCMI_IRQHandler
                0x0000000008001cdc                CAN2_RX0_IRQHandler
                0x0000000008001cdc                DMA2_Stream3_IRQHandler
                0x0000000008001cdc                USART6_IRQHandler
                0x0000000008001cdc                USART3_IRQHandler
                0x0000000008001cdc                CAN1_RX1_IRQHandler
                0x0000000008001cdc                UART5_IRQHandler
                0x0000000008001cdc                DMA2_Stream0_IRQHandler
                0x0000000008001cdc                TIM4_IRQHandler
                0x0000000008001cdc                I2C1_EV_IRQHandler
                0x0000000008001cdc                DMA1_Stream6_IRQHandler
                0x0000000008001cdc                DMA1_Stream1_IRQHandler
                0x0000000008001cdc                UART4_IRQHandler
                0x0000000008001cdc                TIM3_IRQHandler
                0x0000000008001cdc                RCC_IRQHandler
                0x0000000008001cdc                TIM8_BRK_TIM12_IRQHandler
                0x0000000008001cdc                Default_Handler
                0x0000000008001cdc                EXTI15_10_IRQHandler
                0x0000000008001cdc                ADC_IRQHandler
                0x0000000008001cdc                DMA1_Stream7_IRQHandler
                0x0000000008001cdc                SPI5_IRQHandler
                0x0000000008001cdc                TIM7_IRQHandler
                0x0000000008001cdc                CAN2_TX_IRQHandler
                0x0000000008001cdc                TIM5_IRQHandler
                0x0000000008001cdc                DMA2_Stream7_IRQHandler
                0x0000000008001cdc                I2C3_EV_IRQHandler
                0x0000000008001cdc                EXTI9_5_IRQHandler
                0x0000000008001cdc                RTC_WKUP_IRQHandler
                0x0000000008001cdc                LTDC_IRQHandler
                0x0000000008001cdc                ETH_WKUP_IRQHandler
                0x0000000008001cdc                SPI2_IRQHandler
                0x0000000008001cdc                OTG_HS_EP1_IN_IRQHandler
                0x0000000008001cdc                DMA1_Stream0_IRQHandler
                0x0000000008001cdc                CAN1_TX_IRQHandler
                0x0000000008001cdc                EXTI4_IRQHandler
                0x0000000008001cdc                ETH_IRQHandler
                0x0000000008001cdc                OTG_HS_EP1_OUT_IRQHandler
                0x0000000008001cdc                WWDG_IRQHandler
                0x0000000008001cdc                SPI6_IRQHandler
                0x0000000008001cdc                TIM2_IRQHandler
                0x0000000008001cdc                OTG_FS_WKUP_IRQHandler
                0x0000000008001cdc                TIM1_TRG_COM_TIM11_IRQHandler
                0x0000000008001cdc                OTG_HS_IRQHandler
                0x0000000008001cdc                DMA2D_IRQHandler
                0x0000000008001cdc                EXTI1_IRQHandler
                0x0000000008001cdc                UART7_IRQHandler
                0x0000000008001cdc                I2C2_ER_IRQHandler
                0x0000000008001cdc                DMA2_Stream1_IRQHandler
                0x0000000008001cdc                CAN1_SCE_IRQHandler
                0x0000000008001cdc                FLASH_IRQHandler
                0x0000000008001cdc                DMA2_Stream4_IRQHandler
                0x0000000008001cdc                OTG_FS_IRQHandler
                0x0000000008001cdc                SPI3_IRQHandler
                0x0000000008001cdc                DMA1_Stream4_IRQHandler
                0x0000000008001cdc                I2C1_ER_IRQHandler
                0x0000000008001cdc                FMC_IRQHandler
                0x0000000008001cdc                DMA2_Stream6_IRQHandler
                0x0000000008001cdc                SAI1_IRQHandler
                0x0000000008001cdc                DMA1_Stream3_IRQHandler
 *fill*         0x0000000008001cde        0x2 
 .text.__libc_init_array
                0x0000000008001ce0       0x48 /home/hao/Documents/gcc-arm-none-eabi/bin/../lib/gcc/arm-none-eabi/10.2.1/../../../../arm-none-eabi/lib/thumb/v7e-m+fp/hard/libc_nano.a(lib_a-init.o)
                0x0000000008001ce0                __libc_init_array
 .text.memset   0x0000000008001d28       0x10 /home/hao/Documents/gcc-arm-none-eabi/bin/../lib/gcc/arm-none-eabi/10.2.1/../../../../arm-none-eabi/lib/thumb/v7e-m+fp/hard/libc_nano.a(lib_a-memset.o)
                0x0000000008001d28                memset
 .text.printf   0x0000000008001d38       0x30 /home/hao/Documents/gcc-arm-none-eabi/bin/../lib/gcc/arm-none-eabi/10.2.1/../../../../arm-none-eabi/lib/thumb/v7e-m+fp/hard/libc_nano.a(lib_a-printf.o)
                0x0000000008001d38                printf
                0x0000000008001d38                iprintf
 .text._puts_r  0x0000000008001d68       0xdc /home/hao/Documents/gcc-arm-none-eabi/bin/../lib/gcc/arm-none-eabi/10.2.1/../../../../arm-none-eabi/lib/thumb/v7e-m+fp/hard/libc_nano.a(lib_a-puts.o)
                0x0000000008001d68                _puts_r
 .text.puts     0x0000000008001e44       0x10 /home/hao/Documents/gcc-arm-none-eabi/bin/../lib/gcc/arm-none-eabi/10.2.1/../../../../arm-none-eabi/lib/thumb/v7e-m+fp/hard/libc_nano.a(lib_a-puts.o)
                0x0000000008001e44                puts
 .text.sprintf  0x0000000008001e54       0x40 /home/hao/Documents/gcc-arm-none-eabi/bin/../lib/gcc/arm-none-eabi/10.2.1/../../../../arm-none-eabi/lib/thumb/v7e-m+fp/hard/libc_nano.a(lib_a-sprintf.o)
                0x0000000008001e54                sprintf
                0x0000000008001e54                siprintf
 .text.strstr   0x0000000008001e94       0x2c /home/hao/Documents/gcc-arm-none-eabi/bin/../lib/gcc/arm-none-eabi/10.2.1/../../../../arm-none-eabi/lib/thumb/v7e-m+fp/hard/libc_nano.a(lib_a-strstr.o)
                0x0000000008001e94                strstr
 .text.__swbuf_r
                0x0000000008001ec0       0xa4 /home/hao/Documents/gcc-arm-none-eabi/bin/../lib/gcc/arm-none-eabi/10.2.1/../../../../arm-none-eabi/lib/thumb/v7e-m+fp/hard/libc_nano.a(lib_a-wbuf.o)
                0x0000000008001ec0                __swbuf_r
 .text.__swsetup_r
                0x0000000008001f64       0xdc /home/hao/Documents/gcc-arm-none-eabi/bin/../lib/gcc/arm-none-eabi/10.2.1/../../../../arm-none-eabi/lib/thumb/v7e-m+fp/hard/libc_nano.a(lib_a-wsetup.o)
                0x0000000008001f64                __swsetup_r
 .text.__sflush_r
                0x0000000008002040      0x10c /home/hao/Documents/gcc-arm-none-eabi/bin/../lib/gcc/arm-none-eabi/10.2.1/../../../../arm-none-eabi/lib/thumb/v7e-m+fp/hard/libc_nano.a(lib_a-fflush.o)
                0x0000000008002040                __sflush_r
 .text._fflush_r
                0x000000000800214c       0x78 /home/hao/Documents/gcc-arm-none-eabi/bin/../lib/gcc/arm-none-eabi/10.2.1/../../../../arm-none-eabi/lib/thumb/v7e-m+fp/hard/libc_nano.a(lib_a-fflush.o)
                0x000000000800214c                _fflush_r
 .text.std      0x00000000080021c4       0x48 /home/hao/Documents/gcc-arm-none-eabi/bin/../lib/gcc/arm-none-eabi/10.2.1/../../../../arm-none-eabi/lib/thumb/v7e-m+fp/hard/libc_nano.a(lib_a-findfp.o)
 .text._cleanup_r
                0x000000000800220c        0xc /home/hao/Documents/gcc-arm-none-eabi/bin/../lib/gcc/arm-none-eabi/10.2.1/../../../../arm-none-eabi/lib/thumb/v7e-m+fp/hard/libc_nano.a(lib_a-findfp.o)
                0x000000000800220c                _cleanup_r
 .text.__sfmoreglue
                0x0000000008002218       0x2c /home/hao/Documents/gcc-arm-none-eabi/bin/../lib/gcc/arm-none-eabi/10.2.1/../../../../arm-none-eabi/lib/thumb/v7e-m+fp/hard/libc_nano.a(lib_a-findfp.o)
                0x0000000008002218                __sfmoreglue
 .text.__sfp_lock_acquire
                0x0000000008002244        0xc /home/hao/Documents/gcc-arm-none-eabi/bin/../lib/gcc/arm-none-eabi/10.2.1/../../../../arm-none-eabi/lib/thumb/v7e-m+fp/hard/libc_nano.a(lib_a-findfp.o)
                0x0000000008002244                __sfp_lock_acquire
 .text.__sfp_lock_release
                0x0000000008002250        0xc /home/hao/Documents/gcc-arm-none-eabi/bin/../lib/gcc/arm-none-eabi/10.2.1/../../../../arm-none-eabi/lib/thumb/v7e-m+fp/hard/libc_nano.a(lib_a-findfp.o)
                0x0000000008002250                __sfp_lock_release
 .text.__sinit_lock_acquire
                0x000000000800225c        0xc /home/hao/Documents/gcc-arm-none-eabi/bin/../lib/gcc/arm-none-eabi/10.2.1/../../../../arm-none-eabi/lib/thumb/v7e-m+fp/hard/libc_nano.a(lib_a-findfp.o)
                0x000000000800225c                __sinit_lock_acquire
 .text.__sinit_lock_release
                0x0000000008002268        0xc /home/hao/Documents/gcc-arm-none-eabi/bin/../lib/gcc/arm-none-eabi/10.2.1/../../../../arm-none-eabi/lib/thumb/v7e-m+fp/hard/libc_nano.a(lib_a-findfp.o)
                0x0000000008002268                __sinit_lock_release
 .text.__sinit  0x0000000008002274       0x70 /home/hao/Documents/gcc-arm-none-eabi/bin/../lib/gcc/arm-none-eabi/10.2.1/../../../../arm-none-eabi/lib/thumb/v7e-m+fp/hard/libc_nano.a(lib_a-findfp.o)
                0x0000000008002274                __sinit
 .text.__sfp    0x00000000080022e4       0x8c /home/hao/Documents/gcc-arm-none-eabi/bin/../lib/gcc/arm-none-eabi/10.2.1/../../../../arm-none-eabi/lib/thumb/v7e-m+fp/hard/libc_nano.a(lib_a-findfp.o)
                0x00000000080022e4                __sfp
 .text._fwalk_reent
                0x0000000008002370       0x3e /home/hao/Documents/gcc-arm-none-eabi/bin/../lib/gcc/arm-none-eabi/10.2.1/../../../../arm-none-eabi/lib/thumb/v7e-m+fp/hard/libc_nano.a(lib_a-fwalk.o)
                0x0000000008002370                _fwalk_reent
 .text.__retarget_lock_init_recursive
                0x00000000080023ae        0x2 /home/hao/Documents/gcc-arm-none-eabi/bin/../lib/gcc/arm-none-eabi/10.2.1/../../../../arm-none-eabi/lib/thumb/v7e-m+fp/hard/libc_nano.a(lib_a-lock.o)
                0x00000000080023ae                __retarget_lock_init_recursive
 .text.__retarget_lock_acquire_recursive
                0x00000000080023b0        0x2 /home/hao/Documents/gcc-arm-none-eabi/bin/../lib/gcc/arm-none-eabi/10.2.1/../../../../arm-none-eabi/lib/thumb/v7e-m+fp/hard/libc_nano.a(lib_a-lock.o)
                0x00000000080023b0                __retarget_lock_acquire_recursive
 .text.__retarget_lock_release_recursive
                0x00000000080023b2        0x2 /home/hao/Documents/gcc-arm-none-eabi/bin/../lib/gcc/arm-none-eabi/10.2.1/../../../../arm-none-eabi/lib/thumb/v7e-m+fp/hard/libc_nano.a(lib_a-lock.o)
                0x00000000080023b2                __retarget_lock_release_recursive
 .text.__swhatbuf_r
                0x00000000080023b4       0x4a /home/hao/Documents/gcc-arm-none-eabi/bin/../lib/gcc/arm-none-eabi/10.2.1/../../../../arm-none-eabi/lib/thumb/v7e-m+fp/hard/libc_nano.a(lib_a-makebuf.o)
                0x00000000080023b4                __swhatbuf_r
 *fill*         0x00000000080023fe        0x2 
 .text.__smakebuf_r
                0x0000000008002400       0x80 /home/hao/Documents/gcc-arm-none-eabi/bin/../lib/gcc/arm-none-eabi/10.2.1/../../../../arm-none-eabi/lib/thumb/v7e-m+fp/hard/libc_nano.a(lib_a-makebuf.o)
                0x0000000008002400                __smakebuf_r
 .text._free_r  0x0000000008002480       0x98 /home/hao/Documents/gcc-arm-none-eabi/bin/../lib/gcc/arm-none-eabi/10.2.1/../../../../arm-none-eabi/lib/thumb/v7e-m+fp/hard/libc_nano.a(lib_a-nano-freer.o)
                0x0000000008002480                _free_r
 .text._malloc_r
                0x0000000008002518       0xb4 /home/hao/Documents/gcc-arm-none-eabi/bin/../lib/gcc/arm-none-eabi/10.2.1/../../../../arm-none-eabi/lib/thumb/v7e-m+fp/hard/libc_nano.a(lib_a-nano-mallocr.o)
                0x0000000008002518                _malloc_r
 .text.__ssputs_r
                0x00000000080025cc       0xb6 /home/hao/Documents/gcc-arm-none-eabi/bin/../lib/gcc/arm-none-eabi/10.2.1/../../../../arm-none-eabi/lib/thumb/v7e-m+fp/hard/libc_nano.a(lib_a-nano-svfprintf.o)
                0x00000000080025cc                __ssputs_r
 *fill*         0x0000000008002682        0x2 
 .text._svfprintf_r
                0x0000000008002684      0x200 /home/hao/Documents/gcc-arm-none-eabi/bin/../lib/gcc/arm-none-eabi/10.2.1/../../../../arm-none-eabi/lib/thumb/v7e-m+fp/hard/libc_nano.a(lib_a-nano-svfprintf.o)
                0x0000000008002684                _svfprintf_r
                0x0000000008002684                _svfiprintf_r
 .text.__sfputc_r
                0x0000000008002884       0x2e /home/hao/Documents/gcc-arm-none-eabi/bin/../lib/gcc/arm-none-eabi/10.2.1/../../../../arm-none-eabi/lib/thumb/v7e-m+fp/hard/libc_nano.a(lib_a-nano-vfprintf.o)
 .text.__sfputs_r
                0x00000000080028b2       0x24 /home/hao/Documents/gcc-arm-none-eabi/bin/../lib/gcc/arm-none-eabi/10.2.1/../../../../arm-none-eabi/lib/thumb/v7e-m+fp/hard/libc_nano.a(lib_a-nano-vfprintf.o)
                0x00000000080028b2                __sfputs_r
 *fill*         0x00000000080028d6        0x2 
 .text._vfprintf_r
                0x00000000080028d8      0x260 /home/hao/Documents/gcc-arm-none-eabi/bin/../lib/gcc/arm-none-eabi/10.2.1/../../../../arm-none-eabi/lib/thumb/v7e-m+fp/hard/libc_nano.a(lib_a-nano-vfprintf.o)
                0x00000000080028d8                _vfiprintf_r
                0x00000000080028d8                _vfprintf_r
 .text._printf_common
                0x0000000008002b38       0xda /home/hao/Documents/gcc-arm-none-eabi/bin/../lib/gcc/arm-none-eabi/10.2.1/../../../../arm-none-eabi/lib/thumb/v7e-m+fp/hard/libc_nano.a(lib_a-nano-vfprintf_i.o)
                0x0000000008002b38                _printf_common
 *fill*         0x0000000008002c12        0x2 
 .text._printf_i
                0x0000000008002c14      0x24c /home/hao/Documents/gcc-arm-none-eabi/bin/../lib/gcc/arm-none-eabi/10.2.1/../../../../arm-none-eabi/lib/thumb/v7e-m+fp/hard/libc_nano.a(lib_a-nano-vfprintf_i.o)
                0x0000000008002c14                _printf_i
 .text._sbrk_r  0x0000000008002e60       0x20 /home/hao/Documents/gcc-arm-none-eabi/bin/../lib/gcc/arm-none-eabi/10.2.1/../../../../arm-none-eabi/lib/thumb/v7e-m+fp/hard/libc_nano.a(lib_a-sbrkr.o)
                0x0000000008002e60                _sbrk_r
 .text.__sread  0x0000000008002e80       0x22 /home/hao/Documents/gcc-arm-none-eabi/bin/../lib/gcc/arm-none-eabi/10.2.1/../../../../arm-none-eabi/lib/thumb/v7e-m+fp/hard/libc_nano.a(lib_a-stdio.o)
                0x0000000008002e80                __sread
 .text.__swrite
                0x0000000008002ea2       0x38 /home/hao/Documents/gcc-arm-none-eabi/bin/../lib/gcc/arm-none-eabi/10.2.1/../../../../arm-none-eabi/lib/thumb/v7e-m+fp/hard/libc_nano.a(lib_a-stdio.o)
                0x0000000008002ea2                __swrite
 .text.__sseek  0x0000000008002eda       0x24 /home/hao/Documents/gcc-arm-none-eabi/bin/../lib/gcc/arm-none-eabi/10.2.1/../../../../arm-none-eabi/lib/thumb/v7e-m+fp/hard/libc_nano.a(lib_a-stdio.o)
                0x0000000008002eda                __sseek
 .text.__sclose
                0x0000000008002efe        0x8 /home/hao/Documents/gcc-arm-none-eabi/bin/../lib/gcc/arm-none-eabi/10.2.1/../../../../arm-none-eabi/lib/thumb/v7e-m+fp/hard/libc_nano.a(lib_a-stdio.o)
                0x0000000008002efe                __sclose
 *fill*         0x0000000008002f06        0x2 
 .text._write_r
                0x0000000008002f08       0x24 /home/hao/Documents/gcc-arm-none-eabi/bin/../lib/gcc/arm-none-eabi/10.2.1/../../../../arm-none-eabi/lib/thumb/v7e-m+fp/hard/libc_nano.a(lib_a-writer.o)
                0x0000000008002f08                _write_r
 .text._close_r
                0x0000000008002f2c       0x20 /home/hao/Documents/gcc-arm-none-eabi/bin/../lib/gcc/arm-none-eabi/10.2.1/../../../../arm-none-eabi/lib/thumb/v7e-m+fp/hard/libc_nano.a(lib_a-closer.o)
                0x0000000008002f2c                _close_r
 .text._fstat_r
                0x0000000008002f4c       0x24 /home/hao/Documents/gcc-arm-none-eabi/bin/../lib/gcc/arm-none-eabi/10.2.1/../../../../arm-none-eabi/lib/thumb/v7e-m+fp/hard/libc_nano.a(lib_a-fstatr.o)
                0x0000000008002f4c                _fstat_r
 .text._isatty_r
                0x0000000008002f70       0x20 /home/hao/Documents/gcc-arm-none-eabi/bin/../lib/gcc/arm-none-eabi/10.2.1/../../../../arm-none-eabi/lib/thumb/v7e-m+fp/hard/libc_nano.a(lib_a-isattyr.o)
                0x0000000008002f70                _isatty_r
 .text._lseek_r
                0x0000000008002f90       0x24 /home/hao/Documents/gcc-arm-none-eabi/bin/../lib/gcc/arm-none-eabi/10.2.1/../../../../arm-none-eabi/lib/thumb/v7e-m+fp/hard/libc_nano.a(lib_a-lseekr.o)
                0x0000000008002f90                _lseek_r
 .text.memcpy   0x0000000008002fb4       0x1c /home/hao/Documents/gcc-arm-none-eabi/bin/../lib/gcc/arm-none-eabi/10.2.1/../../../../arm-none-eabi/lib/thumb/v7e-m+fp/hard/libc_nano.a(lib_a-memcpy-stub.o)
                0x0000000008002fb4                memcpy
 .text.memmove  0x0000000008002fd0       0x34 /home/hao/Documents/gcc-arm-none-eabi/bin/../lib/gcc/arm-none-eabi/10.2.1/../../../../arm-none-eabi/lib/thumb/v7e-m+fp/hard/libc_nano.a(lib_a-memmove.o)
                0x0000000008002fd0                memmove
 .text.__malloc_lock
                0x0000000008003004        0xc /home/hao/Documents/gcc-arm-none-eabi/bin/../lib/gcc/arm-none-eabi/10.2.1/../../../../arm-none-eabi/lib/thumb/v7e-m+fp/hard/libc_nano.a(lib_a-mlock.o)
                0x0000000008003004                __malloc_lock
 .text.__malloc_unlock
                0x0000000008003010        0xc /home/hao/Documents/gcc-arm-none-eabi/bin/../lib/gcc/arm-none-eabi/10.2.1/../../../../arm-none-eabi/lib/thumb/v7e-m+fp/hard/libc_nano.a(lib_a-mlock.o)
                0x0000000008003010                __malloc_unlock
 .text._realloc_r
                0x000000000800301c       0x4c /home/hao/Documents/gcc-arm-none-eabi/bin/../lib/gcc/arm-none-eabi/10.2.1/../../../../arm-none-eabi/lib/thumb/v7e-m+fp/hard/libc_nano.a(lib_a-nano-reallocr.o)
                0x000000000800301c                _realloc_r
 .text._read_r  0x0000000008003068       0x24 /home/hao/Documents/gcc-arm-none-eabi/bin/../lib/gcc/arm-none-eabi/10.2.1/../../../../arm-none-eabi/lib/thumb/v7e-m+fp/hard/libc_nano.a(lib_a-readr.o)
                0x0000000008003068                _read_r
 .text._malloc_usable_size_r
                0x000000000800308c       0x10 /home/hao/Documents/gcc-arm-none-eabi/bin/../lib/gcc/arm-none-eabi/10.2.1/../../../../arm-none-eabi/lib/thumb/v7e-m+fp/hard/libc_nano.a(lib_a-nano-msizer.o)
                0x000000000800308c                _malloc_usable_size_r
 .text._close   0x000000000800309c       0x10 /home/hao/Documents/gcc-arm-none-eabi/bin/../lib/gcc/arm-none-eabi/10.2.1/../../../../arm-none-eabi/lib/thumb/v7e-m+fp/hard/libnosys.a(close.o)
                0x000000000800309c                _close
 .text._fstat   0x00000000080030ac       0x10 /home/hao/Documents/gcc-arm-none-eabi/bin/../lib/gcc/arm-none-eabi/10.2.1/../../../../arm-none-eabi/lib/thumb/v7e-m+fp/hard/libnosys.a(fstat.o)
                0x00000000080030ac                _fstat
 .text._isatty  0x00000000080030bc       0x10 /home/hao/Documents/gcc-arm-none-eabi/bin/../lib/gcc/arm-none-eabi/10.2.1/../../../../arm-none-eabi/lib/thumb/v7e-m+fp/hard/libnosys.a(isatty.o)
                0x00000000080030bc                _isatty
 .text._lseek   0x00000000080030cc       0x10 /home/hao/Documents/gcc-arm-none-eabi/bin/../lib/gcc/arm-none-eabi/10.2.1/../../../../arm-none-eabi/lib/thumb/v7e-m+fp/hard/libnosys.a(lseek.o)
                0x00000000080030cc                _lseek
 .text._read    0x00000000080030dc       0x10 /home/hao/Documents/gcc-arm-none-eabi/bin/../lib/gcc/arm-none-eabi/10.2.1/../../../../arm-none-eabi/lib/thumb/v7e-m+fp/hard/libnosys.a(read.o)
                0x00000000080030dc                _read
 .text._sbrk    0x00000000080030ec       0x1c /home/hao/Documents/gcc-arm-none-eabi/bin/../lib/gcc/arm-none-eabi/10.2.1/../../../../arm-none-eabi/lib/thumb/v7e-m+fp/hard/libnosys.a(sbrk.o)
                0x00000000080030ec                _sbrk
 *(.glue_7)
 .glue_7        0x0000000008003108        0x0 linker stubs
 *(.glue_7t)
 .glue_7t       0x0000000008003108        0x0 linker stubs
 *(.eh_frame)
 .eh_frame      0x0000000008003108        0x0 /home/hao/Documents/gcc-arm-none-eabi/bin/../lib/gcc/arm-none-eabi/10.2.1/thumb/v7e-m+fp/hard/crtbegin.o
 *(.init)
 .init          0x0000000008003108        0x4 /home/hao/Documents/gcc-arm-none-eabi/bin/../lib/gcc/arm-none-eabi/10.2.1/thumb/v7e-m+fp/hard/crti.o
                0x0000000008003108                _init
 .init          0x000000000800310c        0x8 /home/hao/Documents/gcc-arm-none-eabi/bin/../lib/gcc/arm-none-eabi/10.2.1/thumb/v7e-m+fp/hard/crtn.o
 *(.fini)
 .fini          0x0000000008003114        0x4 /home/hao/Documents/gcc-arm-none-eabi/bin/../lib/gcc/arm-none-eabi/10.2.1/thumb/v7e-m+fp/hard/crti.o
                0x0000000008003114                _fini
 .fini          0x0000000008003118        0x8 /home/hao/Documents/gcc-arm-none-eabi/bin/../lib/gcc/arm-none-eabi/10.2.1/thumb/v7e-m+fp/hard/crtn.o
                0x0000000008003120                . = ALIGN (0x4)
                0x0000000008003120                _etext = .

.vfp11_veneer   0x0000000008003120        0x0
 .vfp11_veneer  0x0000000008003120        0x0 linker stubs

.v4_bx          0x0000000008003120        0x0
 .v4_bx         0x0000000008003120        0x0 linker stubs

.iplt           0x0000000008003120        0x0
 .iplt          0x0000000008003120        0x0 /home/hao/Documents/gcc-arm-none-eabi/bin/../lib/gcc/arm-none-eabi/10.2.1/thumb/v7e-m+fp/hard/crtbegin.o

.rodata         0x0000000008003120      0x32c
                0x0000000008003120                . = ALIGN (0x4)
 *(.rodata)
 *(.rodata*)
 .rodata.ESP8266_StaTcpClient_Unvarnish_ConfigTest.str1.4
                0x0000000008003120      0x13e build/bsp_esp8266_test.o
 *fill*         0x000000000800325e        0x2 
 .rodata.ESP8266_Cmd.str1.4
                0x0000000008003260        0x5 build/esp8266.o
                                          0xb (size before relaxing)
 *fill*         0x0000000008003265        0x3 
 .rodata.ESP8266_AT_Test.str1.4
                0x0000000008003268       0x67 build/esp8266.o
 *fill*         0x00000000080032cf        0x1 
 .rodata.ESP8266_Net_Mode_Choose.str1.4
                0x00000000080032d0       0x30 build/esp8266.o
 .rodata.ESP8266_JoinAP.str1.4
                0x0000000008003300       0x13 build/esp8266.o
 *fill*         0x0000000008003313        0x1 
 .rodata.ESP8266_Enable_MultipleId.str1.4
                0x0000000008003314        0xd build/esp8266.o
 *fill*         0x0000000008003321        0x3 
 .rodata.ESP8266_Link_Server.str1.4
                0x0000000008003324       0x4b build/esp8266.o
 *fill*         0x000000000800336f        0x1 
 .rodata.ESP8266_UnvarnishSend.str1.4
                0x0000000008003370       0x1f build/esp8266.o
 *fill*         0x000000000800338f        0x1 
 .rodata.USART2_IRQHandler.str1.4
                0x0000000008003390        0x9 build/stm32f4xx_it.o
 *fill*         0x0000000008003399        0x3 
 .rodata.AHBPrescTable
                0x000000000800339c       0x10 build/system_stm32f4xx.o
                0x000000000800339c                AHBPrescTable
 .rodata.APBPrescTable
                0x00000000080033ac        0x8 build/system_stm32f4xx.o
                0x00000000080033ac                APBPrescTable
 .rodata._global_impure_ptr
                0x00000000080033b4        0x4 /home/hao/Documents/gcc-arm-none-eabi/bin/../lib/gcc/arm-none-eabi/10.2.1/../../../../arm-none-eabi/lib/thumb/v7e-m+fp/hard/libc_nano.a(lib_a-impure.o)
                0x00000000080033b4                _global_impure_ptr
 .rodata.__sf_fake_stderr
                0x00000000080033b8       0x20 /home/hao/Documents/gcc-arm-none-eabi/bin/../lib/gcc/arm-none-eabi/10.2.1/../../../../arm-none-eabi/lib/thumb/v7e-m+fp/hard/libc_nano.a(lib_a-findfp.o)
                0x00000000080033b8                __sf_fake_stderr
 .rodata.__sf_fake_stdin
                0x00000000080033d8       0x20 /home/hao/Documents/gcc-arm-none-eabi/bin/../lib/gcc/arm-none-eabi/10.2.1/../../../../arm-none-eabi/lib/thumb/v7e-m+fp/hard/libc_nano.a(lib_a-findfp.o)
                0x00000000080033d8                __sf_fake_stdin
 .rodata.__sf_fake_stdout
                0x00000000080033f8       0x20 /home/hao/Documents/gcc-arm-none-eabi/bin/../lib/gcc/arm-none-eabi/10.2.1/../../../../arm-none-eabi/lib/thumb/v7e-m+fp/hard/libc_nano.a(lib_a-findfp.o)
                0x00000000080033f8                __sf_fake_stdout
 .rodata._svfprintf_r.str1.1
                0x0000000008003418       0x11 /home/hao/Documents/gcc-arm-none-eabi/bin/../lib/gcc/arm-none-eabi/10.2.1/../../../../arm-none-eabi/lib/thumb/v7e-m+fp/hard/libc_nano.a(lib_a-nano-svfprintf.o)
 .rodata._vfprintf_r.str1.1
                0x0000000008003429       0x11 /home/hao/Documents/gcc-arm-none-eabi/bin/../lib/gcc/arm-none-eabi/10.2.1/../../../../arm-none-eabi/lib/thumb/v7e-m+fp/hard/libc_nano.a(lib_a-nano-vfprintf.o)
 .rodata._printf_i.str1.1
                0x0000000008003429       0x22 /home/hao/Documents/gcc-arm-none-eabi/bin/../lib/gcc/arm-none-eabi/10.2.1/../../../../arm-none-eabi/lib/thumb/v7e-m+fp/hard/libc_nano.a(lib_a-nano-vfprintf_i.o)
                0x000000000800344c                . = ALIGN (0x4)
 *fill*         0x000000000800344b        0x1 

.ARM.extab
 *(.ARM.extab* .gnu.linkonce.armextab.*)

.ARM            0x000000000800344c        0x8
                0x000000000800344c                __exidx_start = .
 *(.ARM.exidx*)
 .ARM.exidx     0x000000000800344c        0x8 /home/hao/Documents/gcc-arm-none-eabi/bin/../lib/gcc/arm-none-eabi/10.2.1/thumb/v7e-m+fp/hard/libgcc.a(_udivmoddi4.o)
                0x0000000008003454                __exidx_end = .

.rel.dyn        0x0000000008003454        0x0
 .rel.iplt      0x0000000008003454        0x0 /home/hao/Documents/gcc-arm-none-eabi/bin/../lib/gcc/arm-none-eabi/10.2.1/thumb/v7e-m+fp/hard/crtbegin.o

.preinit_array  0x0000000008003454        0x0
                0x0000000008003454                PROVIDE (__preinit_array_start = .)
 *(.preinit_array*)
                0x0000000008003454                PROVIDE (__preinit_array_end = .)

.init_array     0x0000000008003454        0x4
                0x0000000008003454                PROVIDE (__init_array_start = .)
 *(SORT_BY_NAME(.init_array.*))
 *(.init_array*)
 .init_array    0x0000000008003454        0x4 /home/hao/Documents/gcc-arm-none-eabi/bin/../lib/gcc/arm-none-eabi/10.2.1/thumb/v7e-m+fp/hard/crtbegin.o
                0x0000000008003458                PROVIDE (__init_array_end = .)

.fini_array     0x0000000008003458        0x4
                [!provide]                        PROVIDE (__fini_array_start = .)
 *(SORT_BY_NAME(.fini_array.*))
 *(.fini_array*)
 .fini_array    0x0000000008003458        0x4 /home/hao/Documents/gcc-arm-none-eabi/bin/../lib/gcc/arm-none-eabi/10.2.1/thumb/v7e-m+fp/hard/crtbegin.o
                [!provide]                        PROVIDE (__fini_array_end = .)
                0x000000000800345c                _sidata = LOADADDR (.data)

.data           0x0000000020000000       0x70 load address 0x000000000800345c
                0x0000000020000000                . = ALIGN (0x4)
                0x0000000020000000                _sdata = .
 *(.data)
 *(.data*)
 .data.buffer   0x0000000020000000        0x2 build/common.o
                0x0000000020000000                buffer
 .data.uwTickFreq
                0x0000000020000002        0x1 build/stm32f4xx_hal.o
                0x0000000020000002                uwTickFreq
 *fill*         0x0000000020000003        0x1 
 .data.uwTickPrio
                0x0000000020000004        0x4 build/stm32f4xx_hal.o
                0x0000000020000004                uwTickPrio
 .data.SystemCoreClock
                0x0000000020000008        0x4 build/system_stm32f4xx.o
                0x0000000020000008                SystemCoreClock
 .data._impure_ptr
                0x000000002000000c        0x4 /home/hao/Documents/gcc-arm-none-eabi/bin/../lib/gcc/arm-none-eabi/10.2.1/../../../../arm-none-eabi/lib/thumb/v7e-m+fp/hard/libc_nano.a(lib_a-impure.o)
                0x000000002000000c                _impure_ptr
 .data.impure_data
                0x0000000020000010       0x60 /home/hao/Documents/gcc-arm-none-eabi/bin/../lib/gcc/arm-none-eabi/10.2.1/../../../../arm-none-eabi/lib/thumb/v7e-m+fp/hard/libc_nano.a(lib_a-impure.o)
                0x0000000020000070                . = ALIGN (0x4)
                0x0000000020000070                _edata = .
                0x00000000080034cc                _siccmram = LOADADDR (.ccmram)

.igot.plt       0x0000000020000070        0x0 load address 0x00000000080034cc
 .igot.plt      0x0000000020000070        0x0 /home/hao/Documents/gcc-arm-none-eabi/bin/../lib/gcc/arm-none-eabi/10.2.1/thumb/v7e-m+fp/hard/crtbegin.o

.ccmram         0x0000000010000000        0x0 load address 0x00000000080034cc
                0x0000000010000000                . = ALIGN (0x4)
                0x0000000010000000                _sccmram = .
 *(.ccmram)
 *(.ccmram*)
                0x0000000010000000                . = ALIGN (0x4)
                0x0000000010000000                _eccmram = .
                0x0000000010000000                . = ALIGN (0x4)

.bss            0x0000000020000070      0x840
                0x0000000020000070                _sbss = .
                0x0000000020000070                __bss_start__ = _sbss
 *(.bss)
 .bss           0x0000000020000070       0x1c /home/hao/Documents/gcc-arm-none-eabi/bin/../lib/gcc/arm-none-eabi/10.2.1/thumb/v7e-m+fp/hard/crtbegin.o
 *(.bss*)
 .bss.ucTcpClosedFlag
                0x000000002000008c        0x1 build/bsp_esp8266_test.o
                0x000000002000008c                ucTcpClosedFlag
 *fill*         0x000000002000008d        0x3 
 .bss.strEsp8266_Fram_Record
                0x0000000020000090      0x402 build/esp8266.o
                0x0000000020000090                strEsp8266_Fram_Record
 *fill*         0x0000000020000492        0x2 
 .bss.strUSART_Fram_Record
                0x0000000020000494      0x402 build/esp8266.o
                0x0000000020000494                strUSART_Fram_Record
 *fill*         0x0000000020000896        0x2 
 .bss.uwTick    0x0000000020000898        0x4 build/stm32f4xx_hal.o
                0x0000000020000898                uwTick
 .bss.__lock___malloc_recursive_mutex
                0x000000002000089c        0x1 /home/hao/Documents/gcc-arm-none-eabi/bin/../lib/gcc/arm-none-eabi/10.2.1/../../../../arm-none-eabi/lib/thumb/v7e-m+fp/hard/libc_nano.a(lib_a-lock.o)
                0x000000002000089c                __lock___malloc_recursive_mutex
 .bss.__lock___sfp_recursive_mutex
                0x000000002000089d        0x1 /home/hao/Documents/gcc-arm-none-eabi/bin/../lib/gcc/arm-none-eabi/10.2.1/../../../../arm-none-eabi/lib/thumb/v7e-m+fp/hard/libc_nano.a(lib_a-lock.o)
                0x000000002000089d                __lock___sfp_recursive_mutex
 .bss.__lock___sinit_recursive_mutex
                0x000000002000089e        0x1 /home/hao/Documents/gcc-arm-none-eabi/bin/../lib/gcc/arm-none-eabi/10.2.1/../../../../arm-none-eabi/lib/thumb/v7e-m+fp/hard/libc_nano.a(lib_a-lock.o)
                0x000000002000089e                __lock___sinit_recursive_mutex
 *fill*         0x000000002000089f        0x1 
 .bss.__malloc_free_list
                0x00000000200008a0        0x4 /home/hao/Documents/gcc-arm-none-eabi/bin/../lib/gcc/arm-none-eabi/10.2.1/../../../../arm-none-eabi/lib/thumb/v7e-m+fp/hard/libc_nano.a(lib_a-nano-mallocr.o)
                0x00000000200008a0                __malloc_free_list
 .bss.__malloc_sbrk_start
                0x00000000200008a4        0x4 /home/hao/Documents/gcc-arm-none-eabi/bin/../lib/gcc/arm-none-eabi/10.2.1/../../../../arm-none-eabi/lib/thumb/v7e-m+fp/hard/libc_nano.a(lib_a-nano-mallocr.o)
                0x00000000200008a4                __malloc_sbrk_start
 .bss.errno     0x00000000200008a8        0x4 /home/hao/Documents/gcc-arm-none-eabi/bin/../lib/gcc/arm-none-eabi/10.2.1/../../../../arm-none-eabi/lib/thumb/v7e-m+fp/hard/libc_nano.a(lib_a-reent.o)
                0x00000000200008a8                errno
 .bss.heap_end.0
                0x00000000200008ac        0x4 /home/hao/Documents/gcc-arm-none-eabi/bin/../lib/gcc/arm-none-eabi/10.2.1/../../../../arm-none-eabi/lib/thumb/v7e-m+fp/hard/libnosys.a(sbrk.o)
 *(COMMON)
                0x00000000200008b0                . = ALIGN (0x4)
                0x00000000200008b0                _ebss = .
                0x00000000200008b0                __bss_end__ = _ebss

._user_heap_stack
                0x00000000200008b0      0x600
                0x00000000200008b0                . = ALIGN (0x8)
                0x00000000200008b0                PROVIDE (end = .)
                [!provide]                        PROVIDE (_end = .)
                0x0000000020000ab0                . = (. + _Min_Heap_Size)
 *fill*         0x00000000200008b0      0x200 
                0x0000000020000eb0                . = (. + _Min_Stack_Size)
 *fill*         0x0000000020000ab0      0x400 
                0x0000000020000eb0                . = ALIGN (0x8)

/DISCARD/
 libc.a(*)
 libm.a(*)
 libgcc.a(*)

.ARM.attributes
                0x0000000000000000       0x30
 *(.ARM.attributes)
 .ARM.attributes
                0x0000000000000000       0x1e /home/hao/Documents/gcc-arm-none-eabi/bin/../lib/gcc/arm-none-eabi/10.2.1/thumb/v7e-m+fp/hard/crti.o
 .ARM.attributes
                0x000000000000001e       0x34 /home/hao/Documents/gcc-arm-none-eabi/bin/../lib/gcc/arm-none-eabi/10.2.1/thumb/v7e-m+fp/hard/crtbegin.o
 .ARM.attributes
                0x0000000000000052       0x34 build/common.o
 .ARM.attributes
                0x0000000000000086       0x34 build/bsp_esp8266_test.o
 .ARM.attributes
                0x00000000000000ba       0x34 build/esp8266.o
 .ARM.attributes
                0x00000000000000ee       0x34 build/main.o
 .ARM.attributes
                0x0000000000000122       0x34 build/gpio.o
 .ARM.attributes
                0x0000000000000156       0x34 build/usart.o
 .ARM.attributes
                0x000000000000018a       0x34 build/stm32f4xx_it.o
 .ARM.attributes
                0x00000000000001be       0x34 build/stm32f4xx_hal_msp.o
 .ARM.attributes
                0x00000000000001f2       0x34 build/stm32f4xx_ll_usart.o
 .ARM.attributes
                0x0000000000000226       0x34 build/stm32f4xx_ll_gpio.o
 .ARM.attributes
                0x000000000000025a       0x34 build/stm32f4xx_hal_rcc.o
 .ARM.attributes
                0x000000000000028e       0x34 build/stm32f4xx_hal_gpio.o
 .ARM.attributes
                0x00000000000002c2       0x34 build/stm32f4xx_hal_pwr_ex.o
 .ARM.attributes
                0x00000000000002f6       0x34 build/stm32f4xx_hal_cortex.o
 .ARM.attributes
                0x000000000000032a       0x34 build/stm32f4xx_hal.o
 .ARM.attributes
                0x000000000000035e       0x34 build/stm32f4xx_ll_rcc.o
 .ARM.attributes
                0x0000000000000392       0x34 build/system_stm32f4xx.o
 .ARM.attributes
                0x00000000000003c6       0x21 build/startup_stm32f429xx.o
 .ARM.attributes
                0x00000000000003e7       0x32 /home/hao/Documents/gcc-arm-none-eabi/bin/../lib/gcc/arm-none-eabi/10.2.1/../../../../arm-none-eabi/lib/thumb/v7e-m+fp/hard/libc_nano.a(lib_a-impure.o)
 .ARM.attributes
                0x0000000000000419       0x34 /home/hao/Documents/gcc-arm-none-eabi/bin/../lib/gcc/arm-none-eabi/10.2.1/../../../../arm-none-eabi/lib/thumb/v7e-m+fp/hard/libc_nano.a(lib_a-init.o)
 .ARM.attributes
                0x000000000000044d       0x34 /home/hao/Documents/gcc-arm-none-eabi/bin/../lib/gcc/arm-none-eabi/10.2.1/../../../../arm-none-eabi/lib/thumb/v7e-m+fp/hard/libc_nano.a(lib_a-memset.o)
 .ARM.attributes
                0x0000000000000481       0x34 /home/hao/Documents/gcc-arm-none-eabi/bin/../lib/gcc/arm-none-eabi/10.2.1/../../../../arm-none-eabi/lib/thumb/v7e-m+fp/hard/libc_nano.a(lib_a-printf.o)
 .ARM.attributes
                0x00000000000004b5       0x34 /home/hao/Documents/gcc-arm-none-eabi/bin/../lib/gcc/arm-none-eabi/10.2.1/../../../../arm-none-eabi/lib/thumb/v7e-m+fp/hard/libc_nano.a(lib_a-puts.o)
 .ARM.attributes
                0x00000000000004e9       0x34 /home/hao/Documents/gcc-arm-none-eabi/bin/../lib/gcc/arm-none-eabi/10.2.1/../../../../arm-none-eabi/lib/thumb/v7e-m+fp/hard/libc_nano.a(lib_a-sprintf.o)
 .ARM.attributes
                0x000000000000051d       0x34 /home/hao/Documents/gcc-arm-none-eabi/bin/../lib/gcc/arm-none-eabi/10.2.1/../../../../arm-none-eabi/lib/thumb/v7e-m+fp/hard/libc_nano.a(lib_a-strstr.o)
 .ARM.attributes
                0x0000000000000551       0x34 /home/hao/Documents/gcc-arm-none-eabi/bin/../lib/gcc/arm-none-eabi/10.2.1/../../../../arm-none-eabi/lib/thumb/v7e-m+fp/hard/libc_nano.a(lib_a-wbuf.o)
 .ARM.attributes
                0x0000000000000585       0x34 /home/hao/Documents/gcc-arm-none-eabi/bin/../lib/gcc/arm-none-eabi/10.2.1/../../../../arm-none-eabi/lib/thumb/v7e-m+fp/hard/libc_nano.a(lib_a-wsetup.o)
 .ARM.attributes
                0x00000000000005b9       0x34 /home/hao/Documents/gcc-arm-none-eabi/bin/../lib/gcc/arm-none-eabi/10.2.1/../../../../arm-none-eabi/lib/thumb/v7e-m+fp/hard/libc_nano.a(lib_a-fflush.o)
 .ARM.attributes
                0x00000000000005ed       0x34 /home/hao/Documents/gcc-arm-none-eabi/bin/../lib/gcc/arm-none-eabi/10.2.1/../../../../arm-none-eabi/lib/thumb/v7e-m+fp/hard/libc_nano.a(lib_a-findfp.o)
 .ARM.attributes
                0x0000000000000621       0x34 /home/hao/Documents/gcc-arm-none-eabi/bin/../lib/gcc/arm-none-eabi/10.2.1/../../../../arm-none-eabi/lib/thumb/v7e-m+fp/hard/libc_nano.a(lib_a-fwalk.o)
 .ARM.attributes
                0x0000000000000655       0x34 /home/hao/Documents/gcc-arm-none-eabi/bin/../lib/gcc/arm-none-eabi/10.2.1/../../../../arm-none-eabi/lib/thumb/v7e-m+fp/hard/libc_nano.a(lib_a-lock.o)
 .ARM.attributes
                0x0000000000000689       0x34 /home/hao/Documents/gcc-arm-none-eabi/bin/../lib/gcc/arm-none-eabi/10.2.1/../../../../arm-none-eabi/lib/thumb/v7e-m+fp/hard/libc_nano.a(lib_a-makebuf.o)
 .ARM.attributes
                0x00000000000006bd       0x34 /home/hao/Documents/gcc-arm-none-eabi/bin/../lib/gcc/arm-none-eabi/10.2.1/../../../../arm-none-eabi/lib/thumb/v7e-m+fp/hard/libc_nano.a(lib_a-nano-freer.o)
 .ARM.attributes
                0x00000000000006f1       0x34 /home/hao/Documents/gcc-arm-none-eabi/bin/../lib/gcc/arm-none-eabi/10.2.1/../../../../arm-none-eabi/lib/thumb/v7e-m+fp/hard/libc_nano.a(lib_a-nano-mallocr.o)
 .ARM.attributes
                0x0000000000000725       0x34 /home/hao/Documents/gcc-arm-none-eabi/bin/../lib/gcc/arm-none-eabi/10.2.1/../../../../arm-none-eabi/lib/thumb/v7e-m+fp/hard/libc_nano.a(lib_a-nano-svfprintf.o)
 .ARM.attributes
                0x0000000000000759       0x34 /home/hao/Documents/gcc-arm-none-eabi/bin/../lib/gcc/arm-none-eabi/10.2.1/../../../../arm-none-eabi/lib/thumb/v7e-m+fp/hard/libc_nano.a(lib_a-nano-vfprintf.o)
 .ARM.attributes
                0x000000000000078d       0x34 /home/hao/Documents/gcc-arm-none-eabi/bin/../lib/gcc/arm-none-eabi/10.2.1/../../../../arm-none-eabi/lib/thumb/v7e-m+fp/hard/libc_nano.a(lib_a-nano-vfprintf_i.o)
 .ARM.attributes
                0x00000000000007c1       0x34 /home/hao/Documents/gcc-arm-none-eabi/bin/../lib/gcc/arm-none-eabi/10.2.1/../../../../arm-none-eabi/lib/thumb/v7e-m+fp/hard/libc_nano.a(lib_a-sbrkr.o)
 .ARM.attributes
                0x00000000000007f5       0x34 /home/hao/Documents/gcc-arm-none-eabi/bin/../lib/gcc/arm-none-eabi/10.2.1/../../../../arm-none-eabi/lib/thumb/v7e-m+fp/hard/libc_nano.a(lib_a-stdio.o)
 .ARM.attributes
                0x0000000000000829       0x34 /home/hao/Documents/gcc-arm-none-eabi/bin/../lib/gcc/arm-none-eabi/10.2.1/../../../../arm-none-eabi/lib/thumb/v7e-m+fp/hard/libc_nano.a(lib_a-writer.o)
 .ARM.attributes
                0x000000000000085d       0x34 /home/hao/Documents/gcc-arm-none-eabi/bin/../lib/gcc/arm-none-eabi/10.2.1/../../../../arm-none-eabi/lib/thumb/v7e-m+fp/hard/libc_nano.a(lib_a-closer.o)
 .ARM.attributes
                0x0000000000000891       0x34 /home/hao/Documents/gcc-arm-none-eabi/bin/../lib/gcc/arm-none-eabi/10.2.1/../../../../arm-none-eabi/lib/thumb/v7e-m+fp/hard/libc_nano.a(lib_a-fstatr.o)
 .ARM.attributes
                0x00000000000008c5       0x34 /home/hao/Documents/gcc-arm-none-eabi/bin/../lib/gcc/arm-none-eabi/10.2.1/../../../../arm-none-eabi/lib/thumb/v7e-m+fp/hard/libc_nano.a(lib_a-isattyr.o)
 .ARM.attributes
                0x00000000000008f9       0x34 /home/hao/Documents/gcc-arm-none-eabi/bin/../lib/gcc/arm-none-eabi/10.2.1/../../../../arm-none-eabi/lib/thumb/v7e-m+fp/hard/libc_nano.a(lib_a-lseekr.o)
 .ARM.attributes
                0x000000000000092d       0x1c /home/hao/Documents/gcc-arm-none-eabi/bin/../lib/gcc/arm-none-eabi/10.2.1/../../../../arm-none-eabi/lib/thumb/v7e-m+fp/hard/libc_nano.a(lib_a-memchr.o)
 .ARM.attributes
                0x0000000000000949       0x34 /home/hao/Documents/gcc-arm-none-eabi/bin/../lib/gcc/arm-none-eabi/10.2.1/../../../../arm-none-eabi/lib/thumb/v7e-m+fp/hard/libc_nano.a(lib_a-memcpy-stub.o)
 .ARM.attributes
                0x000000000000097d       0x34 /home/hao/Documents/gcc-arm-none-eabi/bin/../lib/gcc/arm-none-eabi/10.2.1/../../../../arm-none-eabi/lib/thumb/v7e-m+fp/hard/libc_nano.a(lib_a-memmove.o)
 .ARM.attributes
                0x00000000000009b1       0x34 /home/hao/Documents/gcc-arm-none-eabi/bin/../lib/gcc/arm-none-eabi/10.2.1/../../../../arm-none-eabi/lib/thumb/v7e-m+fp/hard/libc_nano.a(lib_a-mlock.o)
 .ARM.attributes
                0x00000000000009e5       0x34 /home/hao/Documents/gcc-arm-none-eabi/bin/../lib/gcc/arm-none-eabi/10.2.1/../../../../arm-none-eabi/lib/thumb/v7e-m+fp/hard/libc_nano.a(lib_a-nano-reallocr.o)
 .ARM.attributes
                0x0000000000000a19       0x34 /home/hao/Documents/gcc-arm-none-eabi/bin/../lib/gcc/arm-none-eabi/10.2.1/../../../../arm-none-eabi/lib/thumb/v7e-m+fp/hard/libc_nano.a(lib_a-readr.o)
 .ARM.attributes
                0x0000000000000a4d       0x34 /home/hao/Documents/gcc-arm-none-eabi/bin/../lib/gcc/arm-none-eabi/10.2.1/../../../../arm-none-eabi/lib/thumb/v7e-m+fp/hard/libc_nano.a(lib_a-reent.o)
 .ARM.attributes
                0x0000000000000a81       0x34 /home/hao/Documents/gcc-arm-none-eabi/bin/../lib/gcc/arm-none-eabi/10.2.1/../../../../arm-none-eabi/lib/thumb/v7e-m+fp/hard/libc_nano.a(lib_a-nano-msizer.o)
 .ARM.attributes
                0x0000000000000ab5       0x34 /home/hao/Documents/gcc-arm-none-eabi/bin/../lib/gcc/arm-none-eabi/10.2.1/../../../../arm-none-eabi/lib/thumb/v7e-m+fp/hard/libnosys.a(close.o)
 .ARM.attributes
                0x0000000000000ae9       0x34 /home/hao/Documents/gcc-arm-none-eabi/bin/../lib/gcc/arm-none-eabi/10.2.1/../../../../arm-none-eabi/lib/thumb/v7e-m+fp/hard/libnosys.a(fstat.o)
 .ARM.attributes
                0x0000000000000b1d       0x34 /home/hao/Documents/gcc-arm-none-eabi/bin/../lib/gcc/arm-none-eabi/10.2.1/../../../../arm-none-eabi/lib/thumb/v7e-m+fp/hard/libnosys.a(isatty.o)
 .ARM.attributes
                0x0000000000000b51       0x34 /home/hao/Documents/gcc-arm-none-eabi/bin/../lib/gcc/arm-none-eabi/10.2.1/../../../../arm-none-eabi/lib/thumb/v7e-m+fp/hard/libnosys.a(lseek.o)
 .ARM.attributes
                0x0000000000000b85       0x34 /home/hao/Documents/gcc-arm-none-eabi/bin/../lib/gcc/arm-none-eabi/10.2.1/../../../../arm-none-eabi/lib/thumb/v7e-m+fp/hard/libnosys.a(read.o)
 .ARM.attributes
                0x0000000000000bb9       0x34 /home/hao/Documents/gcc-arm-none-eabi/bin/../lib/gcc/arm-none-eabi/10.2.1/../../../../arm-none-eabi/lib/thumb/v7e-m+fp/hard/libnosys.a(sbrk.o)
 .ARM.attributes
                0x0000000000000bed       0x1e /home/hao/Documents/gcc-arm-none-eabi/bin/../lib/gcc/arm-none-eabi/10.2.1/thumb/v7e-m+fp/hard/libgcc.a(_aeabi_uldivmod.o)
 .ARM.attributes
                0x0000000000000c0b       0x34 /home/hao/Documents/gcc-arm-none-eabi/bin/../lib/gcc/arm-none-eabi/10.2.1/thumb/v7e-m+fp/hard/libgcc.a(_udivmoddi4.o)
 .ARM.attributes
                0x0000000000000c3f       0x1e /home/hao/Documents/gcc-arm-none-eabi/bin/../lib/gcc/arm-none-eabi/10.2.1/thumb/v7e-m+fp/hard/libgcc.a(_dvmd_tls.o)
 .ARM.attributes
                0x0000000000000c5d       0x1e /home/hao/Documents/gcc-arm-none-eabi/bin/../lib/gcc/arm-none-eabi/10.2.1/thumb/v7e-m+fp/hard/crtn.o
OUTPUT(build/32_ESP8266.elf elf32-littlearm)
LOAD linker stubs
LOAD /home/hao/Documents/gcc-arm-none-eabi/bin/../lib/gcc/arm-none-eabi/10.2.1/../../../../arm-none-eabi/lib/thumb/v7e-m+fp/hard/libc.a
LOAD /home/hao/Documents/gcc-arm-none-eabi/bin/../lib/gcc/arm-none-eabi/10.2.1/../../../../arm-none-eabi/lib/thumb/v7e-m+fp/hard/libm.a
LOAD /home/hao/Documents/gcc-arm-none-eabi/bin/../lib/gcc/arm-none-eabi/10.2.1/thumb/v7e-m+fp/hard/libgcc.a

.debug_info     0x0000000000000000     0xb1cc
 .debug_info    0x0000000000000000      0x521 build/common.o
 .debug_info    0x0000000000000521      0x8d2 build/bsp_esp8266_test.o
 .debug_info    0x0000000000000df3     0x1255 build/esp8266.o
 .debug_info    0x0000000000002048      0x6ef build/main.o
 .debug_info    0x0000000000002737      0x534 build/gpio.o
 .debug_info    0x0000000000002c6b     0x1435 build/usart.o
 .debug_info    0x00000000000040a0      0x57d build/stm32f4xx_it.o
 .debug_info    0x000000000000461d      0x37a build/stm32f4xx_hal_msp.o
 .debug_info    0x0000000000004997      0xb84 build/stm32f4xx_ll_usart.o
 .debug_info    0x000000000000551b      0xdce build/stm32f4xx_ll_gpio.o
 .debug_info    0x00000000000062e9      0xc08 build/stm32f4xx_hal_rcc.o
 .debug_info    0x0000000000006ef1      0x86a build/stm32f4xx_hal_gpio.o
 .debug_info    0x000000000000775b      0x85e build/stm32f4xx_hal_pwr_ex.o
 .debug_info    0x0000000000007fb9     0x11aa build/stm32f4xx_hal_cortex.o
 .debug_info    0x0000000000009163      0xb55 build/stm32f4xx_hal.o
 .debug_info    0x0000000000009cb8      0xf1d build/stm32f4xx_ll_rcc.o
 .debug_info    0x000000000000abd5      0x5d5 build/system_stm32f4xx.o
 .debug_info    0x000000000000b1aa       0x22 build/startup_stm32f429xx.o

.debug_abbrev   0x0000000000000000     0x26ad
 .debug_abbrev  0x0000000000000000      0x219 build/common.o
 .debug_abbrev  0x0000000000000219      0x2d4 build/bsp_esp8266_test.o
 .debug_abbrev  0x00000000000004ed      0x2d7 build/esp8266.o
 .debug_abbrev  0x00000000000007c4      0x1f0 build/main.o
 .debug_abbrev  0x00000000000009b4      0x169 build/gpio.o
 .debug_abbrev  0x0000000000000b1d      0x312 build/usart.o
 .debug_abbrev  0x0000000000000e2f      0x25f build/stm32f4xx_it.o
 .debug_abbrev  0x000000000000108e       0xeb build/stm32f4xx_hal_msp.o
 .debug_abbrev  0x0000000000001179      0x2ed build/stm32f4xx_ll_usart.o
 .debug_abbrev  0x0000000000001466      0x270 build/stm32f4xx_ll_gpio.o
 .debug_abbrev  0x00000000000016d6      0x2aa build/stm32f4xx_hal_rcc.o
 .debug_abbrev  0x0000000000001980      0x22b build/stm32f4xx_hal_gpio.o
 .debug_abbrev  0x0000000000001bab      0x1c3 build/stm32f4xx_hal_pwr_ex.o
 .debug_abbrev  0x0000000000001d6e      0x382 build/stm32f4xx_hal_cortex.o
 .debug_abbrev  0x00000000000020f0      0x209 build/stm32f4xx_hal.o
 .debug_abbrev  0x00000000000022f9      0x287 build/stm32f4xx_ll_rcc.o
 .debug_abbrev  0x0000000000002580      0x11b build/system_stm32f4xx.o
 .debug_abbrev  0x000000000000269b       0x12 build/startup_stm32f429xx.o

.debug_loc      0x0000000000000000     0x49af
 .debug_loc     0x0000000000000000      0x4b2 build/common.o
 .debug_loc     0x00000000000004b2      0x182 build/bsp_esp8266_test.o
 .debug_loc     0x0000000000000634      0xa12 build/esp8266.o
 .debug_loc     0x0000000000001046       0x66 build/main.o
 .debug_loc     0x00000000000010ac       0x38 build/gpio.o
 .debug_loc     0x00000000000010e4      0x45e build/usart.o
 .debug_loc     0x0000000000001542      0x13a build/stm32f4xx_it.o
 .debug_loc     0x000000000000167c       0x2c build/stm32f4xx_hal_msp.o
 .debug_loc     0x00000000000016a8      0x767 build/stm32f4xx_ll_usart.o
 .debug_loc     0x0000000000001e0f      0x82a build/stm32f4xx_ll_gpio.o
 .debug_loc     0x0000000000002639      0x6e4 build/stm32f4xx_hal_rcc.o
 .debug_loc     0x0000000000002d1d      0x5e8 build/stm32f4xx_hal_gpio.o
 .debug_loc     0x0000000000003305      0x378 build/stm32f4xx_hal_pwr_ex.o
 .debug_loc     0x000000000000367d      0x7a4 build/stm32f4xx_hal_cortex.o
 .debug_loc     0x0000000000003e21      0x1e1 build/stm32f4xx_hal.o
 .debug_loc     0x0000000000004002      0x855 build/stm32f4xx_ll_rcc.o
 .debug_loc     0x0000000000004857      0x158 build/system_stm32f4xx.o

.debug_aranges  0x0000000000000000      0x650
 .debug_aranges
                0x0000000000000000       0x28 build/common.o
 .debug_aranges
                0x0000000000000028       0x28 build/bsp_esp8266_test.o
 .debug_aranges
                0x0000000000000050       0xa0 build/esp8266.o
 .debug_aranges
                0x00000000000000f0       0x30 build/main.o
 .debug_aranges
                0x0000000000000120       0x20 build/gpio.o
 .debug_aranges
                0x0000000000000140       0x30 build/usart.o
 .debug_aranges
                0x0000000000000170       0x70 build/stm32f4xx_it.o
 .debug_aranges
                0x00000000000001e0       0x20 build/stm32f4xx_hal_msp.o
 .debug_aranges
                0x0000000000000200       0x40 build/stm32f4xx_ll_usart.o
 .debug_aranges
                0x0000000000000240       0x30 build/stm32f4xx_ll_gpio.o
 .debug_aranges
                0x0000000000000270       0x88 build/stm32f4xx_hal_rcc.o
 .debug_aranges
                0x00000000000002f8       0x58 build/stm32f4xx_hal_gpio.o
 .debug_aranges
                0x0000000000000350       0x60 build/stm32f4xx_hal_pwr_ex.o
 .debug_aranges
                0x00000000000003b0       0xa8 build/stm32f4xx_hal_cortex.o
 .debug_aranges
                0x0000000000000458      0x100 build/stm32f4xx_hal.o
 .debug_aranges
                0x0000000000000558       0xa8 build/stm32f4xx_ll_rcc.o
 .debug_aranges
                0x0000000000000600       0x28 build/system_stm32f4xx.o
 .debug_aranges
                0x0000000000000628       0x28 build/startup_stm32f429xx.o

.debug_ranges   0x0000000000000000      0x7c0
 .debug_ranges  0x0000000000000000       0x18 build/common.o
 .debug_ranges  0x0000000000000018       0x30 build/bsp_esp8266_test.o
 .debug_ranges  0x0000000000000048       0x90 build/esp8266.o
 .debug_ranges  0x00000000000000d8       0x20 build/main.o
 .debug_ranges  0x00000000000000f8       0x10 build/gpio.o
 .debug_ranges  0x0000000000000108       0x20 build/usart.o
 .debug_ranges  0x0000000000000128       0x60 build/stm32f4xx_it.o
 .debug_ranges  0x0000000000000188       0x10 build/stm32f4xx_hal_msp.o
 .debug_ranges  0x0000000000000198      0x120 build/stm32f4xx_ll_usart.o
 .debug_ranges  0x00000000000002b8      0x128 build/stm32f4xx_ll_gpio.o
 .debug_ranges  0x00000000000003e0       0x90 build/stm32f4xx_hal_rcc.o
 .debug_ranges  0x0000000000000470       0x48 build/stm32f4xx_hal_gpio.o
 .debug_ranges  0x00000000000004b8       0x50 build/stm32f4xx_hal_pwr_ex.o
 .debug_ranges  0x0000000000000508       0xf8 build/stm32f4xx_hal_cortex.o
 .debug_ranges  0x0000000000000600       0xf0 build/stm32f4xx_hal.o
 .debug_ranges  0x00000000000006f0       0x98 build/stm32f4xx_ll_rcc.o
 .debug_ranges  0x0000000000000788       0x18 build/system_stm32f4xx.o
 .debug_ranges  0x00000000000007a0       0x20 build/startup_stm32f429xx.o

.debug_line     0x0000000000000000     0x5f4b
 .debug_line    0x0000000000000000      0x505 build/common.o
 .debug_line    0x0000000000000505      0x466 build/bsp_esp8266_test.o
 .debug_line    0x000000000000096b      0x723 build/esp8266.o
 .debug_line    0x000000000000108e      0x37c build/main.o
 .debug_line    0x000000000000140a      0x1c2 build/gpio.o
 .debug_line    0x00000000000015cc      0x5be build/usart.o
 .debug_line    0x0000000000001b8a      0x480 build/stm32f4xx_it.o
 .debug_line    0x000000000000200a      0x18d build/stm32f4xx_hal_msp.o
 .debug_line    0x0000000000002197      0x694 build/stm32f4xx_ll_usart.o
 .debug_line    0x000000000000282b      0x78c build/stm32f4xx_ll_gpio.o
 .debug_line    0x0000000000002fb7      0xaf5 build/stm32f4xx_hal_rcc.o
 .debug_line    0x0000000000003aac      0x6dc build/stm32f4xx_hal_gpio.o
 .debug_line    0x0000000000004188      0x498 build/stm32f4xx_hal_pwr_ex.o
 .debug_line    0x0000000000004620      0x75e build/stm32f4xx_hal_cortex.o
 .debug_line    0x0000000000004d7e      0x583 build/stm32f4xx_hal.o
 .debug_line    0x0000000000005301      0x99e build/stm32f4xx_ll_rcc.o
 .debug_line    0x0000000000005c9f      0x236 build/system_stm32f4xx.o
 .debug_line    0x0000000000005ed5       0x76 build/startup_stm32f429xx.o

.debug_str      0x0000000000000000     0x2867
 .debug_str     0x0000000000000000      0x214 build/common.o
                                        0x278 (size before relaxing)
 .debug_str     0x0000000000000214      0x2cc build/bsp_esp8266_test.o
                                        0x4a4 (size before relaxing)
 .debug_str     0x00000000000004e0      0x251 build/esp8266.o
                                        0x641 (size before relaxing)
 .debug_str     0x0000000000000731      0x313 build/main.o
                                        0x511 (size before relaxing)
 .debug_str     0x0000000000000a44       0x38 build/gpio.o
                                        0x395 (size before relaxing)
 .debug_str     0x0000000000000a7c      0x7e4 build/usart.o
                                        0xbba (size before relaxing)
 .debug_str     0x0000000000001260      0x129 build/stm32f4xx_it.o
                                        0x391 (size before relaxing)
 .debug_str     0x0000000000001389       0x29 build/stm32f4xx_hal_msp.o
                                        0x2e4 (size before relaxing)
 .debug_str     0x00000000000013b2      0x285 build/stm32f4xx_ll_usart.o
                                        0x5fd (size before relaxing)
 .debug_str     0x0000000000001637      0x12e build/stm32f4xx_ll_gpio.o
                                        0x474 (size before relaxing)
 .debug_str     0x0000000000001765      0x225 build/stm32f4xx_hal_rcc.o
                                        0x6f1 (size before relaxing)
 .debug_str     0x000000000000198a      0x12f build/stm32f4xx_hal_gpio.o
                                        0x4cb (size before relaxing)
 .debug_str     0x0000000000001ab9      0x13b build/stm32f4xx_hal_pwr_ex.o
                                        0x4b6 (size before relaxing)
 .debug_str     0x0000000000001bf4      0x3ea build/stm32f4xx_hal_cortex.o
                                        0xc68 (size before relaxing)
 .debug_str     0x0000000000001fde      0x2d0 build/stm32f4xx_hal.o
                                        0xbe4 (size before relaxing)
 .debug_str     0x00000000000022ae      0x558 build/stm32f4xx_ll_rcc.o
                                        0x8b0 (size before relaxing)
 .debug_str     0x0000000000002806       0x3d build/system_stm32f4xx.o
                                        0x360 (size before relaxing)
 .debug_str     0x0000000000002843       0x24 build/startup_stm32f429xx.o
                                         0x42 (size before relaxing)

.comment        0x0000000000000000       0x4d
 .comment       0x0000000000000000       0x4d build/common.o
                                         0x4e (size before relaxing)
 .comment       0x000000000000004d       0x4e build/bsp_esp8266_test.o
 .comment       0x000000000000004d       0x4e build/esp8266.o
 .comment       0x000000000000004d       0x4e build/main.o
 .comment       0x000000000000004d       0x4e build/gpio.o
 .comment       0x000000000000004d       0x4e build/usart.o
 .comment       0x000000000000004d       0x4e build/stm32f4xx_it.o
 .comment       0x000000000000004d       0x4e build/stm32f4xx_hal_msp.o
 .comment       0x000000000000004d       0x4e build/stm32f4xx_ll_usart.o
 .comment       0x000000000000004d       0x4e build/stm32f4xx_ll_gpio.o
 .comment       0x000000000000004d       0x4e build/stm32f4xx_hal_rcc.o
 .comment       0x000000000000004d       0x4e build/stm32f4xx_hal_gpio.o
 .comment       0x000000000000004d       0x4e build/stm32f4xx_hal_pwr_ex.o
 .comment       0x000000000000004d       0x4e build/stm32f4xx_hal_cortex.o
 .comment       0x000000000000004d       0x4e build/stm32f4xx_hal.o
 .comment       0x000000000000004d       0x4e build/stm32f4xx_ll_rcc.o
 .comment       0x000000000000004d       0x4e build/system_stm32f4xx.o

.debug_frame    0x0000000000000000     0x18a4
 .debug_frame   0x0000000000000000       0x68 build/common.o
 .debug_frame   0x0000000000000068       0x44 build/bsp_esp8266_test.o
 .debug_frame   0x00000000000000ac      0x1e4 build/esp8266.o
 .debug_frame   0x0000000000000290       0x58 build/main.o
 .debug_frame   0x00000000000002e8       0x30 build/gpio.o
 .debug_frame   0x0000000000000318       0x60 build/usart.o
 .debug_frame   0x0000000000000378       0xd0 build/stm32f4xx_it.o
 .debug_frame   0x0000000000000448       0x28 build/stm32f4xx_hal_msp.o
 .debug_frame   0x0000000000000470       0x7c build/stm32f4xx_ll_usart.o
 .debug_frame   0x00000000000004ec       0x68 build/stm32f4xx_ll_gpio.o
 .debug_frame   0x0000000000000554      0x16c build/stm32f4xx_hal_rcc.o
 .debug_frame   0x00000000000006c0       0xd8 build/stm32f4xx_hal_gpio.o
 .debug_frame   0x0000000000000798       0xf4 build/stm32f4xx_hal_pwr_ex.o
 .debug_frame   0x000000000000088c      0x148 build/stm32f4xx_hal_cortex.o
 .debug_frame   0x00000000000009d4      0x20c build/stm32f4xx_hal.o
 .debug_frame   0x0000000000000be0      0x178 build/stm32f4xx_ll_rcc.o
 .debug_frame   0x0000000000000d58       0x30 build/system_stm32f4xx.o
 .debug_frame   0x0000000000000d88       0x2c /home/hao/Documents/gcc-arm-none-eabi/bin/../lib/gcc/arm-none-eabi/10.2.1/../../../../arm-none-eabi/lib/thumb/v7e-m+fp/hard/libc_nano.a(lib_a-init.o)
 .debug_frame   0x0000000000000db4       0x20 /home/hao/Documents/gcc-arm-none-eabi/bin/../lib/gcc/arm-none-eabi/10.2.1/../../../../arm-none-eabi/lib/thumb/v7e-m+fp/hard/libc_nano.a(lib_a-memset.o)
 .debug_frame   0x0000000000000dd4       0x74 /home/hao/Documents/gcc-arm-none-eabi/bin/../lib/gcc/arm-none-eabi/10.2.1/../../../../arm-none-eabi/lib/thumb/v7e-m+fp/hard/libc_nano.a(lib_a-printf.o)
 .debug_frame   0x0000000000000e48       0x3c /home/hao/Documents/gcc-arm-none-eabi/bin/../lib/gcc/arm-none-eabi/10.2.1/../../../../arm-none-eabi/lib/thumb/v7e-m+fp/hard/libc_nano.a(lib_a-puts.o)
 .debug_frame   0x0000000000000e84       0x6c /home/hao/Documents/gcc-arm-none-eabi/bin/../lib/gcc/arm-none-eabi/10.2.1/../../../../arm-none-eabi/lib/thumb/v7e-m+fp/hard/libc_nano.a(lib_a-sprintf.o)
 .debug_frame   0x0000000000000ef0       0x2c /home/hao/Documents/gcc-arm-none-eabi/bin/../lib/gcc/arm-none-eabi/10.2.1/../../../../arm-none-eabi/lib/thumb/v7e-m+fp/hard/libc_nano.a(lib_a-strstr.o)
 .debug_frame   0x0000000000000f1c       0x40 /home/hao/Documents/gcc-arm-none-eabi/bin/../lib/gcc/arm-none-eabi/10.2.1/../../../../arm-none-eabi/lib/thumb/v7e-m+fp/hard/libc_nano.a(lib_a-wbuf.o)
 .debug_frame   0x0000000000000f5c       0x2c /home/hao/Documents/gcc-arm-none-eabi/bin/../lib/gcc/arm-none-eabi/10.2.1/../../../../arm-none-eabi/lib/thumb/v7e-m+fp/hard/libc_nano.a(lib_a-wsetup.o)
 .debug_frame   0x0000000000000f88       0x5c /home/hao/Documents/gcc-arm-none-eabi/bin/../lib/gcc/arm-none-eabi/10.2.1/../../../../arm-none-eabi/lib/thumb/v7e-m+fp/hard/libc_nano.a(lib_a-fflush.o)
 .debug_frame   0x0000000000000fe4      0x14c /home/hao/Documents/gcc-arm-none-eabi/bin/../lib/gcc/arm-none-eabi/10.2.1/../../../../arm-none-eabi/lib/thumb/v7e-m+fp/hard/libc_nano.a(lib_a-findfp.o)
 .debug_frame   0x0000000000001130       0x54 /home/hao/Documents/gcc-arm-none-eabi/bin/../lib/gcc/arm-none-eabi/10.2.1/../../../../arm-none-eabi/lib/thumb/v7e-m+fp/hard/libc_nano.a(lib_a-fwalk.o)
 .debug_frame   0x0000000000001184       0xb0 /home/hao/Documents/gcc-arm-none-eabi/bin/../lib/gcc/arm-none-eabi/10.2.1/../../../../arm-none-eabi/lib/thumb/v7e-m+fp/hard/libc_nano.a(lib_a-lock.o)
 .debug_frame   0x0000000000001234       0x58 /home/hao/Documents/gcc-arm-none-eabi/bin/../lib/gcc/arm-none-eabi/10.2.1/../../../../arm-none-eabi/lib/thumb/v7e-m+fp/hard/libc_nano.a(lib_a-makebuf.o)
 .debug_frame   0x000000000000128c       0x38 /home/hao/Documents/gcc-arm-none-eabi/bin/../lib/gcc/arm-none-eabi/10.2.1/../../../../arm-none-eabi/lib/thumb/v7e-m+fp/hard/libc_nano.a(lib_a-nano-freer.o)
 .debug_frame   0x00000000000012c4       0x30 /home/hao/Documents/gcc-arm-none-eabi/bin/../lib/gcc/arm-none-eabi/10.2.1/../../../../arm-none-eabi/lib/thumb/v7e-m+fp/hard/libc_nano.a(lib_a-nano-mallocr.o)
 .debug_frame   0x00000000000012f4       0x90 /home/hao/Documents/gcc-arm-none-eabi/bin/../lib/gcc/arm-none-eabi/10.2.1/../../../../arm-none-eabi/lib/thumb/v7e-m+fp/hard/libc_nano.a(lib_a-nano-svfprintf.o)
 .debug_frame   0x0000000000001384       0xac /home/hao/Documents/gcc-arm-none-eabi/bin/../lib/gcc/arm-none-eabi/10.2.1/../../../../arm-none-eabi/lib/thumb/v7e-m+fp/hard/libc_nano.a(lib_a-nano-vfprintf.o)
 .debug_frame   0x0000000000001430       0x60 /home/hao/Documents/gcc-arm-none-eabi/bin/../lib/gcc/arm-none-eabi/10.2.1/../../../../arm-none-eabi/lib/thumb/v7e-m+fp/hard/libc_nano.a(lib_a-nano-vfprintf_i.o)
 .debug_frame   0x0000000000001490       0x2c /home/hao/Documents/gcc-arm-none-eabi/bin/../lib/gcc/arm-none-eabi/10.2.1/../../../../arm-none-eabi/lib/thumb/v7e-m+fp/hard/libc_nano.a(lib_a-sbrkr.o)
 .debug_frame   0x00000000000014bc       0x88 /home/hao/Documents/gcc-arm-none-eabi/bin/../lib/gcc/arm-none-eabi/10.2.1/../../../../arm-none-eabi/lib/thumb/v7e-m+fp/hard/libc_nano.a(lib_a-stdio.o)
 .debug_frame   0x0000000000001544       0x2c /home/hao/Documents/gcc-arm-none-eabi/bin/../lib/gcc/arm-none-eabi/10.2.1/../../../../arm-none-eabi/lib/thumb/v7e-m+fp/hard/libc_nano.a(lib_a-writer.o)
 .debug_frame   0x0000000000001570       0x2c /home/hao/Documents/gcc-arm-none-eabi/bin/../lib/gcc/arm-none-eabi/10.2.1/../../../../arm-none-eabi/lib/thumb/v7e-m+fp/hard/libc_nano.a(lib_a-closer.o)
 .debug_frame   0x000000000000159c       0x2c /home/hao/Documents/gcc-arm-none-eabi/bin/../lib/gcc/arm-none-eabi/10.2.1/../../../../arm-none-eabi/lib/thumb/v7e-m+fp/hard/libc_nano.a(lib_a-fstatr.o)
 .debug_frame   0x00000000000015c8       0x2c /home/hao/Documents/gcc-arm-none-eabi/bin/../lib/gcc/arm-none-eabi/10.2.1/../../../../arm-none-eabi/lib/thumb/v7e-m+fp/hard/libc_nano.a(lib_a-isattyr.o)
 .debug_frame   0x00000000000015f4       0x2c /home/hao/Documents/gcc-arm-none-eabi/bin/../lib/gcc/arm-none-eabi/10.2.1/../../../../arm-none-eabi/lib/thumb/v7e-m+fp/hard/libc_nano.a(lib_a-lseekr.o)
 .debug_frame   0x0000000000001620       0x28 /home/hao/Documents/gcc-arm-none-eabi/bin/../lib/gcc/arm-none-eabi/10.2.1/../../../../arm-none-eabi/lib/thumb/v7e-m+fp/hard/libc_nano.a(lib_a-memcpy-stub.o)
 .debug_frame   0x0000000000001648       0x28 /home/hao/Documents/gcc-arm-none-eabi/bin/../lib/gcc/arm-none-eabi/10.2.1/../../../../arm-none-eabi/lib/thumb/v7e-m+fp/hard/libc_nano.a(lib_a-memmove.o)
 .debug_frame   0x0000000000001670       0x30 /home/hao/Documents/gcc-arm-none-eabi/bin/../lib/gcc/arm-none-eabi/10.2.1/../../../../arm-none-eabi/lib/thumb/v7e-m+fp/hard/libc_nano.a(lib_a-mlock.o)
 .debug_frame   0x00000000000016a0       0x3c /home/hao/Documents/gcc-arm-none-eabi/bin/../lib/gcc/arm-none-eabi/10.2.1/../../../../arm-none-eabi/lib/thumb/v7e-m+fp/hard/libc_nano.a(lib_a-nano-reallocr.o)
 .debug_frame   0x00000000000016dc       0x2c /home/hao/Documents/gcc-arm-none-eabi/bin/../lib/gcc/arm-none-eabi/10.2.1/../../../../arm-none-eabi/lib/thumb/v7e-m+fp/hard/libc_nano.a(lib_a-readr.o)
 .debug_frame   0x0000000000001708       0x5c /home/hao/Documents/gcc-arm-none-eabi/bin/../lib/gcc/arm-none-eabi/10.2.1/../../../../arm-none-eabi/lib/thumb/v7e-m+fp/hard/libc_nano.a(lib_a-reent.o)
 .debug_frame   0x0000000000001764       0x20 /home/hao/Documents/gcc-arm-none-eabi/bin/../lib/gcc/arm-none-eabi/10.2.1/../../../../arm-none-eabi/lib/thumb/v7e-m+fp/hard/libc_nano.a(lib_a-nano-msizer.o)
 .debug_frame   0x0000000000001784       0x20 /home/hao/Documents/gcc-arm-none-eabi/bin/../lib/gcc/arm-none-eabi/10.2.1/../../../../arm-none-eabi/lib/thumb/v7e-m+fp/hard/libnosys.a(close.o)
 .debug_frame   0x00000000000017a4       0x20 /home/hao/Documents/gcc-arm-none-eabi/bin/../lib/gcc/arm-none-eabi/10.2.1/../../../../arm-none-eabi/lib/thumb/v7e-m+fp/hard/libnosys.a(fstat.o)
 .debug_frame   0x00000000000017c4       0x20 /home/hao/Documents/gcc-arm-none-eabi/bin/../lib/gcc/arm-none-eabi/10.2.1/../../../../arm-none-eabi/lib/thumb/v7e-m+fp/hard/libnosys.a(isatty.o)
 .debug_frame   0x00000000000017e4       0x20 /home/hao/Documents/gcc-arm-none-eabi/bin/../lib/gcc/arm-none-eabi/10.2.1/../../../../arm-none-eabi/lib/thumb/v7e-m+fp/hard/libnosys.a(lseek.o)
 .debug_frame   0x0000000000001804       0x20 /home/hao/Documents/gcc-arm-none-eabi/bin/../lib/gcc/arm-none-eabi/10.2.1/../../../../arm-none-eabi/lib/thumb/v7e-m+fp/hard/libnosys.a(read.o)
 .debug_frame   0x0000000000001824       0x20 /home/hao/Documents/gcc-arm-none-eabi/bin/../lib/gcc/arm-none-eabi/10.2.1/../../../../arm-none-eabi/lib/thumb/v7e-m+fp/hard/libnosys.a(sbrk.o)
 .debug_frame   0x0000000000001844       0x2c /home/hao/Documents/gcc-arm-none-eabi/bin/../lib/gcc/arm-none-eabi/10.2.1/thumb/v7e-m+fp/hard/libgcc.a(_aeabi_uldivmod.o)
 .debug_frame   0x0000000000001870       0x34 /home/hao/Documents/gcc-arm-none-eabi/bin/../lib/gcc/arm-none-eabi/10.2.1/thumb/v7e-m+fp/hard/libgcc.a(_udivmoddi4.o)

.stab           0x0000000000000000       0x84
 .stab          0x0000000000000000       0x24 /home/hao/Documents/gcc-arm-none-eabi/bin/../lib/gcc/arm-none-eabi/10.2.1/../../../../arm-none-eabi/lib/thumb/v7e-m+fp/hard/libnosys.a(close.o)
 .stab          0x0000000000000024       0x18 /home/hao/Documents/gcc-arm-none-eabi/bin/../lib/gcc/arm-none-eabi/10.2.1/../../../../arm-none-eabi/lib/thumb/v7e-m+fp/hard/libnosys.a(fstat.o)
                                         0x24 (size before relaxing)
 .stab          0x000000000000003c       0x18 /home/hao/Documents/gcc-arm-none-eabi/bin/../lib/gcc/arm-none-eabi/10.2.1/../../../../arm-none-eabi/lib/thumb/v7e-m+fp/hard/libnosys.a(isatty.o)
                                         0x24 (size before relaxing)
 .stab          0x0000000000000054       0x18 /home/hao/Documents/gcc-arm-none-eabi/bin/../lib/gcc/arm-none-eabi/10.2.1/../../../../arm-none-eabi/lib/thumb/v7e-m+fp/hard/libnosys.a(lseek.o)
                                         0x24 (size before relaxing)
 .stab          0x000000000000006c       0x18 /home/hao/Documents/gcc-arm-none-eabi/bin/../lib/gcc/arm-none-eabi/10.2.1/../../../../arm-none-eabi/lib/thumb/v7e-m+fp/hard/libnosys.a(read.o)
                                         0x24 (size before relaxing)

.stabstr        0x0000000000000000      0x117
 .stabstr       0x0000000000000000      0x117 /home/hao/Documents/gcc-arm-none-eabi/bin/../lib/gcc/arm-none-eabi/10.2.1/../../../../arm-none-eabi/lib/thumb/v7e-m+fp/hard/libnosys.a(close.o)

Cross Reference Table

Symbol                                            File
ADC_IRQHandler                                    build/startup_stm32f429xx.o
AHBPrescTable                                     build/system_stm32f4xx.o
                                                  build/stm32f4xx_ll_utils.o
                                                  build/stm32f4xx_ll_rcc.o
                                                  build/stm32f4xx_hal_rcc.o
APBPrescTable                                     build/system_stm32f4xx.o
                                                  build/stm32f4xx_ll_rcc.o
                                                  build/stm32f4xx_hal_rcc.o
BusFault_Handler                                  build/stm32f4xx_it.o
CAN1_RX0_IRQHandler                               build/startup_stm32f429xx.o
CAN1_RX1_IRQHandler                               build/startup_stm32f429xx.o
CAN1_SCE_IRQHandler                               build/startup_stm32f429xx.o
CAN1_TX_IRQHandler                                build/startup_stm32f429xx.o
CAN2_RX0_IRQHandler                               build/startup_stm32f429xx.o
CAN2_RX1_IRQHandler                               build/startup_stm32f429xx.o
CAN2_SCE_IRQHandler                               build/startup_stm32f429xx.o
CAN2_TX_IRQHandler                                build/startup_stm32f429xx.o
DCMI_IRQHandler                                   build/startup_stm32f429xx.o
DMA1_Stream0_IRQHandler                           build/startup_stm32f429xx.o
DMA1_Stream1_IRQHandler                           build/startup_stm32f429xx.o
DMA1_Stream2_IRQHandler                           build/startup_stm32f429xx.o
DMA1_Stream3_IRQHandler                           build/startup_stm32f429xx.o
DMA1_Stream4_IRQHandler                           build/startup_stm32f429xx.o
DMA1_Stream5_IRQHandler                           build/startup_stm32f429xx.o
DMA1_Stream6_IRQHandler                           build/startup_stm32f429xx.o
DMA1_Stream7_IRQHandler                           build/startup_stm32f429xx.o
DMA2D_IRQHandler                                  build/startup_stm32f429xx.o
DMA2_Stream0_IRQHandler                           build/startup_stm32f429xx.o
DMA2_Stream1_IRQHandler                           build/startup_stm32f429xx.o
DMA2_Stream2_IRQHandler                           build/startup_stm32f429xx.o
DMA2_Stream3_IRQHandler                           build/startup_stm32f429xx.o
DMA2_Stream4_IRQHandler                           build/startup_stm32f429xx.o
DMA2_Stream5_IRQHandler                           build/startup_stm32f429xx.o
DMA2_Stream6_IRQHandler                           build/startup_stm32f429xx.o
DMA2_Stream7_IRQHandler                           build/startup_stm32f429xx.o
DebugMon_Handler                                  build/stm32f4xx_it.o
Default_Handler                                   build/startup_stm32f429xx.o
ESP8266_AT_Test                                   build/esp8266.o
                                                  build/bsp_esp8266_test.o
ESP8266_BuildAP                                   build/esp8266.o
ESP8266_CheckRecvDataTest                         build/bsp_esp8266_test.o
ESP8266_Cmd                                       build/esp8266.o
ESP8266_Enable_MultipleId                         build/esp8266.o
                                                  build/bsp_esp8266_test.o
ESP8266_ExitUnvarnishSend                         build/esp8266.o
                                                  build/bsp_esp8266_test.o
ESP8266_Get_IdLinkStatus                          build/esp8266.o
ESP8266_Get_LinkStatus                            build/esp8266.o
                                                  build/bsp_esp8266_test.o
ESP8266_Init                                      build/esp8266.o
                                                  build/main.o
ESP8266_Inquire_ApIp                              build/esp8266.o
ESP8266_JoinAP                                    build/esp8266.o
                                                  build/bsp_esp8266_test.o
ESP8266_Link_Server                               build/esp8266.o
                                                  build/bsp_esp8266_test.o
ESP8266_Net_Mode_Choose                           build/esp8266.o
                                                  build/bsp_esp8266_test.o
ESP8266_ReceiveString                             build/esp8266.o
ESP8266_Rst                                       build/esp8266.o
ESP8266_SendString                                build/esp8266.o
ESP8266_StaTcpClient_Unvarnish_ConfigTest         build/bsp_esp8266_test.o
                                                  build/main.o
ESP8266_StartOrShutServer                         build/esp8266.o
ESP8266_UnvarnishSend                             build/esp8266.o
                                                  build/bsp_esp8266_test.o
ETH_IRQHandler                                    build/startup_stm32f429xx.o
ETH_WKUP_IRQHandler                               build/startup_stm32f429xx.o
EXTI0_IRQHandler                                  build/startup_stm32f429xx.o
EXTI15_10_IRQHandler                              build/startup_stm32f429xx.o
EXTI1_IRQHandler                                  build/startup_stm32f429xx.o
EXTI2_IRQHandler                                  build/startup_stm32f429xx.o
EXTI3_IRQHandler                                  build/startup_stm32f429xx.o
EXTI4_IRQHandler                                  build/startup_stm32f429xx.o
EXTI9_5_IRQHandler                                build/startup_stm32f429xx.o
Error_Handler                                     build/main.o
FLASH_Erase_Sector                                build/stm32f4xx_hal_flash_ex.o
                                                  build/stm32f4xx_hal_flash.o
FLASH_FlushCaches                                 build/stm32f4xx_hal_flash_ex.o
                                                  build/stm32f4xx_hal_flash.o
FLASH_IRQHandler                                  build/startup_stm32f429xx.o
FLASH_WaitForLastOperation                        build/stm32f4xx_hal_flash.o
                                                  build/stm32f4xx_hal_flash_ex.o
FMC_IRQHandler                                    build/startup_stm32f429xx.o
FPU_IRQHandler                                    build/startup_stm32f429xx.o
HAL_DBGMCU_DisableDBGSleepMode                    build/stm32f4xx_hal.o
HAL_DBGMCU_DisableDBGStandbyMode                  build/stm32f4xx_hal.o
HAL_DBGMCU_DisableDBGStopMode                     build/stm32f4xx_hal.o
HAL_DBGMCU_EnableDBGSleepMode                     build/stm32f4xx_hal.o
HAL_DBGMCU_EnableDBGStandbyMode                   build/stm32f4xx_hal.o
HAL_DBGMCU_EnableDBGStopMode                      build/stm32f4xx_hal.o
HAL_DMAEx_ChangeMemory                            build/stm32f4xx_hal_dma_ex.o
HAL_DMAEx_MultiBufferStart                        build/stm32f4xx_hal_dma_ex.o
HAL_DMAEx_MultiBufferStart_IT                     build/stm32f4xx_hal_dma_ex.o
HAL_DMA_Abort                                     build/stm32f4xx_hal_dma.o
HAL_DMA_Abort_IT                                  build/stm32f4xx_hal_dma.o
HAL_DMA_DeInit                                    build/stm32f4xx_hal_dma.o
HAL_DMA_GetError                                  build/stm32f4xx_hal_dma.o
HAL_DMA_GetState                                  build/stm32f4xx_hal_dma.o
HAL_DMA_IRQHandler                                build/stm32f4xx_hal_dma.o
HAL_DMA_Init                                      build/stm32f4xx_hal_dma.o
HAL_DMA_PollForTransfer                           build/stm32f4xx_hal_dma.o
HAL_DMA_RegisterCallback                          build/stm32f4xx_hal_dma.o
HAL_DMA_Start                                     build/stm32f4xx_hal_dma.o
HAL_DMA_Start_IT                                  build/stm32f4xx_hal_dma.o
HAL_DMA_UnRegisterCallback                        build/stm32f4xx_hal_dma.o
HAL_DeInit                                        build/stm32f4xx_hal.o
HAL_Delay                                         build/stm32f4xx_hal.o
                                                  build/esp8266.o
HAL_DisableCompensationCell                       build/stm32f4xx_hal.o
HAL_DisableMemorySwappingBank                     build/stm32f4xx_hal.o
HAL_EXTI_ClearConfigLine                          build/stm32f4xx_hal_exti.o
HAL_EXTI_ClearPending                             build/stm32f4xx_hal_exti.o
HAL_EXTI_GenerateSWI                              build/stm32f4xx_hal_exti.o
HAL_EXTI_GetConfigLine                            build/stm32f4xx_hal_exti.o
HAL_EXTI_GetHandle                                build/stm32f4xx_hal_exti.o
HAL_EXTI_GetPending                               build/stm32f4xx_hal_exti.o
HAL_EXTI_IRQHandler                               build/stm32f4xx_hal_exti.o
HAL_EXTI_RegisterCallback                         build/stm32f4xx_hal_exti.o
HAL_EXTI_SetConfigLine                            build/stm32f4xx_hal_exti.o
HAL_EnableCompensationCell                        build/stm32f4xx_hal.o
HAL_EnableMemorySwappingBank                      build/stm32f4xx_hal.o
HAL_FLASHEx_AdvOBGetConfig                        build/stm32f4xx_hal_flash_ex.o
HAL_FLASHEx_AdvOBProgram                          build/stm32f4xx_hal_flash_ex.o
HAL_FLASHEx_Erase                                 build/stm32f4xx_hal_flash_ex.o
HAL_FLASHEx_Erase_IT                              build/stm32f4xx_hal_flash_ex.o
HAL_FLASHEx_OBGetConfig                           build/stm32f4xx_hal_flash_ex.o
HAL_FLASHEx_OBProgram                             build/stm32f4xx_hal_flash_ex.o
HAL_FLASHEx_OB_DeSelectPCROP                      build/stm32f4xx_hal_flash_ex.o
HAL_FLASHEx_OB_GetBank2WRP                        build/stm32f4xx_hal_flash_ex.o
HAL_FLASHEx_OB_SelectPCROP                        build/stm32f4xx_hal_flash_ex.o
HAL_FLASH_EndOfOperationCallback                  build/stm32f4xx_hal_flash.o
HAL_FLASH_GetError                                build/stm32f4xx_hal_flash.o
HAL_FLASH_IRQHandler                              build/stm32f4xx_hal_flash.o
HAL_FLASH_Lock                                    build/stm32f4xx_hal_flash.o
HAL_FLASH_OB_Launch                               build/stm32f4xx_hal_flash.o
HAL_FLASH_OB_Lock                                 build/stm32f4xx_hal_flash.o
HAL_FLASH_OB_Unlock                               build/stm32f4xx_hal_flash.o
HAL_FLASH_OperationErrorCallback                  build/stm32f4xx_hal_flash.o
HAL_FLASH_Program                                 build/stm32f4xx_hal_flash.o
HAL_FLASH_Program_IT                              build/stm32f4xx_hal_flash.o
HAL_FLASH_Unlock                                  build/stm32f4xx_hal_flash.o
HAL_GPIO_DeInit                                   build/stm32f4xx_hal_gpio.o
HAL_GPIO_EXTI_Callback                            build/stm32f4xx_hal_gpio.o
HAL_GPIO_EXTI_IRQHandler                          build/stm32f4xx_hal_gpio.o
HAL_GPIO_Init                                     build/stm32f4xx_hal_gpio.o
                                                  build/stm32f4xx_hal_rcc.o
                                                  build/gpio.o
HAL_GPIO_LockPin                                  build/stm32f4xx_hal_gpio.o
HAL_GPIO_ReadPin                                  build/stm32f4xx_hal_gpio.o
HAL_GPIO_TogglePin                                build/stm32f4xx_hal_gpio.o
HAL_GPIO_WritePin                                 build/stm32f4xx_hal_gpio.o
                                                  build/gpio.o
                                                  build/esp8266.o
                                                  build/bsp_esp8266_test.o
HAL_GetDEVID                                      build/stm32f4xx_hal.o
HAL_GetHalVersion                                 build/stm32f4xx_hal.o