Archive member included to satisfy reference by file (symbol)

/home/hao/Documents/gcc-arm-none-eabi/bin/../lib/gcc/arm-none-eabi/10.2.1/../../../../arm-none-eabi/lib/thumb/v7e-m+fp/hard/libc_nano.a(lib_a-exit.o)
                              /home/hao/Documents/gcc-arm-none-eabi/bin/../lib/gcc/arm-none-eabi/10.2.1/../../../../arm-none-eabi/lib/thumb/v7e-m+fp/hard/crt0.o (exit)
/home/hao/Documents/gcc-arm-none-eabi/bin/../lib/gcc/arm-none-eabi/10.2.1/../../../../arm-none-eabi/lib/thumb/v7e-m+fp/hard/libc_nano.a(lib_a-impure.o)
                              /home/hao/Documents/gcc-arm-none-eabi/bin/../lib/gcc/arm-none-eabi/10.2.1/../../../../arm-none-eabi/lib/thumb/v7e-m+fp/hard/libc_nano.a(lib_a-exit.o) (_global_impure_ptr)
/home/hao/Documents/gcc-arm-none-eabi/bin/../lib/gcc/arm-none-eabi/10.2.1/../../../../arm-none-eabi/lib/thumb/v7e-m+fp/hard/libc_nano.a(lib_a-init.o)
                              /home/hao/Documents/gcc-arm-none-eabi/bin/../lib/gcc/arm-none-eabi/10.2.1/../../../../arm-none-eabi/lib/thumb/v7e-m+fp/hard/crt0.o (__libc_init_array)
/home/hao/Documents/gcc-arm-none-eabi/bin/../lib/gcc/arm-none-eabi/10.2.1/../../../../arm-none-eabi/lib/thumb/v7e-m+fp/hard/libc_nano.a(lib_a-memset.o)
                              /home/hao/Documents/gcc-arm-none-eabi/bin/../lib/gcc/arm-none-eabi/10.2.1/../../../../arm-none-eabi/lib/thumb/v7e-m+fp/hard/crt0.o (memset)
/home/hao/Documents/gcc-arm-none-eabi/bin/../lib/gcc/arm-none-eabi/10.2.1/../../../../arm-none-eabi/lib/thumb/v7e-m+fp/hard/libc_nano.a(lib_a-printf.o)
                              build/bsp_esp8266_test.o (printf)
/home/hao/Documents/gcc-arm-none-eabi/bin/../lib/gcc/arm-none-eabi/10.2.1/../../../../arm-none-eabi/lib/thumb/v7e-m+fp/hard/libc_nano.a(lib_a-puts.o)
                              build/bsp_esp8266_test.o (puts)
/home/hao/Documents/gcc-arm-none-eabi/bin/../lib/gcc/arm-none-eabi/10.2.1/../../../../arm-none-eabi/lib/thumb/v7e-m+fp/hard/libc_nano.a(lib_a-sprintf.o)
                              build/esp8266.o (sprintf)
/home/hao/Documents/gcc-arm-none-eabi/bin/../lib/gcc/arm-none-eabi/10.2.1/../../../../arm-none-eabi/lib/thumb/v7e-m+fp/hard/libc_nano.a(lib_a-sscanf.o)
                              build/bsp_esp8266_test.o (sscanf)
/home/hao/Documents/gcc-arm-none-eabi/bin/../lib/gcc/arm-none-eabi/10.2.1/../../../../arm-none-eabi/lib/thumb/v7e-m+fp/hard/libc_nano.a(lib_a-stdio.o)
                              /home/hao/Documents/gcc-arm-none-eabi/bin/../lib/gcc/arm-none-eabi/10.2.1/../../../../arm-none-eabi/lib/thumb/v7e-m+fp/hard/libc_nano.a(lib_a-sscanf.o) (__seofread)
/home/hao/Documents/gcc-arm-none-eabi/bin/../lib/gcc/arm-none-eabi/10.2.1/../../../../arm-none-eabi/lib/thumb/v7e-m+fp/hard/libc_nano.a(lib_a-strlen.o)
                              /home/hao/Documents/gcc-arm-none-eabi/bin/../lib/gcc/arm-none-eabi/10.2.1/../../../../arm-none-eabi/lib/thumb/v7e-m+fp/hard/libc_nano.a(lib_a-sscanf.o) (strlen)
/home/hao/Documents/gcc-arm-none-eabi/bin/../lib/gcc/arm-none-eabi/10.2.1/../../../../arm-none-eabi/lib/thumb/v7e-m+fp/hard/libc_nano.a(lib_a-strstr.o)
                              build/bsp_esp8266_test.o (strstr)
/home/hao/Documents/gcc-arm-none-eabi/bin/../lib/gcc/arm-none-eabi/10.2.1/../../../../arm-none-eabi/lib/thumb/v7e-m+fp/hard/libc_nano.a(lib_a-wbuf.o)
                              /home/hao/Documents/gcc-arm-none-eabi/bin/../lib/gcc/arm-none-eabi/10.2.1/../../../../arm-none-eabi/lib/thumb/v7e-m+fp/hard/libc_nano.a(lib_a-puts.o) (__swbuf_r)
/home/hao/Documents/gcc-arm-none-eabi/bin/../lib/gcc/arm-none-eabi/10.2.1/../../../../arm-none-eabi/lib/thumb/v7e-m+fp/hard/libc_nano.a(lib_a-writer.o)
                              /home/hao/Documents/gcc-arm-none-eabi/bin/../lib/gcc/arm-none-eabi/10.2.1/../../../../arm-none-eabi/lib/thumb/v7e-m+fp/hard/libc_nano.a(lib_a-stdio.o) (_write_r)
/home/hao/Documents/gcc-arm-none-eabi/bin/../lib/gcc/arm-none-eabi/10.2.1/../../../../arm-none-eabi/lib/thumb/v7e-m+fp/hard/libc_nano.a(lib_a-wsetup.o)
                              /home/hao/Documents/gcc-arm-none-eabi/bin/../lib/gcc/arm-none-eabi/10.2.1/../../../../arm-none-eabi/lib/thumb/v7e-m+fp/hard/libc_nano.a(lib_a-puts.o) (__swsetup_r)
/home/hao/Documents/gcc-arm-none-eabi/bin/../lib/gcc/arm-none-eabi/10.2.1/../../../../arm-none-eabi/lib/thumb/v7e-m+fp/hard/libc_nano.a(lib_a-closer.o)
                              /home/hao/Documents/gcc-arm-none-eabi/bin/../lib/gcc/arm-none-eabi/10.2.1/../../../../arm-none-eabi/lib/thumb/v7e-m+fp/hard/libc_nano.a(lib_a-stdio.o) (_close_r)
/home/hao/Documents/gcc-arm-none-eabi/bin/../lib/gcc/arm-none-eabi/10.2.1/../../../../arm-none-eabi/lib/thumb/v7e-m+fp/hard/libc_nano.a(lib_a-fflush.o)
                              /home/hao/Documents/gcc-arm-none-eabi/bin/../lib/gcc/arm-none-eabi/10.2.1/../../../../arm-none-eabi/lib/thumb/v7e-m+fp/hard/libc_nano.a(lib_a-wbuf.o) (_fflush_r)
[...]
Memory Configuration

Name             Origin             Length             Attributes
RAM              0x0000000020000000 0x0000000000030000 xrw
CCMRAM           0x0000000010000000 0x0000000000010000 xrw
FLASH            0x0000000008000000 0x0000000000100000 xr
*default*        0x0000000000000000 0xffffffffffffffff

Linker script and memory map

LOAD /home/hao/Documents/gcc-arm-none-eabi/bin/../lib/gcc/arm-none-eabi/10.2.1/thumb/v7e-m+fp/hard/crti.o
LOAD /home/hao/Documents/gcc-arm-none-eabi/bin/../lib/gcc/arm-none-eabi/10.2.1/thumb/v7e-m+fp/hard/crtbegin.o
LOAD /home/hao/Documents/gcc-arm-none-eabi/bin/../lib/gcc/arm-none-eabi/10.2.1/../../../../arm-none-eabi/lib/thumb/v7e-m+fp/hard/crt0.o
LOAD build/common.o
LOAD build/key.o
LOAD build/bsp_esp8266_test.o
LOAD build/esp8266.o
LOAD build/main.o
LOAD build/gpio.o
LOAD build/usart.o
LOAD build/stm32f4xx_it.o
LOAD build/stm32f4xx_hal_msp.o
LOAD build/stm32f4xx_hal_tim.o
LOAD build/stm32f4xx_hal_tim_ex.o
LOAD build/stm32f4xx_ll_usart.o
LOAD build/stm32f4xx_ll_gpio.o
LOAD build/stm32f4xx_ll_dma.o
LOAD build/stm32f4xx_hal_rcc.o
LOAD build/stm32f4xx_hal_rcc_ex.o
LOAD build/stm32f4xx_hal_flash.o
LOAD build/stm32f4xx_hal_flash_ex.o
LOAD build/stm32f4xx_hal_flash_ramfunc.o
LOAD build/stm32f4xx_hal_gpio.o
LOAD build/stm32f4xx_hal_dma_ex.o
LOAD build/stm32f4xx_hal_dma.o
LOAD build/stm32f4xx_hal_pwr.o
LOAD build/stm32f4xx_hal_pwr_ex.o
LOAD build/stm32f4xx_hal_cortex.o
LOAD build/stm32f4xx_hal.o
LOAD build/stm32f4xx_hal_exti.o
LOAD build/stm32f4xx_ll_rcc.o
LOAD build/stm32f4xx_ll_utils.o
LOAD build/stm32f4xx_ll_exti.o
LOAD build/system_stm32f4xx.o
LOAD build/startup_stm32f429xx.o
LOAD /home/hao/Documents/gcc-arm-none-eabi/bin/../lib/gcc/arm-none-eabi/10.2.1/../../../../arm-none-eabi/lib/thumb/v7e-m+fp/hard/libc_nano.a
LOAD /home/hao/Documents/gcc-arm-none-eabi/bin/../lib/gcc/arm-none-eabi/10.2.1/../../../../arm-none-eabi/lib/thumb/v7e-m+fp/hard/libm.a
LOAD /home/hao/Documents/gcc-arm-none-eabi/bin/../lib/gcc/arm-none-eabi/10.2.1/../../../../arm-none-eabi/lib/thumb/v7e-m+fp/hard/libnosys.a
START GROUP
LOAD /home/hao/Documents/gcc-arm-none-eabi/bin/../lib/gcc/arm-none-eabi/10.2.1/thumb/v7e-m+fp/hard/libgcc.a
LOAD /home/hao/Documents/gcc-arm-none-eabi/bin/../lib/gcc/arm-none-eabi/10.2.1/../../../../arm-none-eabi/lib/thumb/v7e-m+fp/hard/libc_nano.a
END GROUP
START GROUP
LOAD /home/hao/Documents/gcc-arm-none-eabi/bin/../lib/gcc/arm-none-eabi/10.2.1/thumb/v7e-m+fp/hard/libgcc.a
LOAD /home/hao/Documents/gcc-arm-none-eabi/bin/../lib/gcc/arm-none-eabi/10.2.1/../../../../arm-none-eabi/lib/thumb/v7e-m+fp/hard/libc_nano.a
END GROUP
LOAD /home/hao/Documents/gcc-arm-none-eabi/bin/../lib/gcc/arm-none-eabi/10.2.1/thumb/v7e-m+fp/hard/crtend.o
LOAD /home/hao/Documents/gcc-arm-none-eabi/bin/../lib/gcc/arm-none-eabi/10.2.1/thumb/v7e-m+fp/hard/crtn.o
                0x0000000020030000                _estack = (ORIGIN (RAM) + LENGTH (RAM))
                0x0000000000000200                _Min_Heap_Size = 0x200
                0x0000000000000400                _Min_Stack_Size = 0x400

.isr_vector     0x0000000008000000      0x1ac
                0x0000000008000000                . = ALIGN (0x4)
 *(.isr_vector)
 .isr_vector    0x0000000008000000      0x1ac build/startup_stm32f429xx.o
                0x0000000008000000                g_pfnVectors
                0x00000000080001ac                . = ALIGN (0x4)

.text           0x00000000080001b0     0x3ca4
                0x00000000080001b0                . = ALIGN (0x4)
 *(.text)
 .text          0x00000000080001b0       0x40 /home/hao/Documents/gcc-arm-none-eabi/bin/../lib/gcc/arm-none-eabi/10.2.1/thumb/v7e-m+fp/hard/crtbegin.o
 .text          0x00000000080001f0       0x10 /home/hao/Documents/gcc-arm-none-eabi/bin/../lib/gcc/arm-none-eabi/10.2.1/../../../../arm-none-eabi/lib/thumb/v7e-m+fp/hard/libc_nano.a(lib_a-strlen.o)
                0x00000000080001f0                strlen
 .text          0x0000000008000200       0xa0 /home/hao/Documents/gcc-arm-none-eabi/bin/../lib/gcc/arm-none-eabi/10.2.1/../../../../arm-none-eabi/lib/thumb/v7e-m+fp/hard/libc_nano.a(lib_a-memchr.o)
                0x0000000008000200                memchr
 .text          0x00000000080002a0       0x30 /home/hao/Documents/gcc-arm-none-eabi/bin/../lib/gcc/arm-none-eabi/10.2.1/thumb/v7e-m+fp/hard/libgcc.a(_aeabi_uldivmod.o)
                0x00000000080002a0                __aeabi_uldivmod
 .text          0x00000000080002d0      0x2d0 /home/hao/Documents/gcc-arm-none-eabi/bin/../lib/gcc/arm-none-eabi/10.2.1/thumb/v7e-m+fp/hard/libgcc.a(_udivmoddi4.o)
                0x00000000080002d0                __udivmoddi4
 .text          0x00000000080005a0        0x4 /home/hao/Documents/gcc-arm-none-eabi/bin/../lib/gcc/arm-none-eabi/10.2.1/thumb/v7e-m+fp/hard/libgcc.a(_dvmd_tls.o)
                0x00000000080005a0                __aeabi_ldiv0
                0x00000000080005a0                __aeabi_idiv0
 *(.text*)
 .text.itoa     0x00000000080005a4       0x70 build/common.o
 .text.USART_printf
                0x0000000008000614       0xb4 build/common.o
                0x0000000008000614                USART_printf
 .text.KEY_Init
                0x00000000080006c8       0x90 build/key.o
                0x00000000080006c8                KEY_Init
 .text.KEY_Scan
                0x0000000008000758       0xe8 build/key.o
                0x0000000008000758                KEY_Scan
 .text.analytical_data
                0x0000000008000840       0xa8 build/bsp_esp8266_test.o
                0x0000000008000840                analytical_data
 .text.ESP8266_StaTcpClient_Unvarnish_ConfigTest
                0x00000000080008e8       0xbc build/bsp_esp8266_test.o
                0x00000000080008e8                ESP8266_StaTcpClient_Unvarnish_ConfigTest
 .text.ESP8266_CheckRecvDataTest
                0x00000000080009a4       0xcc build/bsp_esp8266_test.o
                0x00000000080009a4                ESP8266_CheckRecvDataTest
 .text.ESP8266_Init
                0x0000000008000a70       0x20 build/esp8266.o
                0x0000000008000a70                ESP8266_Init
 .text.ESP8266_Rst
                0x0000000008000a90       0x28 build/esp8266.o
                0x0000000008000a90                ESP8266_Rst
 .text.ESP8266_Cmd
                0x0000000008000ab8       0xb4 build/esp8266.o
                0x0000000008000ab8                ESP8266_Cmd
 .text.ESP8266_AT_Test
                0x0000000008000b6c       0x6c build/esp8266.o
                0x0000000008000b6c                ESP8266_AT_Test
 .text.ESP8266_Net_Mode_Choose
                0x0000000008000bd8       0x54 build/esp8266.o
                0x0000000008000bd8                ESP8266_Net_Mode_Choose
 .text.ESP8266_JoinAP
                0x0000000008000c2c       0x2c build/esp8266.o
                0x0000000008000c2c                ESP8266_JoinAP
 .text.ESP8266_Enable_MultipleId
                0x0000000008000c58       0x30 build/esp8266.o
                0x0000000008000c58                ESP8266_Enable_MultipleId
 .text.ESP8266_Link_Server
                0x0000000008000c88       0x88 build/esp8266.o
                0x0000000008000c88                ESP8266_Link_Server
 .text.ESP8266_Get_LinkStatus
                0x0000000008000d10       0x58 build/esp8266.o
                0x0000000008000d10                ESP8266_Get_LinkStatus
 .text.ESP8266_UnvarnishSend
                0x0000000008000d68       0x34 build/esp8266.o
                0x0000000008000d68                ESP8266_UnvarnishSend
 .text.ESP8266_ExitUnvarnishSend
                0x0000000008000d9c       0x24 build/esp8266.o
                0x0000000008000d9c                ESP8266_ExitUnvarnishSend
 .text.Error_Handler
                0x0000000008000dc0        0x4 build/main.o
                0x0000000008000dc0                Error_Handler
 .text.SystemClock_Config
                0x0000000008000dc4       0xb4 build/main.o
                0x0000000008000dc4                SystemClock_Config
 .text.main     0x0000000008000e78       0x50 build/main.o
                0x0000000008000e78                main
 .text.MX_GPIO_Init
                0x0000000008000ec8       0x68 build/gpio.o
                0x0000000008000ec8                MX_GPIO_Init
 .text.MX_USART1_UART_Init
                0x0000000008000f30       0xe4 build/usart.o
                0x0000000008000f30                MX_USART1_UART_Init
 .text.MX_USART2_UART_Init
                0x0000000008001014       0xe0 build/usart.o
                0x0000000008001014                MX_USART2_UART_Init
 .text._write   0x00000000080010f4       0x28 build/usart.o
                0x00000000080010f4                _write
 .text.NMI_Handler
                0x000000000800111c        0x2 build/stm32f4xx_it.o
                0x000000000800111c                NMI_Handler
 .text.HardFault_Handler
                0x000000000800111e        0x2 build/stm32f4xx_it.o
                0x000000000800111e                HardFault_Handler
 .text.MemManage_Handler
                0x0000000008001120        0x2 build/stm32f4xx_it.o
                0x0000000008001120                MemManage_Handler
 .text.BusFault_Handler
                0x0000000008001122        0x2 build/stm32f4xx_it.o
                0x0000000008001122                BusFault_Handler
 .text.UsageFault_Handler
                0x0000000008001124        0x2 build/stm32f4xx_it.o
                0x0000000008001124                UsageFault_Handler
 .text.SVC_Handler
                0x0000000008001126        0x2 build/stm32f4xx_it.o
                0x0000000008001126                SVC_Handler
 .text.DebugMon_Handler
                0x0000000008001128        0x2 build/stm32f4xx_it.o
                0x0000000008001128                DebugMon_Handler
 .text.PendSV_Handler
                0x000000000800112a        0x2 build/stm32f4xx_it.o
                0x000000000800112a                PendSV_Handler
 .text.SysTick_Handler
                0x000000000800112c        0x8 build/stm32f4xx_it.o
                0x000000000800112c                SysTick_Handler
 .text.USART1_IRQHandler
                0x0000000008001134       0x64 build/stm32f4xx_it.o
                0x0000000008001134                USART1_IRQHandler
 .text.USART2_IRQHandler
                0x0000000008001198       0x80 build/stm32f4xx_it.o
                0x0000000008001198                USART2_IRQHandler
 .text.HAL_MspInit
                0x0000000008001218       0x38 build/stm32f4xx_hal_msp.o
                0x0000000008001218                HAL_MspInit
 .text.LL_USART_Init
                0x0000000008001250      0x194 build/stm32f4xx_ll_usart.o
                0x0000000008001250                LL_USART_Init
 .text.LL_GPIO_Init
                0x00000000080013e4      0x150 build/stm32f4xx_ll_gpio.o
                0x00000000080013e4                LL_GPIO_Init
 .text.HAL_RCC_OscConfig
                0x0000000008001534      0x3f8 build/stm32f4xx_hal_rcc.o
                0x0000000008001534                HAL_RCC_OscConfig
 .text.HAL_RCC_GetSysClockFreq
                0x000000000800192c       0xa4 build/stm32f4xx_hal_rcc.o
                0x000000000800192c                HAL_RCC_GetSysClockFreq
 .text.HAL_RCC_ClockConfig
                0x00000000080019d0      0x160 build/stm32f4xx_hal_rcc.o
                0x00000000080019d0                HAL_RCC_ClockConfig
 .text.HAL_GPIO_Init
                0x0000000008001b30      0x1fc build/stm32f4xx_hal_gpio.o
                0x0000000008001b30                HAL_GPIO_Init
 .text.HAL_GPIO_ReadPin
                0x0000000008001d2c        0xe build/stm32f4xx_hal_gpio.o
                0x0000000008001d2c                HAL_GPIO_ReadPin
 .text.HAL_GPIO_WritePin
                0x0000000008001d3a        0xc build/stm32f4xx_hal_gpio.o
                0x0000000008001d3a                HAL_GPIO_WritePin
 *fill*         0x0000000008001d46        0x2 
 .text.HAL_PWREx_EnableOverDrive
                0x0000000008001d48       0x7c build/stm32f4xx_hal_pwr_ex.o
                0x0000000008001d48                HAL_PWREx_EnableOverDrive
 .text.HAL_NVIC_SetPriorityGrouping
                0x0000000008001dc4       0x24 build/stm32f4xx_hal_cortex.o
                0x0000000008001dc4                HAL_NVIC_SetPriorityGrouping
 .text.HAL_NVIC_SetPriority
                0x0000000008001de8       0x70 build/stm32f4xx_hal_cortex.o
                0x0000000008001de8                HAL_NVIC_SetPriority
 .text.HAL_SYSTICK_Config
                0x0000000008001e58       0x28 build/stm32f4xx_hal_cortex.o
                0x0000000008001e58                HAL_SYSTICK_Config
 .text.HAL_InitTick
                0x0000000008001e80       0x4c build/stm32f4xx_hal.o
                0x0000000008001e80                HAL_InitTick
 .text.HAL_Init
                0x0000000008001ecc       0x34 build/stm32f4xx_hal.o
                0x0000000008001ecc                HAL_Init
 .text.HAL_IncTick
                0x0000000008001f00       0x18 build/stm32f4xx_hal.o
                0x0000000008001f00                HAL_IncTick
 .text.HAL_GetTick
                0x0000000008001f18        0xc build/stm32f4xx_hal.o
                0x0000000008001f18                HAL_GetTick
 .text.HAL_Delay
                0x0000000008001f24       0x28 build/stm32f4xx_hal.o
                0x0000000008001f24                HAL_Delay
 .text.RCC_GetHCLKClockFreq
                0x0000000008001f4c       0x18 build/stm32f4xx_ll_rcc.o
                0x0000000008001f4c                RCC_GetHCLKClockFreq
 .text.RCC_GetPCLK1ClockFreq
                0x0000000008001f64       0x18 build/stm32f4xx_ll_rcc.o
                0x0000000008001f64                RCC_GetPCLK1ClockFreq
 .text.RCC_GetPCLK2ClockFreq
                0x0000000008001f7c       0x18 build/stm32f4xx_ll_rcc.o
                0x0000000008001f7c                RCC_GetPCLK2ClockFreq
 .text.RCC_PLL_GetFreqDomain_SYS
                0x0000000008001f94       0x4c build/stm32f4xx_ll_rcc.o
                0x0000000008001f94                RCC_PLL_GetFreqDomain_SYS
 .text.RCC_GetSystemClockFreq
                0x0000000008001fe0       0x30 build/stm32f4xx_ll_rcc.o
                0x0000000008001fe0                RCC_GetSystemClockFreq
 .text.LL_RCC_GetSystemClocksFreq
                0x0000000008002010       0x20 build/stm32f4xx_ll_rcc.o
                0x0000000008002010                LL_RCC_GetSystemClocksFreq
 .text.SystemInit
                0x0000000008002030       0x14 build/system_stm32f4xx.o
                0x0000000008002030                SystemInit
 .text.Reset_Handler
                0x0000000008002044       0x50 build/startup_stm32f429xx.o
                0x0000000008002044                Reset_Handler
 .text.Default_Handler
                0x0000000008002094        0x2 build/startup_stm32f429xx.o
                0x0000000008002094                RTC_Alarm_IRQHandler
                0x0000000008002094                HASH_RNG_IRQHandler
                0x0000000008002094                EXTI2_IRQHandler
                0x0000000008002094                TIM8_CC_IRQHandler
                0x0000000008002094                UART8_IRQHandler
                0x0000000008002094                SPI4_IRQHandler
                0x0000000008002094                TIM1_CC_IRQHandler
                0x0000000008002094                DMA2_Stream5_IRQHandler
                0x0000000008002094                DMA1_Stream5_IRQHandler
                0x0000000008002094                PVD_IRQHandler
                0x0000000008002094                SDIO_IRQHandler
                0x0000000008002094                TAMP_STAMP_IRQHandler
                0x0000000008002094                CAN2_RX1_IRQHandler
                0x0000000008002094                EXTI3_IRQHandler
                0x0000000008002094                TIM8_TRG_COM_TIM14_IRQHandler
                0x0000000008002094                TIM1_UP_TIM10_IRQHandler
                0x0000000008002094                TIM8_UP_TIM13_IRQHandler
                0x0000000008002094                I2C3_ER_IRQHandler
                0x0000000008002094                EXTI0_IRQHandler
                0x0000000008002094                I2C2_EV_IRQHandler
                0x0000000008002094                DMA1_Stream2_IRQHandler
                0x0000000008002094                CAN1_RX0_IRQHandler
                0x0000000008002094                FPU_IRQHandler
                0x0000000008002094                OTG_HS_WKUP_IRQHandler
                0x0000000008002094                LTDC_ER_IRQHandler
                0x0000000008002094                CAN2_SCE_IRQHandler
                0x0000000008002094                DMA2_Stream2_IRQHandler
                0x0000000008002094                SPI1_IRQHandler
                0x0000000008002094                TIM6_DAC_IRQHandler
                0x0000000008002094                TIM1_BRK_TIM9_IRQHandler
                0x0000000008002094                DCMI_IRQHandler
                0x0000000008002094                CAN2_RX0_IRQHandler
                0x0000000008002094                DMA2_Stream3_IRQHandler
                0x0000000008002094                USART6_IRQHandler
                0x0000000008002094                USART3_IRQHandler
                0x0000000008002094                CAN1_RX1_IRQHandler
                0x0000000008002094                UART5_IRQHandler
                0x0000000008002094                DMA2_Stream0_IRQHandler
                0x0000000008002094                TIM4_IRQHandler
                0x0000000008002094                I2C1_EV_IRQHandler
                0x0000000008002094                DMA1_Stream6_IRQHandler
                0x0000000008002094                DMA1_Stream1_IRQHandler
                0x0000000008002094                UART4_IRQHandler
                0x0000000008002094                TIM3_IRQHandler
                0x0000000008002094                RCC_IRQHandler
                0x0000000008002094                TIM8_BRK_TIM12_IRQHandler
                0x0000000008002094                Default_Handler
                0x0000000008002094                EXTI15_10_IRQHandler
                0x0000000008002094                ADC_IRQHandler
                0x0000000008002094                DMA1_Stream7_IRQHandler
                0x0000000008002094                SPI5_IRQHandler
                0x0000000008002094                TIM7_IRQHandler
                0x0000000008002094                CAN2_TX_IRQHandler
                0x0000000008002094                TIM5_IRQHandler
                0x0000000008002094                DMA2_Stream7_IRQHandler
                0x0000000008002094                I2C3_EV_IRQHandler
                0x0000000008002094                EXTI9_5_IRQHandler
                0x0000000008002094                RTC_WKUP_IRQHandler
                0x0000000008002094                LTDC_IRQHandler
                0x0000000008002094                ETH_WKUP_IRQHandler
                0x0000000008002094                SPI2_IRQHandler
                0x0000000008002094                OTG_HS_EP1_IN_IRQHandler
                0x0000000008002094                DMA1_Stream0_IRQHandler
                0x0000000008002094                CAN1_TX_IRQHandler
                0x0000000008002094                EXTI4_IRQHandler
                0x0000000008002094                ETH_IRQHandler
                0x0000000008002094                OTG_HS_EP1_OUT_IRQHandler
                0x0000000008002094                WWDG_IRQHandler
                0x0000000008002094                SPI6_IRQHandler
                0x0000000008002094                TIM2_IRQHandler
                0x0000000008002094                OTG_FS_WKUP_IRQHandler
                0x0000000008002094                TIM1_TRG_COM_TIM11_IRQHandler
                0x0000000008002094                OTG_HS_IRQHandler
                0x0000000008002094                DMA2D_IRQHandler
                0x0000000008002094                EXTI1_IRQHandler
                0x0000000008002094                UART7_IRQHandler
                0x0000000008002094                I2C2_ER_IRQHandler
                0x0000000008002094                DMA2_Stream1_IRQHandler
                0x0000000008002094                CAN1_SCE_IRQHandler
                0x0000000008002094                FLASH_IRQHandler
                0x0000000008002094                DMA2_Stream4_IRQHandler
                0x0000000008002094                OTG_FS_IRQHandler
                0x0000000008002094                SPI3_IRQHandler
                0x0000000008002094                DMA1_Stream4_IRQHandler
                0x0000000008002094                I2C1_ER_IRQHandler
                0x0000000008002094                FMC_IRQHandler
                0x0000000008002094                DMA2_Stream6_IRQHandler
                0x0000000008002094                SAI1_IRQHandler
                0x0000000008002094                DMA1_Stream3_IRQHandler
 *fill*         0x0000000008002096        0x2 
 .text.__libc_init_array
                0x0000000008002098       0x48 /home/hao/Documents/gcc-arm-none-eabi/bin/../lib/gcc/arm-none-eabi/10.2.1/../../../../arm-none-eabi/lib/thumb/v7e-m+fp/hard/libc_nano.a(lib_a-init.o)
                0x0000000008002098                __libc_init_array
 .text.memset   0x00000000080020e0       0x10 /home/hao/Documents/gcc-arm-none-eabi/bin/../lib/gcc/arm-none-eabi/10.2.1/../../../../arm-none-eabi/lib/thumb/v7e-m+fp/hard/libc_nano.a(lib_a-memset.o)
                0x00000000080020e0                memset
 .text.printf   0x00000000080020f0       0x30 /home/hao/Documents/gcc-arm-none-eabi/bin/../lib/gcc/arm-none-eabi/10.2.1/../../../../arm-none-eabi/lib/thumb/v7e-m+fp/hard/libc_nano.a(lib_a-printf.o)
                0x00000000080020f0                printf
                0x00000000080020f0                iprintf
 .text._puts_r  0x0000000008002120       0xdc /home/hao/Documents/gcc-arm-none-eabi/bin/../lib/gcc/arm-none-eabi/10.2.1/../../../../arm-none-eabi/lib/thumb/v7e-m+fp/hard/libc_nano.a(lib_a-puts.o)
                0x0000000008002120                _puts_r
 .text.puts     0x00000000080021fc       0x10 /home/hao/Documents/gcc-arm-none-eabi/bin/../lib/gcc/arm-none-eabi/10.2.1/../../../../arm-none-eabi/lib/thumb/v7e-m+fp/hard/libc_nano.a(lib_a-puts.o)
                0x00000000080021fc                puts
 .text.sprintf  0x000000000800220c       0x40 /home/hao/Documents/gcc-arm-none-eabi/bin/../lib/gcc/arm-none-eabi/10.2.1/../../../../arm-none-eabi/lib/thumb/v7e-m+fp/hard/libc_nano.a(lib_a-sprintf.o)
                0x000000000800220c                sprintf
                0x000000000800220c                siprintf
 .text.sscanf   0x000000000800224c       0x58 /home/hao/Documents/gcc-arm-none-eabi/bin/../lib/gcc/arm-none-eabi/10.2.1/../../../../arm-none-eabi/lib/thumb/v7e-m+fp/hard/libc_nano.a(lib_a-sscanf.o)
                0x000000000800224c                sscanf
                0x000000000800224c                siscanf
 .text.__sread  0x00000000080022a4       0x22 /home/hao/Documents/gcc-arm-none-eabi/bin/../lib/gcc/arm-none-eabi/10.2.1/../../../../arm-none-eabi/lib/thumb/v7e-m+fp/hard/libc_nano.a(lib_a-stdio.o)
                0x00000000080022a4                __sread
 .text.__seofread
                0x00000000080022c6        0x4 /home/hao/Documents/gcc-arm-none-eabi/bin/../lib/gcc/arm-none-eabi/10.2.1/../../../../arm-none-eabi/lib/thumb/v7e-m+fp/hard/libc_nano.a(lib_a-stdio.o)
                0x00000000080022c6                __seofread
 .text.__swrite
                0x00000000080022ca       0x38 /home/hao/Documents/gcc-arm-none-eabi/bin/../lib/gcc/arm-none-eabi/10.2.1/../../../../arm-none-eabi/lib/thumb/v7e-m+fp/hard/libc_nano.a(lib_a-stdio.o)
                0x00000000080022ca                __swrite
 .text.__sseek  0x0000000008002302       0x24 /home/hao/Documents/gcc-arm-none-eabi/bin/../lib/gcc/arm-none-eabi/10.2.1/../../../../arm-none-eabi/lib/thumb/v7e-m+fp/hard/libc_nano.a(lib_a-stdio.o)
                0x0000000008002302                __sseek
 .text.__sclose
                0x0000000008002326        0x8 /home/hao/Documents/gcc-arm-none-eabi/bin/../lib/gcc/arm-none-eabi/10.2.1/../../../../arm-none-eabi/lib/thumb/v7e-m+fp/hard/libc_nano.a(lib_a-stdio.o)
                0x0000000008002326                __sclose
 .text.strstr   0x000000000800232e       0x2c /home/hao/Documents/gcc-arm-none-eabi/bin/../lib/gcc/arm-none-eabi/10.2.1/../../../../arm-none-eabi/lib/thumb/v7e-m+fp/hard/libc_nano.a(lib_a-strstr.o)
                0x000000000800232e                strstr
 *fill*         0x000000000800235a        0x2 
 .text.__swbuf_r
                0x000000000800235c       0xa4 /home/hao/Documents/gcc-arm-none-eabi/bin/../lib/gcc/arm-none-eabi/10.2.1/../../../../arm-none-eabi/lib/thumb/v7e-m+fp/hard/libc_nano.a(lib_a-wbuf.o)
                0x000000000800235c                __swbuf_r
 .text._write_r
                0x0000000008002400       0x24 /home/hao/Documents/gcc-arm-none-eabi/bin/../lib/gcc/arm-none-eabi/10.2.1/../../../../arm-none-eabi/lib/thumb/v7e-m+fp/hard/libc_nano.a(lib_a-writer.o)
                0x0000000008002400                _write_r
 .text.__swsetup_r
                0x0000000008002424       0xdc /home/hao/Documents/gcc-arm-none-eabi/bin/../lib/gcc/arm-none-eabi/10.2.1/../../../../arm-none-eabi/lib/thumb/v7e-m+fp/hard/libc_nano.a(lib_a-wsetup.o)
                0x0000000008002424                __swsetup_r
 .text._close_r
                0x0000000008002500       0x20 /home/hao/Documents/gcc-arm-none-eabi/bin/../lib/gcc/arm-none-eabi/10.2.1/../../../../arm-none-eabi/lib/thumb/v7e-m+fp/hard/libc_nano.a(lib_a-closer.o)
                0x0000000008002500                _close_r
 .text.__sflush_r
                0x0000000008002520      0x10c /home/hao/Documents/gcc-arm-none-eabi/bin/../lib/gcc/arm-none-eabi/10.2.1/../../../../arm-none-eabi/lib/thumb/v7e-m+fp/hard/libc_nano.a(lib_a-fflush.o)
                0x0000000008002520                __sflush_r
 .text._fflush_r
                0x000000000800262c       0x78 /home/hao/Documents/gcc-arm-none-eabi/bin/../lib/gcc/arm-none-eabi/10.2.1/../../../../arm-none-eabi/lib/thumb/v7e-m+fp/hard/libc_nano.a(lib_a-fflush.o)
                0x000000000800262c                _fflush_r
 .text.std      0x00000000080026a4       0x48 /home/hao/Documents/gcc-arm-none-eabi/bin/../lib/gcc/arm-none-eabi/10.2.1/../../../../arm-none-eabi/lib/thumb/v7e-m+fp/hard/libc_nano.a(lib_a-findfp.o)
 .text._cleanup_r
                0x00000000080026ec        0xc /home/hao/Documents/gcc-arm-none-eabi/bin/../lib/gcc/arm-none-eabi/10.2.1/../../../../arm-none-eabi/lib/thumb/v7e-m+fp/hard/libc_nano.a(lib_a-findfp.o)
                0x00000000080026ec                _cleanup_r
 .text.__sfmoreglue
                0x00000000080026f8       0x2c /home/hao/Documents/gcc-arm-none-eabi/bin/../lib/gcc/arm-none-eabi/10.2.1/../../../../arm-none-eabi/lib/thumb/v7e-m+fp/hard/libc_nano.a(lib_a-findfp.o)
                0x00000000080026f8                __sfmoreglue
 .text.__sfp_lock_acquire
                0x0000000008002724        0xc /home/hao/Documents/gcc-arm-none-eabi/bin/../lib/gcc/arm-none-eabi/10.2.1/../../../../arm-none-eabi/lib/thumb/v7e-m+fp/hard/libc_nano.a(lib_a-findfp.o)
                0x0000000008002724                __sfp_lock_acquire
 .text.__sfp_lock_release
                0x0000000008002730        0xc /home/hao/Documents/gcc-arm-none-eabi/bin/../lib/gcc/arm-none-eabi/10.2.1/../../../../arm-none-eabi/lib/thumb/v7e-m+fp/hard/libc_nano.a(lib_a-findfp.o)
                0x0000000008002730                __sfp_lock_release
 .text.__sinit_lock_acquire
                0x000000000800273c        0xc /home/hao/Documents/gcc-arm-none-eabi/bin/../lib/gcc/arm-none-eabi/10.2.1/../../../../arm-none-eabi/lib/thumb/v7e-m+fp/hard/libc_nano.a(lib_a-findfp.o)
                0x000000000800273c                __sinit_lock_acquire
 .text.__sinit_lock_release
                0x0000000008002748        0xc /home/hao/Documents/gcc-arm-none-eabi/bin/../lib/gcc/arm-none-eabi/10.2.1/../../../../arm-none-eabi/lib/thumb/v7e-m+fp/hard/libc_nano.a(lib_a-findfp.o)
                0x0000000008002748                __sinit_lock_release
 .text.__sinit  0x0000000008002754       0x70 /home/hao/Documents/gcc-arm-none-eabi/bin/../lib/gcc/arm-none-eabi/10.2.1/../../../../arm-none-eabi/lib/thumb/v7e-m+fp/hard/libc_nano.a(lib_a-findfp.o)
                0x0000000008002754                __sinit
 .text.__sfp    0x00000000080027c4       0x8c /home/hao/Documents/gcc-arm-none-eabi/bin/../lib/gcc/arm-none-eabi/10.2.1/../../../../arm-none-eabi/lib/thumb/v7e-m+fp/hard/libc_nano.a(lib_a-findfp.o)
                0x00000000080027c4                __sfp
 .text._fwalk_reent
                0x0000000008002850       0x3e /home/hao/Documents/gcc-arm-none-eabi/bin/../lib/gcc/arm-none-eabi/10.2.1/../../../../arm-none-eabi/lib/thumb/v7e-m+fp/hard/libc_nano.a(lib_a-fwalk.o)
                0x0000000008002850                _fwalk_reent
 .text.__retarget_lock_init_recursive
                0x000000000800288e        0x2 /home/hao/Documents/gcc-arm-none-eabi/bin/../lib/gcc/arm-none-eabi/10.2.1/../../../../arm-none-eabi/lib/thumb/v7e-m+fp/hard/libc_nano.a(lib_a-lock.o)
                0x000000000800288e                __retarget_lock_init_recursive
 .text.__retarget_lock_acquire_recursive
                0x0000000008002890        0x2 /home/hao/Documents/gcc-arm-none-eabi/bin/../lib/gcc/arm-none-eabi/10.2.1/../../../../arm-none-eabi/lib/thumb/v7e-m+fp/hard/libc_nano.a(lib_a-lock.o)
                0x0000000008002890                __retarget_lock_acquire_recursive
 .text.__retarget_lock_release_recursive
                0x0000000008002892        0x2 /home/hao/Documents/gcc-arm-none-eabi/bin/../lib/gcc/arm-none-eabi/10.2.1/../../../../arm-none-eabi/lib/thumb/v7e-m+fp/hard/libc_nano.a(lib_a-lock.o)
                0x0000000008002892                __retarget_lock_release_recursive
 .text._lseek_r
                0x0000000008002894       0x24 /home/hao/Documents/gcc-arm-none-eabi/bin/../lib/gcc/arm-none-eabi/10.2.1/../../../../arm-none-eabi/lib/thumb/v7e-m+fp/hard/libc_nano.a(lib_a-lseekr.o)
                0x0000000008002894                _lseek_r
 .text.__swhatbuf_r
                0x00000000080028b8       0x4a /home/hao/Documents/gcc-arm-none-eabi/bin/../lib/gcc/arm-none-eabi/10.2.1/../../../../arm-none-eabi/lib/thumb/v7e-m+fp/hard/libc_nano.a(lib_a-makebuf.o)
                0x00000000080028b8                __swhatbuf_r
 *fill*         0x0000000008002902        0x2 
 .text.__smakebuf_r
                0x0000000008002904       0x80 /home/hao/Documents/gcc-arm-none-eabi/bin/../lib/gcc/arm-none-eabi/10.2.1/../../../../arm-none-eabi/lib/thumb/v7e-m+fp/hard/libc_nano.a(lib_a-makebuf.o)
                0x0000000008002904                __smakebuf_r
 .text._free_r  0x0000000008002984       0x98 /home/hao/Documents/gcc-arm-none-eabi/bin/../lib/gcc/arm-none-eabi/10.2.1/../../../../arm-none-eabi/lib/thumb/v7e-m+fp/hard/libc_nano.a(lib_a-nano-freer.o)
                0x0000000008002984                _free_r
 .text._malloc_r
                0x0000000008002a1c       0xb4 /home/hao/Documents/gcc-arm-none-eabi/bin/../lib/gcc/arm-none-eabi/10.2.1/../../../../arm-none-eabi/lib/thumb/v7e-m+fp/hard/libc_nano.a(lib_a-nano-mallocr.o)
                0x0000000008002a1c                _malloc_r
 .text.__ssputs_r
                0x0000000008002ad0       0xb6 /home/hao/Documents/gcc-arm-none-eabi/bin/../lib/gcc/arm-none-eabi/10.2.1/../../../../arm-none-eabi/lib/thumb/v7e-m+fp/hard/libc_nano.a(lib_a-nano-svfprintf.o)
                0x0000000008002ad0                __ssputs_r
 *fill*         0x0000000008002b86        0x2 
 .text._svfprintf_r
                0x0000000008002b88      0x200 /home/hao/Documents/gcc-arm-none-eabi/bin/../lib/gcc/arm-none-eabi/10.2.1/../../../../arm-none-eabi/lib/thumb/v7e-m+fp/hard/libc_nano.a(lib_a-nano-svfprintf.o)
                0x0000000008002b88                _svfprintf_r
                0x0000000008002b88                _svfiprintf_r
 .text._sungetc_r
                0x0000000008002d88       0x7a /home/hao/Documents/gcc-arm-none-eabi/bin/../lib/gcc/arm-none-eabi/10.2.1/../../../../arm-none-eabi/lib/thumb/v7e-m+fp/hard/libc_nano.a(lib_a-nano-svfscanf.o)
                0x0000000008002d88                _sungetc_r
 .text.__ssrefill_r
                0x0000000008002e02       0x3a /home/hao/Documents/gcc-arm-none-eabi/bin/../lib/gcc/arm-none-eabi/10.2.1/../../../../arm-none-eabi/lib/thumb/v7e-m+fp/hard/libc_nano.a(lib_a-nano-svfscanf.o)
                0x0000000008002e02                __ssrefill_r
 .text.__ssvfscanf_r
                0x0000000008002e3c      0x2f0 /home/hao/Documents/gcc-arm-none-eabi/bin/../lib/gcc/arm-none-eabi/10.2.1/../../../../arm-none-eabi/lib/thumb/v7e-m+fp/hard/libc_nano.a(lib_a-nano-svfscanf.o)
                0x0000000008002e3c                __ssvfscanf_r
                0x0000000008002e3c                __ssvfiscanf_r
 .text.__sfputc_r
                0x000000000800312c       0x2e /home/hao/Documents/gcc-arm-none-eabi/bin/../lib/gcc/arm-none-eabi/10.2.1/../../../../arm-none-eabi/lib/thumb/v7e-m+fp/hard/libc_nano.a(lib_a-nano-vfprintf.o)
 .text.__sfputs_r
                0x000000000800315a       0x24 /home/hao/Documents/gcc-arm-none-eabi/bin/../lib/gcc/arm-none-eabi/10.2.1/../../../../arm-none-eabi/lib/thumb/v7e-m+fp/hard/libc_nano.a(lib_a-nano-vfprintf.o)
                0x000000000800315a                __sfputs_r
 *fill*         0x000000000800317e        0x2 
 .text._vfprintf_r
                0x0000000008003180      0x260 /home/hao/Documents/gcc-arm-none-eabi/bin/../lib/gcc/arm-none-eabi/10.2.1/../../../../arm-none-eabi/lib/thumb/v7e-m+fp/hard/libc_nano.a(lib_a-nano-vfprintf.o)
                0x0000000008003180                _vfiprintf_r
                0x0000000008003180                _vfprintf_r
 .text._printf_common
                0x00000000080033e0       0xda /home/hao/Documents/gcc-arm-none-eabi/bin/../lib/gcc/arm-none-eabi/10.2.1/../../../../arm-none-eabi/lib/thumb/v7e-m+fp/hard/libc_nano.a(lib_a-nano-vfprintf_i.o)
                0x00000000080033e0                _printf_common
 *fill*         0x00000000080034ba        0x2 
 .text._printf_i
                0x00000000080034bc      0x24c /home/hao/Documents/gcc-arm-none-eabi/bin/../lib/gcc/arm-none-eabi/10.2.1/../../../../arm-none-eabi/lib/thumb/v7e-m+fp/hard/libc_nano.a(lib_a-nano-vfprintf_i.o)
                0x00000000080034bc                _printf_i
 .text._scanf_chars
                0x0000000008003708       0xb4 /home/hao/Documents/gcc-arm-none-eabi/bin/../lib/gcc/arm-none-eabi/10.2.1/../../../../arm-none-eabi/lib/thumb/v7e-m+fp/hard/libc_nano.a(lib_a-nano-vfscanf_i.o)
                0x0000000008003708                _scanf_chars
 .text._scanf_i
                0x00000000080037bc      0x1e8 /home/hao/Documents/gcc-arm-none-eabi/bin/../lib/gcc/arm-none-eabi/10.2.1/../../../../arm-none-eabi/lib/thumb/v7e-m+fp/hard/libc_nano.a(lib_a-nano-vfscanf_i.o)
                0x00000000080037bc                _scanf_i
 .text._read_r  0x00000000080039a4       0x24 /home/hao/Documents/gcc-arm-none-eabi/bin/../lib/gcc/arm-none-eabi/10.2.1/../../../../arm-none-eabi/lib/thumb/v7e-m+fp/hard/libc_nano.a(lib_a-readr.o)
                0x00000000080039a4                _read_r
 .text._sbrk_r  0x00000000080039c8       0x20 /home/hao/Documents/gcc-arm-none-eabi/bin/../lib/gcc/arm-none-eabi/10.2.1/../../../../arm-none-eabi/lib/thumb/v7e-m+fp/hard/libc_nano.a(lib_a-sbrkr.o)
                0x00000000080039c8                _sbrk_r
 .text.__sccl   0x00000000080039e8       0x70 /home/hao/Documents/gcc-arm-none-eabi/bin/../lib/gcc/arm-none-eabi/10.2.1/../../../../arm-none-eabi/lib/thumb/v7e-m+fp/hard/libc_nano.a(lib_a-sccl.o)
                0x00000000080039e8                __sccl
 .text._strtol_l.constprop.0
                0x0000000008003a58      0x104 /home/hao/Documents/gcc-arm-none-eabi/bin/../lib/gcc/arm-none-eabi/10.2.1/../../../../arm-none-eabi/lib/thumb/v7e-m+fp/hard/libc_nano.a(lib_a-strtol.o)
 .text._strtol_r
                0x0000000008003b5c        0x4 /home/hao/Documents/gcc-arm-none-eabi/bin/../lib/gcc/arm-none-eabi/10.2.1/../../../../arm-none-eabi/lib/thumb/v7e-m+fp/hard/libc_nano.a(lib_a-strtol.o)
                0x0000000008003b5c                _strtol_r
 .text._strtoul_l.constprop.0
                0x0000000008003b60       0xe4 /home/hao/Documents/gcc-arm-none-eabi/bin/../lib/gcc/arm-none-eabi/10.2.1/../../../../arm-none-eabi/lib/thumb/v7e-m+fp/hard/libc_nano.a(lib_a-strtoul.o)
 .text._strtoul_r
                0x0000000008003c44        0x4 /home/hao/Documents/gcc-arm-none-eabi/bin/../lib/gcc/arm-none-eabi/10.2.1/../../../../arm-none-eabi/lib/thumb/v7e-m+fp/hard/libc_nano.a(lib_a-strtoul.o)
                0x0000000008003c44                _strtoul_r
 .text.__submore
                0x0000000008003c48       0x74 /home/hao/Documents/gcc-arm-none-eabi/bin/../lib/gcc/arm-none-eabi/10.2.1/../../../../arm-none-eabi/lib/thumb/v7e-m+fp/hard/libc_nano.a(lib_a-ungetc.o)
                0x0000000008003c48                __submore
 .text.__errno  0x0000000008003cbc        0xc /home/hao/Documents/gcc-arm-none-eabi/bin/../lib/gcc/arm-none-eabi/10.2.1/../../../../arm-none-eabi/lib/thumb/v7e-m+fp/hard/libc_nano.a(lib_a-errno.o)
                0x0000000008003cbc                __errno
 .text._fstat_r
                0x0000000008003cc8       0x24 /home/hao/Documents/gcc-arm-none-eabi/bin/../lib/gcc/arm-none-eabi/10.2.1/../../../../arm-none-eabi/lib/thumb/v7e-m+fp/hard/libc_nano.a(lib_a-fstatr.o)
                0x0000000008003cc8                _fstat_r
 .text._isatty_r
                0x0000000008003cec       0x20 /home/hao/Documents/gcc-arm-none-eabi/bin/../lib/gcc/arm-none-eabi/10.2.1/../../../../arm-none-eabi/lib/thumb/v7e-m+fp/hard/libc_nano.a(lib_a-isattyr.o)
                0x0000000008003cec                _isatty_r
 .text.memcpy   0x0000000008003d0c       0x1c /home/hao/Documents/gcc-arm-none-eabi/bin/../lib/gcc/arm-none-eabi/10.2.1/../../../../arm-none-eabi/lib/thumb/v7e-m+fp/hard/libc_nano.a(lib_a-memcpy-stub.o)
                0x0000000008003d0c                memcpy
 .text.memmove  0x0000000008003d28       0x34 /home/hao/Documents/gcc-arm-none-eabi/bin/../lib/gcc/arm-none-eabi/10.2.1/../../../../arm-none-eabi/lib/thumb/v7e-m+fp/hard/libc_nano.a(lib_a-memmove.o)
                0x0000000008003d28                memmove
 .text.__malloc_lock
                0x0000000008003d5c        0xc /home/hao/Documents/gcc-arm-none-eabi/bin/../lib/gcc/arm-none-eabi/10.2.1/../../../../arm-none-eabi/lib/thumb/v7e-m+fp/hard/libc_nano.a(lib_a-mlock.o)
                0x0000000008003d5c                __malloc_lock
 .text.__malloc_unlock
                0x0000000008003d68        0xc /home/hao/Documents/gcc-arm-none-eabi/bin/../lib/gcc/arm-none-eabi/10.2.1/../../../../arm-none-eabi/lib/thumb/v7e-m+fp/hard/libc_nano.a(lib_a-mlock.o)
                0x0000000008003d68                __malloc_unlock
 .text._realloc_r
                0x0000000008003d74       0x4c /home/hao/Documents/gcc-arm-none-eabi/bin/../lib/gcc/arm-none-eabi/10.2.1/../../../../arm-none-eabi/lib/thumb/v7e-m+fp/hard/libc_nano.a(lib_a-nano-reallocr.o)
                0x0000000008003d74                _realloc_r
 .text._malloc_usable_size_r
                0x0000000008003dc0       0x10 /home/hao/Documents/gcc-arm-none-eabi/bin/../lib/gcc/arm-none-eabi/10.2.1/../../../../arm-none-eabi/lib/thumb/v7e-m+fp/hard/libc_nano.a(lib_a-nano-msizer.o)
                0x0000000008003dc0                _malloc_usable_size_r
 .text._close   0x0000000008003dd0       0x10 /home/hao/Documents/gcc-arm-none-eabi/bin/../lib/gcc/arm-none-eabi/10.2.1/../../../../arm-none-eabi/lib/thumb/v7e-m+fp/hard/libnosys.a(close.o)
                0x0000000008003dd0                _close
 .text._fstat   0x0000000008003de0       0x10 /home/hao/Documents/gcc-arm-none-eabi/bin/../lib/gcc/arm-none-eabi/10.2.1/../../../../arm-none-eabi/lib/thumb/v7e-m+fp/hard/libnosys.a(fstat.o)
                0x0000000008003de0                _fstat
 .text._isatty  0x0000000008003df0       0x10 /home/hao/Documents/gcc-arm-none-eabi/bin/../lib/gcc/arm-none-eabi/10.2.1/../../../../arm-none-eabi/lib/thumb/v7e-m+fp/hard/libnosys.a(isatty.o)
                0x0000000008003df0                _isatty
 .text._lseek   0x0000000008003e00       0x10 /home/hao/Documents/gcc-arm-none-eabi/bin/../lib/gcc/arm-none-eabi/10.2.1/../../../../arm-none-eabi/lib/thumb/v7e-m+fp/hard/libnosys.a(lseek.o)
                0x0000000008003e00                _lseek
 .text._read    0x0000000008003e10       0x10 /home/hao/Documents/gcc-arm-none-eabi/bin/../lib/gcc/arm-none-eabi/10.2.1/../../../../arm-none-eabi/lib/thumb/v7e-m+fp/hard/libnosys.a(read.o)
                0x0000000008003e10                _read
 .text._sbrk    0x0000000008003e20       0x1c /home/hao/Documents/gcc-arm-none-eabi/bin/../lib/gcc/arm-none-eabi/10.2.1/../../../../arm-none-eabi/lib/thumb/v7e-m+fp/hard/libnosys.a(sbrk.o)
                0x0000000008003e20                _sbrk
 *(.glue_7)
 .glue_7        0x0000000008003e3c        0x0 linker stubs
 *(.glue_7t)
 .glue_7t       0x0000000008003e3c        0x0 linker stubs
 *(.eh_frame)
 .eh_frame      0x0000000008003e3c        0x0 /home/hao/Documents/gcc-arm-none-eabi/bin/../lib/gcc/arm-none-eabi/10.2.1/thumb/v7e-m+fp/hard/crtbegin.o
 *(.init)
 .init          0x0000000008003e3c        0x4 /home/hao/Documents/gcc-arm-none-eabi/bin/../lib/gcc/arm-none-eabi/10.2.1/thumb/v7e-m+fp/hard/crti.o
                0x0000000008003e3c                _init
 .init          0x0000000008003e40        0x8 /home/hao/Documents/gcc-arm-none-eabi/bin/../lib/gcc/arm-none-eabi/10.2.1/thumb/v7e-m+fp/hard/crtn.o
 *(.fini)
 .fini          0x0000000008003e48        0x4 /home/hao/Documents/gcc-arm-none-eabi/bin/../lib/gcc/arm-none-eabi/10.2.1/thumb/v7e-m+fp/hard/crti.o
                0x0000000008003e48                _fini
 .fini          0x0000000008003e4c        0x8 /home/hao/Documents/gcc-arm-none-eabi/bin/../lib/gcc/arm-none-eabi/10.2.1/thumb/v7e-m+fp/hard/crtn.o
                0x0000000008003e54                . = ALIGN (0x4)
                0x0000000008003e54                _etext = .

.vfp11_veneer   0x0000000008003e54        0x0
 .vfp11_veneer  0x0000000008003e54        0x0 linker stubs

.v4_bx          0x0000000008003e54        0x0
 .v4_bx         0x0000000008003e54        0x0 linker stubs

.iplt           0x0000000008003e54        0x0
 .iplt          0x0000000008003e54        0x0 /home/hao/Documents/gcc-arm-none-eabi/bin/../lib/gcc/arm-none-eabi/10.2.1/thumb/v7e-m+fp/hard/crtbegin.o

.rodata         0x0000000008003e54      0x5dc
                0x0000000008003e54                . = ALIGN (0x4)
 *(.rodata)
 .rodata        0x0000000008003e54        0xc /home/hao/Documents/gcc-arm-none-eabi/bin/../lib/gcc/arm-none-eabi/10.2.1/../../../../arm-none-eabi/lib/thumb/v7e-m+fp/hard/libc_nano.a(lib_a-nano-vfscanf_i.o)
 *(.rodata*)
 .rodata.analytical_data.str1.4
                0x0000000008003e60       0x5c build/bsp_esp8266_test.o
 .rodata.ESP8266_StaTcpClient_Unvarnish_ConfigTest.str1.4
                0x0000000008003ebc      0x13e build/bsp_esp8266_test.o
 *fill*         0x0000000008003ffa        0x2 
 .rodata.ESP8266_CheckRecvDataTest.str1.4
                0x0000000008003ffc       0x60 build/bsp_esp8266_test.o
 .rodata.ESP8266_Cmd.str1.4
                0x000000000800405c        0x5 build/esp8266.o
                                          0xb (size before relaxing)
 *fill*         0x0000000008004061        0x3 
 .rodata.ESP8266_AT_Test.str1.4
                0x0000000008004064       0x67 build/esp8266.o
 *fill*         0x00000000080040cb        0x1 
 .rodata.ESP8266_Net_Mode_Choose.str1.4
                0x00000000080040cc       0x30 build/esp8266.o
 .rodata.ESP8266_JoinAP.str1.4
                0x00000000080040fc       0x13 build/esp8266.o
 *fill*         0x000000000800410f        0x1 
 .rodata.ESP8266_Enable_MultipleId.str1.4
                0x0000000008004110        0xd build/esp8266.o
 *fill*         0x000000000800411d        0x3 
 .rodata.ESP8266_Link_Server.str1.4
                0x0000000008004120       0x4b build/esp8266.o
 *fill*         0x000000000800416b        0x1 
 .rodata.ESP8266_Get_LinkStatus.str1.4
                0x000000000800416c       0x33 build/esp8266.o
 *fill*         0x000000000800419f        0x1 
 .rodata.ESP8266_UnvarnishSend.str1.4
                0x00000000080041a0       0x1f build/esp8266.o
 *fill*         0x00000000080041bf        0x1 
 .rodata.ESP8266_ExitUnvarnishSend.str1.4
                0x00000000080041c0        0x4 build/esp8266.o
 .rodata.main.str1.4
                0x00000000080041c4       0x91 build/main.o
 *fill*         0x0000000008004255        0x3 
 .rodata.USART2_IRQHandler.str1.4
                0x0000000008004258        0x9 build/stm32f4xx_it.o
 *fill*         0x0000000008004261        0x3 
 .rodata.AHBPrescTable
                0x0000000008004264       0x10 build/system_stm32f4xx.o
                0x0000000008004264                AHBPrescTable
 .rodata.APBPrescTable
                0x0000000008004274        0x8 build/system_stm32f4xx.o
                0x0000000008004274                APBPrescTable
 .rodata._global_impure_ptr
                0x000000000800427c        0x4 /home/hao/Documents/gcc-arm-none-eabi/bin/../lib/gcc/arm-none-eabi/10.2.1/../../../../arm-none-eabi/lib/thumb/v7e-m+fp/hard/libc_nano.a(lib_a-impure.o)
                0x000000000800427c                _global_impure_ptr
 .rodata.__sf_fake_stderr
                0x0000000008004280       0x20 /home/hao/Documents/gcc-arm-none-eabi/bin/../lib/gcc/arm-none-eabi/10.2.1/../../../../arm-none-eabi/lib/thumb/v7e-m+fp/hard/libc_nano.a(lib_a-findfp.o)
                0x0000000008004280                __sf_fake_stderr
 .rodata.__sf_fake_stdin
                0x00000000080042a0       0x20 /home/hao/Documents/gcc-arm-none-eabi/bin/../lib/gcc/arm-none-eabi/10.2.1/../../../../arm-none-eabi/lib/thumb/v7e-m+fp/hard/libc_nano.a(lib_a-findfp.o)
                0x00000000080042a0                __sf_fake_stdin
 .rodata.__sf_fake_stdout
                0x00000000080042c0       0x20 /home/hao/Documents/gcc-arm-none-eabi/bin/../lib/gcc/arm-none-eabi/10.2.1/../../../../arm-none-eabi/lib/thumb/v7e-m+fp/hard/libc_nano.a(lib_a-findfp.o)
                0x00000000080042c0                __sf_fake_stdout
 .rodata._svfprintf_r.str1.1
                0x00000000080042e0       0x11 /home/hao/Documents/gcc-arm-none-eabi/bin/../lib/gcc/arm-none-eabi/10.2.1/../../../../arm-none-eabi/lib/thumb/v7e-m+fp/hard/libc_nano.a(lib_a-nano-svfprintf.o)
 .rodata.__ssvfscanf_r.str1.1
                0x00000000080042f1        0x4 /home/hao/Documents/gcc-arm-none-eabi/bin/../lib/gcc/arm-none-eabi/10.2.1/../../../../arm-none-eabi/lib/thumb/v7e-m+fp/hard/libc_nano.a(lib_a-nano-svfscanf.o)
 .rodata._vfprintf_r.str1.1
                0x00000000080042f1       0x11 /home/hao/Documents/gcc-arm-none-eabi/bin/../lib/gcc/arm-none-eabi/10.2.1/../../../../arm-none-eabi/lib/thumb/v7e-m+fp/hard/libc_nano.a(lib_a-nano-vfprintf.o)
 .rodata._printf_i.str1.1
                0x00000000080042f1       0x22 /home/hao/Documents/gcc-arm-none-eabi/bin/../lib/gcc/arm-none-eabi/10.2.1/../../../../arm-none-eabi/lib/thumb/v7e-m+fp/hard/libc_nano.a(lib_a-nano-vfprintf_i.o)
 .rodata.str1.1
                0x0000000008004313        0x9 /home/hao/Documents/gcc-arm-none-eabi/bin/../lib/gcc/arm-none-eabi/10.2.1/../../../../arm-none-eabi/lib/thumb/v7e-m+fp/hard/libc_nano.a(lib_a-nano-vfscanf_i.o)
 .rodata._scanf_i.str1.1
                0x000000000800431c       0x12 /home/hao/Documents/gcc-arm-none-eabi/bin/../lib/gcc/arm-none-eabi/10.2.1/../../../../arm-none-eabi/lib/thumb/v7e-m+fp/hard/libc_nano.a(lib_a-nano-vfscanf_i.o)
 .rodata._ctype_
                0x000000000800432e      0x101 /home/hao/Documents/gcc-arm-none-eabi/bin/../lib/gcc/arm-none-eabi/10.2.1/../../../../arm-none-eabi/lib/thumb/v7e-m+fp/hard/libc_nano.a(lib_a-ctype_.o)
                0x000000000800432e                _ctype_
                0x0000000008004430                . = ALIGN (0x4)
 *fill*         0x000000000800442f        0x1 

.ARM.extab
 *(.ARM.extab* .gnu.linkonce.armextab.*)

.ARM            0x0000000008004430        0x8
                0x0000000008004430                __exidx_start = .
 *(.ARM.exidx*)
 .ARM.exidx     0x0000000008004430        0x8 /home/hao/Documents/gcc-arm-none-eabi/bin/../lib/gcc/arm-none-eabi/10.2.1/thumb/v7e-m+fp/hard/libgcc.a(_udivmoddi4.o)
                0x0000000008004438                __exidx_end = .

.rel.dyn        0x0000000008004438        0x0
 .rel.iplt      0x0000000008004438        0x0 /home/hao/Documents/gcc-arm-none-eabi/bin/../lib/gcc/arm-none-eabi/10.2.1/thumb/v7e-m+fp/hard/crtbegin.o

.preinit_array  0x0000000008004438        0x0
                0x0000000008004438                PROVIDE (__preinit_array_start = .)
 *(.preinit_array*)
                0x0000000008004438                PROVIDE (__preinit_array_end = .)

.init_array     0x0000000008004438        0x4
                0x0000000008004438                PROVIDE (__init_array_start = .)
 *(SORT_BY_NAME(.init_array.*))
 *(.init_array*)
 .init_array    0x0000000008004438        0x4 /home/hao/Documents/gcc-arm-none-eabi/bin/../lib/gcc/arm-none-eabi/10.2.1/thumb/v7e-m+fp/hard/crtbegin.o
                0x000000000800443c                PROVIDE (__init_array_end = .)

.fini_array     0x000000000800443c        0x4
                [!provide]                        PROVIDE (__fini_array_start = .)
 *(SORT_BY_NAME(.fini_array.*))
 *(.fini_array*)
 .fini_array    0x000000000800443c        0x4 /home/hao/Documents/gcc-arm-none-eabi/bin/../lib/gcc/arm-none-eabi/10.2.1/thumb/v7e-m+fp/hard/crtbegin.o
                [!provide]                        PROVIDE (__fini_array_end = .)
                0x0000000008004440                _sidata = LOADADDR (.data)

.data           0x0000000020000000       0x70 load address 0x0000000008004440
                0x0000000020000000                . = ALIGN (0x4)
                0x0000000020000000                _sdata = .
 *(.data)
 *(.data*)
 .data.buffer   0x0000000020000000        0x2 build/common.o
                0x0000000020000000                buffer
 .data.key_up.0
                0x0000000020000002        0x1 build/key.o
 .data.uwTickFreq
                0x0000000020000003        0x1 build/stm32f4xx_hal.o
                0x0000000020000003                uwTickFreq
 .data.uwTickPrio
                0x0000000020000004        0x4 build/stm32f4xx_hal.o
                0x0000000020000004                uwTickPrio
 .data.SystemCoreClock
                0x0000000020000008        0x4 build/system_stm32f4xx.o
                0x0000000020000008                SystemCoreClock
 .data._impure_ptr
                0x000000002000000c        0x4 /home/hao/Documents/gcc-arm-none-eabi/bin/../lib/gcc/arm-none-eabi/10.2.1/../../../../arm-none-eabi/lib/thumb/v7e-m+fp/hard/libc_nano.a(lib_a-impure.o)
                0x000000002000000c                _impure_ptr
 .data.impure_data
                0x0000000020000010       0x60 /home/hao/Documents/gcc-arm-none-eabi/bin/../lib/gcc/arm-none-eabi/10.2.1/../../../../arm-none-eabi/lib/thumb/v7e-m+fp/hard/libc_nano.a(lib_a-impure.o)
                0x0000000020000070                . = ALIGN (0x4)
                0x0000000020000070                _edata = .
                0x00000000080044b0                _siccmram = LOADADDR (.ccmram)

.igot.plt       0x0000000020000070        0x0 load address 0x00000000080044b0
 .igot.plt      0x0000000020000070        0x0 /home/hao/Documents/gcc-arm-none-eabi/bin/../lib/gcc/arm-none-eabi/10.2.1/thumb/v7e-m+fp/hard/crtbegin.o

.ccmram         0x0000000010000000        0x0 load address 0x00000000080044b0
                0x0000000010000000                . = ALIGN (0x4)
                0x0000000010000000                _sccmram = .
 *(.ccmram)
 *(.ccmram*)
                0x0000000010000000                . = ALIGN (0x4)
                0x0000000010000000                _eccmram = .
                0x0000000010000000                . = ALIGN (0x4)

.bss            0x0000000020000070      0x840
                0x0000000020000070                _sbss = .
                0x0000000020000070                __bss_start__ = _sbss
 *(.bss)
 .bss           0x0000000020000070       0x1c /home/hao/Documents/gcc-arm-none-eabi/bin/../lib/gcc/arm-none-eabi/10.2.1/thumb/v7e-m+fp/hard/crtbegin.o
 *(.bss*)
 .bss.ucTcpClosedFlag
                0x000000002000008c        0x1 build/bsp_esp8266_test.o
                0x000000002000008c                ucTcpClosedFlag
 *fill*         0x000000002000008d        0x3 
 .bss.strEsp8266_Fram_Record
                0x0000000020000090      0x402 build/esp8266.o
                0x0000000020000090                strEsp8266_Fram_Record
 *fill*         0x0000000020000492        0x2 
 .bss.strUSART_Fram_Record
                0x0000000020000494      0x402 build/esp8266.o
                0x0000000020000494                strUSART_Fram_Record
 *fill*         0x0000000020000896        0x2 
 .bss.uwTick    0x0000000020000898        0x4 build/stm32f4xx_hal.o
                0x0000000020000898                uwTick
 .bss.__lock___malloc_recursive_mutex
                0x000000002000089c        0x1 /home/hao/Documents/gcc-arm-none-eabi/bin/../lib/gcc/arm-none-eabi/10.2.1/../../../../arm-none-eabi/lib/thumb/v7e-m+fp/hard/libc_nano.a(lib_a-lock.o)
                0x000000002000089c                __lock___malloc_recursive_mutex
 .bss.__lock___sfp_recursive_mutex
                0x000000002000089d        0x1 /home/hao/Documents/gcc-arm-none-eabi/bin/../lib/gcc/arm-none-eabi/10.2.1/../../../../arm-none-eabi/lib/thumb/v7e-m+fp/hard/libc_nano.a(lib_a-lock.o)
                0x000000002000089d                __lock___sfp_recursive_mutex
 .bss.__lock___sinit_recursive_mutex
                0x000000002000089e        0x1 /home/hao/Documents/gcc-arm-none-eabi/bin/../lib/gcc/arm-none-eabi/10.2.1/../../../../arm-none-eabi/lib/thumb/v7e-m+fp/hard/libc_nano.a(lib_a-lock.o)
                0x000000002000089e                __lock___sinit_recursive_mutex
 *fill*         0x000000002000089f        0x1 
 .bss.__malloc_free_list
                0x00000000200008a0        0x4 /home/hao/Documents/gcc-arm-none-eabi/bin/../lib/gcc/arm-none-eabi/10.2.1/../../../../arm-none-eabi/lib/thumb/v7e-m+fp/hard/libc_nano.a(lib_a-nano-mallocr.o)
                0x00000000200008a0                __malloc_free_list
 .bss.__malloc_sbrk_start
                0x00000000200008a4        0x4 /home/hao/Documents/gcc-arm-none-eabi/bin/../lib/gcc/arm-none-eabi/10.2.1/../../../../arm-none-eabi/lib/thumb/v7e-m+fp/hard/libc_nano.a(lib_a-nano-mallocr.o)
                0x00000000200008a4                __malloc_sbrk_start
 .bss.errno     0x00000000200008a8        0x4 /home/hao/Documents/gcc-arm-none-eabi/bin/../lib/gcc/arm-none-eabi/10.2.1/../../../../arm-none-eabi/lib/thumb/v7e-m+fp/hard/libc_nano.a(lib_a-reent.o)
                0x00000000200008a8                errno
 .bss.heap_end.0
                0x00000000200008ac        0x4 /home/hao/Documents/gcc-arm-none-eabi/bin/../lib/gcc/arm-none-eabi/10.2.1/../../../../arm-none-eabi/lib/thumb/v7e-m+fp/hard/libnosys.a(sbrk.o)
 *(COMMON)
                0x00000000200008b0                . = ALIGN (0x4)
                0x00000000200008b0                _ebss = .
                0x00000000200008b0                __bss_end__ = _ebss

._user_heap_stack
                0x00000000200008b0      0x600
                0x00000000200008b0                . = ALIGN (0x8)
                0x00000000200008b0                PROVIDE (end = .)
                [!provide]                        PROVIDE (_end = .)
                0x0000000020000ab0                . = (. + _Min_Heap_Size)
 *fill*         0x00000000200008b0      0x200 
                0x0000000020000eb0                . = (. + _Min_Stack_Size)
 *fill*         0x0000000020000ab0      0x400 
                0x0000000020000eb0                . = ALIGN (0x8)

/DISCARD/
 libc.a(*)
 libm.a(*)
 libgcc.a(*)

.ARM.attributes
                0x0000000000000000       0x30
 *(.ARM.attributes)
 .ARM.attributes
                0x0000000000000000       0x1e /home/hao/Documents/gcc-arm-none-eabi/bin/../lib/gcc/arm-none-eabi/10.2.1/thumb/v7e-m+fp/hard/crti.o
 .ARM.attributes
                0x000000000000001e       0x34 /home/hao/Documents/gcc-arm-none-eabi/bin/../lib/gcc/arm-none-eabi/10.2.1/thumb/v7e-m+fp/hard/crtbegin.o
 .ARM.attributes
                0x0000000000000052       0x34 build/common.o
 .ARM.attributes
                0x0000000000000086       0x34 build/key.o
 .ARM.attributes
                0x00000000000000ba       0x34 build/bsp_esp8266_test.o
 .ARM.attributes
                0x00000000000000ee       0x34 build/esp8266.o
 .ARM.attributes
                0x0000000000000122       0x34 build/main.o
 .ARM.attributes
                0x0000000000000156       0x34 build/gpio.o
 .ARM.attributes
                0x000000000000018a       0x34 build/usart.o
 .ARM.attributes
                0x00000000000001be       0x34 build/stm32f4xx_it.o
 .ARM.attributes
                0x00000000000001f2       0x34 build/stm32f4xx_hal_msp.o
 .ARM.attributes
                0x0000000000000226       0x34 build/stm32f4xx_ll_usart.o
 .ARM.attributes
                0x000000000000025a       0x34 build/stm32f4xx_ll_gpio.o
 .ARM.attributes
                0x000000000000028e       0x34 build/stm32f4xx_hal_rcc.o
 .ARM.attributes
                0x00000000000002c2       0x34 build/stm32f4xx_hal_gpio.o
 .ARM.attributes
                0x00000000000002f6       0x34 build/stm32f4xx_hal_pwr_ex.o
 .ARM.attributes
                0x000000000000032a       0x34 build/stm32f4xx_hal_cortex.o
 .ARM.attributes
                0x000000000000035e       0x34 build/stm32f4xx_hal.o
 .ARM.attributes
                0x0000000000000392       0x34 build/stm32f4xx_ll_rcc.o
 .ARM.attributes
                0x00000000000003c6       0x34 build/system_stm32f4xx.o
 .ARM.attributes
                0x00000000000003fa       0x21 build/startup_stm32f429xx.o
 .ARM.attributes
                0x000000000000041b       0x32 /home/hao/Documents/gcc-arm-none-eabi/bin/../lib/gcc/arm-none-eabi/10.2.1/../../../../arm-none-eabi/lib/thumb/v7e-m+fp/hard/libc_nano.a(lib_a-impure.o)
 .ARM.attributes
                0x000000000000044d       0x34 /home/hao/Documents/gcc-arm-none-eabi/bin/../lib/gcc/arm-none-eabi/10.2.1/../../../../arm-none-eabi/lib/thumb/v7e-m+fp/hard/libc_nano.a(lib_a-init.o)
 .ARM.attributes
                0x0000000000000481       0x34 /home/hao/Documents/gcc-arm-none-eabi/bin/../lib/gcc/arm-none-eabi/10.2.1/../../../../arm-none-eabi/lib/thumb/v7e-m+fp/hard/libc_nano.a(lib_a-memset.o)
 .ARM.attributes
                0x00000000000004b5       0x34 /home/hao/Documents/gcc-arm-none-eabi/bin/../lib/gcc/arm-none-eabi/10.2.1/../../../../arm-none-eabi/lib/thumb/v7e-m+fp/hard/libc_nano.a(lib_a-printf.o)
 .ARM.attributes
                0x00000000000004e9       0x34 /home/hao/Documents/gcc-arm-none-eabi/bin/../lib/gcc/arm-none-eabi/10.2.1/../../../../arm-none-eabi/lib/thumb/v7e-m+fp/hard/libc_nano.a(lib_a-puts.o)
 .ARM.attributes
                0x000000000000051d       0x34 /home/hao/Documents/gcc-arm-none-eabi/bin/../lib/gcc/arm-none-eabi/10.2.1/../../../../arm-none-eabi/lib/thumb/v7e-m+fp/hard/libc_nano.a(lib_a-sprintf.o)
 .ARM.attributes
                0x0000000000000551       0x34 /home/hao/Documents/gcc-arm-none-eabi/bin/../lib/gcc/arm-none-eabi/10.2.1/../../../../arm-none-eabi/lib/thumb/v7e-m+fp/hard/libc_nano.a(lib_a-sscanf.o)
 .ARM.attributes
                0x0000000000000585       0x34 /home/hao/Documents/gcc-arm-none-eabi/bin/../lib/gcc/arm-none-eabi/10.2.1/../../../../arm-none-eabi/lib/thumb/v7e-m+fp/hard/libc_nano.a(lib_a-stdio.o)
 .ARM.attributes
                0x00000000000005b9       0x17 /home/hao/Documents/gcc-arm-none-eabi/bin/../lib/gcc/arm-none-eabi/10.2.1/../../../../arm-none-eabi/lib/thumb/v7e-m+fp/hard/libc_nano.a(lib_a-strlen.o)
 .ARM.attributes
                0x00000000000005d0       0x34 /home/hao/Documents/gcc-arm-none-eabi/bin/../lib/gcc/arm-none-eabi/10.2.1/../../../../arm-none-eabi/lib/thumb/v7e-m+fp/hard/libc_nano.a(lib_a-strstr.o)
 .ARM.attributes
                0x0000000000000604       0x34 /home/hao/Documents/gcc-arm-none-eabi/bin/../lib/gcc/arm-none-eabi/10.2.1/../../../../arm-none-eabi/lib/thumb/v7e-m+fp/hard/libc_nano.a(lib_a-wbuf.o)
 .ARM.attributes
                0x0000000000000638       0x34 /home/hao/Documents/gcc-arm-none-eabi/bin/../lib/gcc/arm-none-eabi/10.2.1/../../../../arm-none-eabi/lib/thumb/v7e-m+fp/hard/libc_nano.a(lib_a-writer.o)
 .ARM.attributes
                0x000000000000066c       0x34 /home/hao/Documents/gcc-arm-none-eabi/bin/../lib/gcc/arm-none-eabi/10.2.1/../../../../arm-none-eabi/lib/thumb/v7e-m+fp/hard/libc_nano.a(lib_a-wsetup.o)
 .ARM.attributes
                0x00000000000006a0       0x34 /home/hao/Documents/gcc-arm-none-eabi/bin/../lib/gcc/arm-none-eabi/10.2.1/../../../../arm-none-eabi/lib/thumb/v7e-m+fp/hard/libc_nano.a(lib_a-closer.o)
 .ARM.attributes
                0x00000000000006d4       0x34 /home/hao/Documents/gcc-arm-none-eabi/bin/../lib/gcc/arm-none-eabi/10.2.1/../../../../arm-none-eabi/lib/thumb/v7e-m+fp/hard/libc_nano.a(lib_a-fflush.o)
 .ARM.attributes
                0x0000000000000708       0x34 /home/hao/Documents/gcc-arm-none-eabi/bin/../lib/gcc/arm-none-eabi/10.2.1/../../../../arm-none-eabi/lib/thumb/v7e-m+fp/hard/libc_nano.a(lib_a-findfp.o)
 .ARM.attributes
                0x000000000000073c       0x34 /home/hao/Documents/gcc-arm-none-eabi/bin/../lib/gcc/arm-none-eabi/10.2.1/../../../../arm-none-eabi/lib/thumb/v7e-m+fp/hard/libc_nano.a(lib_a-fwalk.o)
 .ARM.attributes
                0x0000000000000770       0x34 /home/hao/Documents/gcc-arm-none-eabi/bin/../lib/gcc/arm-none-eabi/10.2.1/../../../../arm-none-eabi/lib/thumb/v7e-m+fp/hard/libc_nano.a(lib_a-lock.o)
 .ARM.attributes
                0x00000000000007a4       0x34 /home/hao/Documents/gcc-arm-none-eabi/bin/../lib/gcc/arm-none-eabi/10.2.1/../../../../arm-none-eabi/lib/thumb/v7e-m+fp/hard/libc_nano.a(lib_a-lseekr.o)
 .ARM.attributes
                0x00000000000007d8       0x34 /home/hao/Documents/gcc-arm-none-eabi/bin/../lib/gcc/arm-none-eabi/10.2.1/../../../../arm-none-eabi/lib/thumb/v7e-m+fp/hard/libc_nano.a(lib_a-makebuf.o)
 .ARM.attributes
                0x000000000000080c       0x34 /home/hao/Documents/gcc-arm-none-eabi/bin/../lib/gcc/arm-none-eabi/10.2.1/../../../../arm-none-eabi/lib/thumb/v7e-m+fp/hard/libc_nano.a(lib_a-nano-freer.o)
 .ARM.attributes
                0x0000000000000840       0x34 /home/hao/Documents/gcc-arm-none-eabi/bin/../lib/gcc/arm-none-eabi/10.2.1/../../../../arm-none-eabi/lib/thumb/v7e-m+fp/hard/libc_nano.a(lib_a-nano-mallocr.o)
 .ARM.attributes
                0x0000000000000874       0x34 /home/hao/Documents/gcc-arm-none-eabi/bin/../lib/gcc/arm-none-eabi/10.2.1/../../../../arm-none-eabi/lib/thumb/v7e-m+fp/hard/libc_nano.a(lib_a-nano-svfprintf.o)
 .ARM.attributes
                0x00000000000008a8       0x34 /home/hao/Documents/gcc-arm-none-eabi/bin/../lib/gcc/arm-none-eabi/10.2.1/../../../../arm-none-eabi/lib/thumb/v7e-m+fp/hard/libc_nano.a(lib_a-nano-svfscanf.o)
 .ARM.attributes
                0x00000000000008dc       0x34 /home/hao/Documents/gcc-arm-none-eabi/bin/../lib/gcc/arm-none-eabi/10.2.1/../../../../arm-none-eabi/lib/thumb/v7e-m+fp/hard/libc_nano.a(lib_a-nano-vfprintf.o)
 .ARM.attributes
                0x0000000000000910       0x34 /home/hao/Documents/gcc-arm-none-eabi/bin/../lib/gcc/arm-none-eabi/10.2.1/../../../../arm-none-eabi/lib/thumb/v7e-m+fp/hard/libc_nano.a(lib_a-nano-vfprintf_i.o)
 .ARM.attributes
                0x0000000000000944       0x34 /home/hao/Documents/gcc-arm-none-eabi/bin/../lib/gcc/arm-none-eabi/10.2.1/../../../../arm-none-eabi/lib/thumb/v7e-m+fp/hard/libc_nano.a(lib_a-nano-vfscanf_i.o)
 .ARM.attributes
                0x0000000000000978       0x34 /home/hao/Documents/gcc-arm-none-eabi/bin/../lib/gcc/arm-none-eabi/10.2.1/../../../../arm-none-eabi/lib/thumb/v7e-m+fp/hard/libc_nano.a(lib_a-readr.o)
 .ARM.attributes
                0x00000000000009ac       0x34 /home/hao/Documents/gcc-arm-none-eabi/bin/../lib/gcc/arm-none-eabi/10.2.1/../../../../arm-none-eabi/lib/thumb/v7e-m+fp/hard/libc_nano.a(lib_a-reent.o)
 .ARM.attributes
                0x00000000000009e0       0x34 /home/hao/Documents/gcc-arm-none-eabi/bin/../lib/gcc/arm-none-eabi/10.2.1/../../../../arm-none-eabi/lib/thumb/v7e-m+fp/hard/libc_nano.a(lib_a-sbrkr.o)
 .ARM.attributes
                0x0000000000000a14       0x34 /home/hao/Documents/gcc-arm-none-eabi/bin/../lib/gcc/arm-none-eabi/10.2.1/../../../../arm-none-eabi/lib/thumb/v7e-m+fp/hard/libc_nano.a(lib_a-sccl.o)
 .ARM.attributes
                0x0000000000000a48       0x34 /home/hao/Documents/gcc-arm-none-eabi/bin/../lib/gcc/arm-none-eabi/10.2.1/../../../../arm-none-eabi/lib/thumb/v7e-m+fp/hard/libc_nano.a(lib_a-strtol.o)
 .ARM.attributes
                0x0000000000000a7c       0x34 /home/hao/Documents/gcc-arm-none-eabi/bin/../lib/gcc/arm-none-eabi/10.2.1/../../../../arm-none-eabi/lib/thumb/v7e-m+fp/hard/libc_nano.a(lib_a-strtoul.o)
 .ARM.attributes
                0x0000000000000ab0       0x34 /home/hao/Documents/gcc-arm-none-eabi/bin/../lib/gcc/arm-none-eabi/10.2.1/../../../../arm-none-eabi/lib/thumb/v7e-m+fp/hard/libc_nano.a(lib_a-ungetc.o)
 .ARM.attributes
                0x0000000000000ae4       0x32 /home/hao/Documents/gcc-arm-none-eabi/bin/../lib/gcc/arm-none-eabi/10.2.1/../../../../arm-none-eabi/lib/thumb/v7e-m+fp/hard/libc_nano.a(lib_a-ctype_.o)
 .ARM.attributes
                0x0000000000000b16       0x34 /home/hao/Documents/gcc-arm-none-eabi/bin/../lib/gcc/arm-none-eabi/10.2.1/../../../../arm-none-eabi/lib/thumb/v7e-m+fp/hard/libc_nano.a(lib_a-errno.o)
 .ARM.attributes
                0x0000000000000b4a       0x34 /home/hao/Documents/gcc-arm-none-eabi/bin/../lib/gcc/arm-none-eabi/10.2.1/../../../../arm-none-eabi/lib/thumb/v7e-m+fp/hard/libc_nano.a(lib_a-fstatr.o)
 .ARM.attributes
                0x0000000000000b7e       0x34 /home/hao/Documents/gcc-arm-none-eabi/bin/../lib/gcc/arm-none-eabi/10.2.1/../../../../arm-none-eabi/lib/thumb/v7e-m+fp/hard/libc_nano.a(lib_a-isattyr.o)
 .ARM.attributes
                0x0000000000000bb2       0x1c /home/hao/Documents/gcc-arm-none-eabi/bin/../lib/gcc/arm-none-eabi/10.2.1/../../../../arm-none-eabi/lib/thumb/v7e-m+fp/hard/libc_nano.a(lib_a-memchr.o)
 .ARM.attributes
                0x0000000000000bce       0x34 /home/hao/Documents/gcc-arm-none-eabi/bin/../lib/gcc/arm-none-eabi/10.2.1/../../../../arm-none-eabi/lib/thumb/v7e-m+fp/hard/libc_nano.a(lib_a-memcpy-stub.o)
 .ARM.attributes
                0x0000000000000c02       0x34 /home/hao/Documents/gcc-arm-none-eabi/bin/../lib/gcc/arm-none-eabi/10.2.1/../../../../arm-none-eabi/lib/thumb/v7e-m+fp/hard/libc_nano.a(lib_a-memmove.o)
 .ARM.attributes
                0x0000000000000c36       0x34 /home/hao/Documents/gcc-arm-none-eabi/bin/../lib/gcc/arm-none-eabi/10.2.1/../../../../arm-none-eabi/lib/thumb/v7e-m+fp/hard/libc_nano.a(lib_a-mlock.o)
 .ARM.attributes
                0x0000000000000c6a       0x34 /home/hao/Documents/gcc-arm-none-eabi/bin/../lib/gcc/arm-none-eabi/10.2.1/../../../../arm-none-eabi/lib/thumb/v7e-m+fp/hard/libc_nano.a(lib_a-nano-reallocr.o)
 .ARM.attributes
                0x0000000000000c9e       0x34 /home/hao/Documents/gcc-arm-none-eabi/bin/../lib/gcc/arm-none-eabi/10.2.1/../../../../arm-none-eabi/lib/thumb/v7e-m+fp/hard/libc_nano.a(lib_a-nano-msizer.o)
 .ARM.attributes
                0x0000000000000cd2       0x34 /home/hao/Documents/gcc-arm-none-eabi/bin/../lib/gcc/arm-none-eabi/10.2.1/../../../../arm-none-eabi/lib/thumb/v7e-m+fp/hard/libnosys.a(close.o)
 .ARM.attributes
                0x0000000000000d06       0x34 /home/hao/Documents/gcc-arm-none-eabi/bin/../lib/gcc/arm-none-eabi/10.2.1/../../../../arm-none-eabi/lib/thumb/v7e-m+fp/hard/libnosys.a(fstat.o)
 .ARM.attributes
                0x0000000000000d3a       0x34 /home/hao/Documents/gcc-arm-none-eabi/bin/../lib/gcc/arm-none-eabi/10.2.1/../../../../arm-none-eabi/lib/thumb/v7e-m+fp/hard/libnosys.a(isatty.o)
 .ARM.attributes
                0x0000000000000d6e       0x34 /home/hao/Documents/gcc-arm-none-eabi/bin/../lib/gcc/arm-none-eabi/10.2.1/../../../../arm-none-eabi/lib/thumb/v7e-m+fp/hard/libnosys.a(lseek.o)
 .ARM.attributes
                0x0000000000000da2       0x34 /home/hao/Documents/gcc-arm-none-eabi/bin/../lib/gcc/arm-none-eabi/10.2.1/../../../../arm-none-eabi/lib/thumb/v7e-m+fp/hard/libnosys.a(read.o)
 .ARM.attributes
                0x0000000000000dd6       0x34 /home/hao/Documents/gcc-arm-none-eabi/bin/../lib/gcc/arm-none-eabi/10.2.1/../../../../arm-none-eabi/lib/thumb/v7e-m+fp/hard/libnosys.a(sbrk.o)
 .ARM.attributes
                0x0000000000000e0a       0x1e /home/hao/Documents/gcc-arm-none-eabi/bin/../lib/gcc/arm-none-eabi/10.2.1/thumb/v7e-m+fp/hard/libgcc.a(_aeabi_uldivmod.o)
 .ARM.attributes
                0x0000000000000e28       0x34 /home/hao/Documents/gcc-arm-none-eabi/bin/../lib/gcc/arm-none-eabi/10.2.1/thumb/v7e-m+fp/hard/libgcc.a(_udivmoddi4.o)
 .ARM.attributes
                0x0000000000000e5c       0x1e /home/hao/Documents/gcc-arm-none-eabi/bin/../lib/gcc/arm-none-eabi/10.2.1/thumb/v7e-m+fp/hard/libgcc.a(_dvmd_tls.o)
 .ARM.attributes
                0x0000000000000e7a       0x1e /home/hao/Documents/gcc-arm-none-eabi/bin/../lib/gcc/arm-none-eabi/10.2.1/thumb/v7e-m+fp/hard/crtn.o
OUTPUT(build/HAL_ESP8266_Wheather.elf elf32-littlearm)
LOAD linker stubs
LOAD /home/hao/Documents/gcc-arm-none-eabi/bin/../lib/gcc/arm-none-eabi/10.2.1/../../../../arm-none-eabi/lib/thumb/v7e-m+fp/hard/libc.a
LOAD /home/hao/Documents/gcc-arm-none-eabi/bin/../lib/gcc/arm-none-eabi/10.2.1/../../../../arm-none-eabi/lib/thumb/v7e-m+fp/hard/libm.a
LOAD /home/hao/Documents/gcc-arm-none-eabi/bin/../lib/gcc/arm-none-eabi/10.2.1/thumb/v7e-m+fp/hard/libgcc.a

.debug_info     0x0000000000000000     0xbc23
 .debug_info    0x0000000000000000      0x521 build/common.o
 .debug_info    0x0000000000000521      0x70c build/key.o
 .debug_info    0x0000000000000c2d      0xafa build/bsp_esp8266_test.o
 .debug_info    0x0000000000001727     0x1255 build/esp8266.o
 .debug_info    0x000000000000297c      0x812 build/main.o
 .debug_info    0x000000000000318e      0x534 build/gpio.o
 .debug_info    0x00000000000036c2     0x1435 build/usart.o
 .debug_info    0x0000000000004af7      0x57d build/stm32f4xx_it.o
 .debug_info    0x0000000000005074      0x37a build/stm32f4xx_hal_msp.o
 .debug_info    0x00000000000053ee      0xb84 build/stm32f4xx_ll_usart.o
 .debug_info    0x0000000000005f72      0xdce build/stm32f4xx_ll_gpio.o
 .debug_info    0x0000000000006d40      0xc08 build/stm32f4xx_hal_rcc.o
 .debug_info    0x0000000000007948      0x86a build/stm32f4xx_hal_gpio.o
 .debug_info    0x00000000000081b2      0x85e build/stm32f4xx_hal_pwr_ex.o
 .debug_info    0x0000000000008a10     0x11aa build/stm32f4xx_hal_cortex.o
 .debug_info    0x0000000000009bba      0xb55 build/stm32f4xx_hal.o
 .debug_info    0x000000000000a70f      0xf1d build/stm32f4xx_ll_rcc.o
 .debug_info    0x000000000000b62c      0x5d5 build/system_stm32f4xx.o
 .debug_info    0x000000000000bc01       0x22 build/startup_stm32f429xx.o

.debug_abbrev   0x0000000000000000     0x286d
 .debug_abbrev  0x0000000000000000      0x219 build/common.o
 .debug_abbrev  0x0000000000000219      0x17f build/key.o
 .debug_abbrev  0x0000000000000398      0x30a build/bsp_esp8266_test.o
 .debug_abbrev  0x00000000000006a2      0x2d7 build/esp8266.o
 .debug_abbrev  0x0000000000000979      0x1fb build/main.o
 .debug_abbrev  0x0000000000000b74      0x169 build/gpio.o
 .debug_abbrev  0x0000000000000cdd      0x312 build/usart.o
 .debug_abbrev  0x0000000000000fef      0x25f build/stm32f4xx_it.o
 .debug_abbrev  0x000000000000124e       0xeb build/stm32f4xx_hal_msp.o
 .debug_abbrev  0x0000000000001339      0x2ed build/stm32f4xx_ll_usart.o
 .debug_abbrev  0x0000000000001626      0x270 build/stm32f4xx_ll_gpio.o
 .debug_abbrev  0x0000000000001896      0x2aa build/stm32f4xx_hal_rcc.o
 .debug_abbrev  0x0000000000001b40      0x22b build/stm32f4xx_hal_gpio.o
 .debug_abbrev  0x0000000000001d6b      0x1c3 build/stm32f4xx_hal_pwr_ex.o
 .debug_abbrev  0x0000000000001f2e      0x382 build/stm32f4xx_hal_cortex.o
 .debug_abbrev  0x00000000000022b0      0x209 build/stm32f4xx_hal.o
 .debug_abbrev  0x00000000000024b9      0x287 build/stm32f4xx_ll_rcc.o
 .debug_abbrev  0x0000000000002740      0x11b build/system_stm32f4xx.o
 .debug_abbrev  0x000000000000285b       0x12 build/startup_stm32f429xx.o

.debug_loc      0x0000000000000000     0x4b2e
 .debug_loc     0x0000000000000000      0x4b2 build/common.o
 .debug_loc     0x00000000000004b2       0x9a build/key.o
 .debug_loc     0x000000000000054c      0x267 build/bsp_esp8266_test.o
 .debug_loc     0x00000000000007b3      0xa12 build/esp8266.o
 .debug_loc     0x00000000000011c5       0x66 build/main.o
 .debug_loc     0x000000000000122b       0x38 build/gpio.o
 .debug_loc     0x0000000000001263      0x45e build/usart.o
 .debug_loc     0x00000000000016c1      0x13a build/stm32f4xx_it.o
 .debug_loc     0x00000000000017fb       0x2c build/stm32f4xx_hal_msp.o
 .debug_loc     0x0000000000001827      0x767 build/stm32f4xx_ll_usart.o
 .debug_loc     0x0000000000001f8e      0x82a build/stm32f4xx_ll_gpio.o
 .debug_loc     0x00000000000027b8      0x6e4 build/stm32f4xx_hal_rcc.o
 .debug_loc     0x0000000000002e9c      0x5e8 build/stm32f4xx_hal_gpio.o
 .debug_loc     0x0000000000003484      0x378 build/stm32f4xx_hal_pwr_ex.o
 .debug_loc     0x00000000000037fc      0x7a4 build/stm32f4xx_hal_cortex.o
 .debug_loc     0x0000000000003fa0      0x1e1 build/stm32f4xx_hal.o
 .debug_loc     0x0000000000004181      0x855 build/stm32f4xx_ll_rcc.o
 .debug_loc     0x00000000000049d6      0x158 build/system_stm32f4xx.o

.debug_aranges  0x0000000000000000      0x680
 .debug_aranges
                0x0000000000000000       0x28 build/common.o
 .debug_aranges
                0x0000000000000028       0x28 build/key.o
 .debug_aranges
                0x0000000000000050       0x30 build/bsp_esp8266_test.o
 .debug_aranges
                0x0000000000000080       0xa0 build/esp8266.o
 .debug_aranges
                0x0000000000000120       0x30 build/main.o
 .debug_aranges
                0x0000000000000150       0x20 build/gpio.o
 .debug_aranges
                0x0000000000000170       0x30 build/usart.o
 .debug_aranges
                0x00000000000001a0       0x70 build/stm32f4xx_it.o
 .debug_aranges
                0x0000000000000210       0x20 build/stm32f4xx_hal_msp.o
 .debug_aranges
                0x0000000000000230       0x40 build/stm32f4xx_ll_usart.o
 .debug_aranges
                0x0000000000000270       0x30 build/stm32f4xx_ll_gpio.o
 .debug_aranges
                0x00000000000002a0       0x88 build/stm32f4xx_hal_rcc.o
 .debug_aranges
                0x0000000000000328       0x58 build/stm32f4xx_hal_gpio.o
 .debug_aranges
                0x0000000000000380       0x60 build/stm32f4xx_hal_pwr_ex.o
 .debug_aranges
                0x00000000000003e0       0xa8 build/stm32f4xx_hal_cortex.o
 .debug_aranges
                0x0000000000000488      0x100 build/stm32f4xx_hal.o
 .debug_aranges
                0x0000000000000588       0xa8 build/stm32f4xx_ll_rcc.o
 .debug_aranges
                0x0000000000000630       0x28 build/system_stm32f4xx.o
 .debug_aranges
                0x0000000000000658       0x28 build/startup_stm32f429xx.o

.debug_ranges   0x0000000000000000      0x7e0
 .debug_ranges  0x0000000000000000       0x18 build/common.o
 .debug_ranges  0x0000000000000018       0x18 build/key.o
 .debug_ranges  0x0000000000000030       0x38 build/bsp_esp8266_test.o
 .debug_ranges  0x0000000000000068       0x90 build/esp8266.o
 .debug_ranges  0x00000000000000f8       0x20 build/main.o
 .debug_ranges  0x0000000000000118       0x10 build/gpio.o
 .debug_ranges  0x0000000000000128       0x20 build/usart.o
 .debug_ranges  0x0000000000000148       0x60 build/stm32f4xx_it.o
 .debug_ranges  0x00000000000001a8       0x10 build/stm32f4xx_hal_msp.o
 .debug_ranges  0x00000000000001b8      0x120 build/stm32f4xx_ll_usart.o
 .debug_ranges  0x00000000000002d8      0x128 build/stm32f4xx_ll_gpio.o
 .debug_ranges  0x0000000000000400       0x90 build/stm32f4xx_hal_rcc.o
 .debug_ranges  0x0000000000000490       0x48 build/stm32f4xx_hal_gpio.o
 .debug_ranges  0x00000000000004d8       0x50 build/stm32f4xx_hal_pwr_ex.o
 .debug_ranges  0x0000000000000528       0xf8 build/stm32f4xx_hal_cortex.o
 .debug_ranges  0x0000000000000620       0xf0 build/stm32f4xx_hal.o
 .debug_ranges  0x0000000000000710       0x98 build/stm32f4xx_ll_rcc.o
 .debug_ranges  0x00000000000007a8       0x18 build/system_stm32f4xx.o
 .debug_ranges  0x00000000000007c0       0x20 build/startup_stm32f429xx.o

.debug_line     0x0000000000000000     0x633b
 .debug_line    0x0000000000000000      0x505 build/common.o
 .debug_line    0x0000000000000505      0x30a build/key.o
 .debug_line    0x000000000000080f      0x50b build/bsp_esp8266_test.o
 .debug_line    0x0000000000000d1a      0x723 build/esp8266.o
 .debug_line    0x000000000000143d      0x3bd build/main.o
 .debug_line    0x00000000000017fa      0x1c2 build/gpio.o
 .debug_line    0x00000000000019bc      0x5be build/usart.o
 .debug_line    0x0000000000001f7a      0x480 build/stm32f4xx_it.o
 .debug_line    0x00000000000023fa      0x18d build/stm32f4xx_hal_msp.o
 .debug_line    0x0000000000002587      0x694 build/stm32f4xx_ll_usart.o
 .debug_line    0x0000000000002c1b      0x78c build/stm32f4xx_ll_gpio.o
 .debug_line    0x00000000000033a7      0xaf5 build/stm32f4xx_hal_rcc.o
 .debug_line    0x0000000000003e9c      0x6dc build/stm32f4xx_hal_gpio.o
 .debug_line    0x0000000000004578      0x498 build/stm32f4xx_hal_pwr_ex.o
 .debug_line    0x0000000000004a10      0x75e build/stm32f4xx_hal_cortex.o
 .debug_line    0x000000000000516e      0x583 build/stm32f4xx_hal.o
 .debug_line    0x00000000000056f1      0x99e build/stm32f4xx_ll_rcc.o
 .debug_line    0x000000000000608f      0x236 build/system_stm32f4xx.o
 .debug_line    0x00000000000062c5       0x76 build/startup_stm32f429xx.o

.debug_str      0x0000000000000000     0x291a
 .debug_str     0x0000000000000000      0x21e build/common.o
                                        0x282 (size before relaxing)
 .debug_str     0x000000000000021e      0x1c1 build/key.o
                                        0x39f (size before relaxing)
 .debug_str     0x00000000000003df      0x304 build/bsp_esp8266_test.o
                                        0x52a (size before relaxing)
 .debug_str     0x00000000000006e3      0x240 build/esp8266.o
                                        0x64b (size before relaxing)
 .debug_str     0x0000000000000923      0x202 build/main.o
                                        0x57b (size before relaxing)
 .debug_str     0x0000000000000b25       0x20 build/gpio.o
                                        0x39f (size before relaxing)
 .debug_str     0x0000000000000b45      0x7e4 build/usart.o
                                        0xbc4 (size before relaxing)
 .debug_str     0x0000000000001329      0x129 build/stm32f4xx_it.o
                                        0x39b (size before relaxing)
 .debug_str     0x0000000000001452       0x29 build/stm32f4xx_hal_msp.o
                                        0x2ee (size before relaxing)
 .debug_str     0x000000000000147b      0x285 build/stm32f4xx_ll_usart.o
                                        0x607 (size before relaxing)
 .debug_str     0x0000000000001700      0x12e build/stm32f4xx_ll_gpio.o
                                        0x47e (size before relaxing)
 .debug_str     0x000000000000182e      0x225 build/stm32f4xx_hal_rcc.o
                                        0x6fb (size before relaxing)
 .debug_str     0x0000000000001a53      0x119 build/stm32f4xx_hal_gpio.o
                                        0x4d5 (size before relaxing)
 .debug_str     0x0000000000001b6c      0x13b build/stm32f4xx_hal_pwr_ex.o
                                        0x4c0 (size before relaxing)
 .debug_str     0x0000000000001ca7      0x3ea build/stm32f4xx_hal_cortex.o
                                        0xc72 (size before relaxing)
 .debug_str     0x0000000000002091      0x2d0 build/stm32f4xx_hal.o
                                        0xbee (size before relaxing)
 .debug_str     0x0000000000002361      0x558 build/stm32f4xx_ll_rcc.o
                                        0x8ba (size before relaxing)
 .debug_str     0x00000000000028b9       0x3d build/system_stm32f4xx.o
                                        0x36a (size before relaxing)
 .debug_str     0x00000000000028f6       0x24 build/startup_stm32f429xx.o
                                         0x4c (size before relaxing)

.comment        0x0000000000000000       0x4d
 .comment       0x0000000000000000       0x4d build/common.o
                                         0x4e (size before relaxing)
 .comment       0x000000000000004d       0x4e build/key.o
 .comment       0x000000000000004d       0x4e build/bsp_esp8266_test.o
 .comment       0x000000000000004d       0x4e build/esp8266.o
 .comment       0x000000000000004d       0x4e build/main.o
 .comment       0x000000000000004d       0x4e build/gpio.o
 .comment       0x000000000000004d       0x4e build/usart.o
 .comment       0x000000000000004d       0x4e build/stm32f4xx_it.o
 .comment       0x000000000000004d       0x4e build/stm32f4xx_hal_msp.o
 .comment       0x000000000000004d       0x4e build/stm32f4xx_ll_usart.o
 .comment       0x000000000000004d       0x4e build/stm32f4xx_ll_gpio.o
 .comment       0x000000000000004d       0x4e build/stm32f4xx_hal_rcc.o
 .comment       0x000000000000004d       0x4e build/stm32f4xx_hal_gpio.o
 .comment       0x000000000000004d       0x4e build/stm32f4xx_hal_pwr_ex.o
 .comment       0x000000000000004d       0x4e build/stm32f4xx_hal_cortex.o
 .comment       0x000000000000004d       0x4e build/stm32f4xx_hal.o
 .comment       0x000000000000004d       0x4e build/stm32f4xx_ll_rcc.o
 .comment       0x000000000000004d       0x4e build/system_stm32f4xx.o

.debug_frame    0x0000000000000000     0x1bd4
 .debug_frame   0x0000000000000000       0x68 build/common.o
 .debug_frame   0x0000000000000068       0x4c build/key.o
 .debug_frame   0x00000000000000b4       0x68 build/bsp_esp8266_test.o
 .debug_frame   0x000000000000011c      0x1e4 build/esp8266.o
 .debug_frame   0x0000000000000300       0x58 build/main.o
 .debug_frame   0x0000000000000358       0x30 build/gpio.o
 .debug_frame   0x0000000000000388       0x60 build/usart.o
 .debug_frame   0x00000000000003e8       0xd0 build/stm32f4xx_it.o
 .debug_frame   0x00000000000004b8       0x28 build/stm32f4xx_hal_msp.o
 .debug_frame   0x00000000000004e0       0x7c build/stm32f4xx_ll_usart.o
 .debug_frame   0x000000000000055c       0x68 build/stm32f4xx_ll_gpio.o
 .debug_frame   0x00000000000005c4      0x16c build/stm32f4xx_hal_rcc.o
 .debug_frame   0x0000000000000730       0xd8 build/stm32f4xx_hal_gpio.o
 .debug_frame   0x0000000000000808       0xf4 build/stm32f4xx_hal_pwr_ex.o
 .debug_frame   0x00000000000008fc      0x148 build/stm32f4xx_hal_cortex.o
 .debug_frame   0x0000000000000a44      0x20c build/stm32f4xx_hal.o
 .debug_frame   0x0000000000000c50      0x178 build/stm32f4xx_ll_rcc.o
 .debug_frame   0x0000000000000dc8       0x30 build/system_stm32f4xx.o
 .debug_frame   0x0000000000000df8       0x2c /home/hao/Documents/gcc-arm-none-eabi/bin/../lib/gcc/arm-none-eabi/10.2.1/../../../../arm-none-eabi/lib/thumb/v7e-m+fp/hard/libc_nano.a(lib_a-init.o)
 .debug_frame   0x0000000000000e24       0x20 /home/hao/Documents/gcc-arm-none-eabi/bin/../lib/gcc/arm-none-eabi/10.2.1/../../../../arm-none-eabi/lib/thumb/v7e-m+fp/hard/libc_nano.a(lib_a-memset.o)
 .debug_frame   0x0000000000000e44       0x74 /home/hao/Documents/gcc-arm-none-eabi/bin/../lib/gcc/arm-none-eabi/10.2.1/../../../../arm-none-eabi/lib/thumb/v7e-m+fp/hard/libc_nano.a(lib_a-printf.o)
 .debug_frame   0x0000000000000eb8       0x3c /home/hao/Documents/gcc-arm-none-eabi/bin/../lib/gcc/arm-none-eabi/10.2.1/../../../../arm-none-eabi/lib/thumb/v7e-m+fp/hard/libc_nano.a(lib_a-puts.o)
 .debug_frame   0x0000000000000ef4       0x6c /home/hao/Documents/gcc-arm-none-eabi/bin/../lib/gcc/arm-none-eabi/10.2.1/../../../../arm-none-eabi/lib/thumb/v7e-m+fp/hard/libc_nano.a(lib_a-sprintf.o)
 .debug_frame   0x0000000000000f60       0x78 /home/hao/Documents/gcc-arm-none-eabi/bin/../lib/gcc/arm-none-eabi/10.2.1/../../../../arm-none-eabi/lib/thumb/v7e-m+fp/hard/libc_nano.a(lib_a-sscanf.o)
 .debug_frame   0x0000000000000fd8       0x88 /home/hao/Documents/gcc-arm-none-eabi/bin/../lib/gcc/arm-none-eabi/10.2.1/../../../../arm-none-eabi/lib/thumb/v7e-m+fp/hard/libc_nano.a(lib_a-stdio.o)
 .debug_frame   0x0000000000001060       0x2c /home/hao/Documents/gcc-arm-none-eabi/bin/../lib/gcc/arm-none-eabi/10.2.1/../../../../arm-none-eabi/lib/thumb/v7e-m+fp/hard/libc_nano.a(lib_a-strstr.o)
 .debug_frame   0x000000000000108c       0x40 /home/hao/Documents/gcc-arm-none-eabi/bin/../lib/gcc/arm-none-eabi/10.2.1/../../../../arm-none-eabi/lib/thumb/v7e-m+fp/hard/libc_nano.a(lib_a-wbuf.o)
 .debug_frame   0x00000000000010cc       0x2c /home/hao/Documents/gcc-arm-none-eabi/bin/../lib/gcc/arm-none-eabi/10.2.1/../../../../arm-none-eabi/lib/thumb/v7e-m+fp/hard/libc_nano.a(lib_a-writer.o)
 .debug_frame   0x00000000000010f8       0x2c /home/hao/Documents/gcc-arm-none-eabi/bin/../lib/gcc/arm-none-eabi/10.2.1/../../../../arm-none-eabi/lib/thumb/v7e-m+fp/hard/libc_nano.a(lib_a-wsetup.o)
 .debug_frame   0x0000000000001124       0x2c /home/hao/Documents/gcc-arm-none-eabi/bin/../lib/gcc/arm-none-eabi/10.2.1/../../../../arm-none-eabi/lib/thumb/v7e-m+fp/hard/libc_nano.a(lib_a-closer.o)
 .debug_frame   0x0000000000001150       0x5c /home/hao/Documents/gcc-arm-none-eabi/bin/../lib/gcc/arm-none-eabi/10.2.1/../../../../arm-none-eabi/lib/thumb/v7e-m+fp/hard/libc_nano.a(lib_a-fflush.o)
 .debug_frame   0x00000000000011ac      0x14c /home/hao/Documents/gcc-arm-none-eabi/bin/../lib/gcc/arm-none-eabi/10.2.1/../../../../arm-none-eabi/lib/thumb/v7e-m+fp/hard/libc_nano.a(lib_a-findfp.o)
 .debug_frame   0x00000000000012f8       0x54 /home/hao/Documents/gcc-arm-none-eabi/bin/../lib/gcc/arm-none-eabi/10.2.1/../../../../arm-none-eabi/lib/thumb/v7e-m+fp/hard/libc_nano.a(lib_a-fwalk.o)
 .debug_frame   0x000000000000134c       0xb0 /home/hao/Documents/gcc-arm-none-eabi/bin/../lib/gcc/arm-none-eabi/10.2.1/../../../../arm-none-eabi/lib/thumb/v7e-m+fp/hard/libc_nano.a(lib_a-lock.o)
 .debug_frame   0x00000000000013fc       0x2c /home/hao/Documents/gcc-arm-none-eabi/bin/../lib/gcc/arm-none-eabi/10.2.1/../../../../arm-none-eabi/lib/thumb/v7e-m+fp/hard/libc_nano.a(lib_a-lseekr.o)
 .debug_frame   0x0000000000001428       0x58 /home/hao/Documents/gcc-arm-none-eabi/bin/../lib/gcc/arm-none-eabi/10.2.1/../../../../arm-none-eabi/lib/thumb/v7e-m+fp/hard/libc_nano.a(lib_a-makebuf.o)
 .debug_frame   0x0000000000001480       0x38 /home/hao/Documents/gcc-arm-none-eabi/bin/../lib/gcc/arm-none-eabi/10.2.1/../../../../arm-none-eabi/lib/thumb/v7e-m+fp/hard/libc_nano.a(lib_a-nano-freer.o)
 .debug_frame   0x00000000000014b8       0x30 /home/hao/Documents/gcc-arm-none-eabi/bin/../lib/gcc/arm-none-eabi/10.2.1/../../../../arm-none-eabi/lib/thumb/v7e-m+fp/hard/libc_nano.a(lib_a-nano-mallocr.o)
 .debug_frame   0x00000000000014e8       0x90 /home/hao/Documents/gcc-arm-none-eabi/bin/../lib/gcc/arm-none-eabi/10.2.1/../../../../arm-none-eabi/lib/thumb/v7e-m+fp/hard/libc_nano.a(lib_a-nano-svfprintf.o)
 .debug_frame   0x0000000000001578       0x74 /home/hao/Documents/gcc-arm-none-eabi/bin/../lib/gcc/arm-none-eabi/10.2.1/../../../../arm-none-eabi/lib/thumb/v7e-m+fp/hard/libc_nano.a(lib_a-nano-svfscanf.o)
 .debug_frame   0x00000000000015ec       0xac /home/hao/Documents/gcc-arm-none-eabi/bin/../lib/gcc/arm-none-eabi/10.2.1/../../../../arm-none-eabi/lib/thumb/v7e-m+fp/hard/libc_nano.a(lib_a-nano-vfprintf.o)
 .debug_frame   0x0000000000001698       0x60 /home/hao/Documents/gcc-arm-none-eabi/bin/../lib/gcc/arm-none-eabi/10.2.1/../../../../arm-none-eabi/lib/thumb/v7e-m+fp/hard/libc_nano.a(lib_a-nano-vfprintf_i.o)
 .debug_frame   0x00000000000016f8       0x64 /home/hao/Documents/gcc-arm-none-eabi/bin/../lib/gcc/arm-none-eabi/10.2.1/../../../../arm-none-eabi/lib/thumb/v7e-m+fp/hard/libc_nano.a(lib_a-nano-vfscanf_i.o)
 .debug_frame   0x000000000000175c       0x2c /home/hao/Documents/gcc-arm-none-eabi/bin/../lib/gcc/arm-none-eabi/10.2.1/../../../../arm-none-eabi/lib/thumb/v7e-m+fp/hard/libc_nano.a(lib_a-readr.o)
 .debug_frame   0x0000000000001788       0x5c /home/hao/Documents/gcc-arm-none-eabi/bin/../lib/gcc/arm-none-eabi/10.2.1/../../../../arm-none-eabi/lib/thumb/v7e-m+fp/hard/libc_nano.a(lib_a-reent.o)
 .debug_frame   0x00000000000017e4       0x2c /home/hao/Documents/gcc-arm-none-eabi/bin/../lib/gcc/arm-none-eabi/10.2.1/../../../../arm-none-eabi/lib/thumb/v7e-m+fp/hard/libc_nano.a(lib_a-sbrkr.o)
 .debug_frame   0x0000000000001810       0x2c /home/hao/Documents/gcc-arm-none-eabi/bin/../lib/gcc/arm-none-eabi/10.2.1/../../../../arm-none-eabi/lib/thumb/v7e-m+fp/hard/libc_nano.a(lib_a-sccl.o)
 .debug_frame   0x000000000000183c       0x64 /home/hao/Documents/gcc-arm-none-eabi/bin/../lib/gcc/arm-none-eabi/10.2.1/../../../../arm-none-eabi/lib/thumb/v7e-m+fp/hard/libc_nano.a(lib_a-strtol.o)
 .debug_frame   0x00000000000018a0       0x64 /home/hao/Documents/gcc-arm-none-eabi/bin/../lib/gcc/arm-none-eabi/10.2.1/../../../../arm-none-eabi/lib/thumb/v7e-m+fp/hard/libc_nano.a(lib_a-strtoul.o)
 .debug_frame   0x0000000000001904       0x5c /home/hao/Documents/gcc-arm-none-eabi/bin/../lib/gcc/arm-none-eabi/10.2.1/../../../../arm-none-eabi/lib/thumb/v7e-m+fp/hard/libc_nano.a(lib_a-ungetc.o)
 .debug_frame   0x0000000000001960       0x20 /home/hao/Documents/gcc-arm-none-eabi/bin/../lib/gcc/arm-none-eabi/10.2.1/../../../../arm-none-eabi/lib/thumb/v7e-m+fp/hard/libc_nano.a(lib_a-errno.o)
 .debug_frame   0x0000000000001980       0x2c /home/hao/Documents/gcc-arm-none-eabi/bin/../lib/gcc/arm-none-eabi/10.2.1/../../../../arm-none-eabi/lib/thumb/v7e-m+fp/hard/libc_nano.a(lib_a-fstatr.o)
 .debug_frame   0x00000000000019ac       0x2c /home/hao/Documents/gcc-arm-none-eabi/bin/../lib/gcc/arm-none-eabi/10.2.1/../../../../arm-none-eabi/lib/thumb/v7e-m+fp/hard/libc_nano.a(lib_a-isattyr.o)
 .debug_frame   0x00000000000019d8       0x28 /home/hao/Documents/gcc-arm-none-eabi/bin/../lib/gcc/arm-none-eabi/10.2.1/../../../../arm-none-eabi/lib/thumb/v7e-m+fp/hard/libc_nano.a(lib_a-memcpy-stub.o)
 .debug_frame   0x0000000000001a00       0x28 /home/hao/Documents/gcc-arm-none-eabi/bin/../lib/gcc/arm-none-eabi/10.2.1/../../../../arm-none-eabi/lib/thumb/v7e-m+fp/hard/libc_nano.a(lib_a-memmove.o)
 .debug_frame   0x0000000000001a28       0x30 /home/hao/Documents/gcc-arm-none-eabi/bin/../lib/gcc/arm-none-eabi/10.2.1/../../../../arm-none-eabi/lib/thumb/v7e-m+fp/hard/libc_nano.a(lib_a-mlock.o)
 .debug_frame   0x0000000000001a58       0x3c /home/hao/Documents/gcc-arm-none-eabi/bin/../lib/gcc/arm-none-eabi/10.2.1/../../../../arm-none-eabi/lib/thumb/v7e-m+fp/hard/libc_nano.a(lib_a-nano-reallocr.o)
 .debug_frame   0x0000000000001a94       0x20 /home/hao/Documents/gcc-arm-none-eabi/bin/../lib/gcc/arm-none-eabi/10.2.1/../../../../arm-none-eabi/lib/thumb/v7e-m+fp/hard/libc_nano.a(lib_a-nano-msizer.o)
 .debug_frame   0x0000000000001ab4       0x20 /home/hao/Documents/gcc-arm-none-eabi/bin/../lib/gcc/arm-none-eabi/10.2.1/../../../../arm-none-eabi/lib/thumb/v7e-m+fp/hard/libnosys.a(close.o)
 .debug_frame   0x0000000000001ad4       0x20 /home/hao/Documents/gcc-arm-none-eabi/bin/../lib/gcc/arm-none-eabi/10.2.1/../../../../arm-none-eabi/lib/thumb/v7e-m+fp/hard/libnosys.a(fstat.o)
 .debug_frame   0x0000000000001af4       0x20 /home/hao/Documents/gcc-arm-none-eabi/bin/../lib/gcc/arm-none-eabi/10.2.1/../../../../arm-none-eabi/lib/thumb/v7e-m+fp/hard/libnosys.a(isatty.o)
 .debug_frame   0x0000000000001b14       0x20 /home/hao/Documents/gcc-arm-none-eabi/bin/../lib/gcc/arm-none-eabi/10.2.1/../../../../arm-none-eabi/lib/thumb/v7e-m+fp/hard/libnosys.a(lseek.o)
 .debug_frame   0x0000000000001b34       0x20 /home/hao/Documents/gcc-arm-none-eabi/bin/../lib/gcc/arm-none-eabi/10.2.1/../../../../arm-none-eabi/lib/thumb/v7e-m+fp/hard/libnosys.a(read.o)
 .debug_frame   0x0000000000001b54       0x20 /home/hao/Documents/gcc-arm-none-eabi/bin/../lib/gcc/arm-none-eabi/10.2.1/../../../../arm-none-eabi/lib/thumb/v7e-m+fp/hard/libnosys.a(sbrk.o)
 .debug_frame   0x0000000000001b74       0x2c /home/hao/Documents/gcc-arm-none-eabi/bin/../lib/gcc/arm-none-eabi/10.2.1/thumb/v7e-m+fp/hard/libgcc.a(_aeabi_uldivmod.o)
 .debug_frame   0x0000000000001ba0       0x34 /home/hao/Documents/gcc-arm-none-eabi/bin/../lib/gcc/arm-none-eabi/10.2.1/thumb/v7e-m+fp/hard/libgcc.a(_udivmoddi4.o)

.stab           0x0000000000000000       0x84
 .stab          0x0000000000000000       0x24 /home/hao/Documents/gcc-arm-none-eabi/bin/../lib/gcc/arm-none-eabi/10.2.1/../../../../arm-none-eabi/lib/thumb/v7e-m+fp/hard/libnosys.a(close.o)
 .stab          0x0000000000000024       0x18 /home/hao/Documents/gcc-arm-none-eabi/bin/../lib/gcc/arm-none-eabi/10.2.1/../../../../arm-none-eabi/lib/thumb/v7e-m+fp/hard/libnosys.a(fstat.o)
                                         0x24 (size before relaxing)
 .stab          0x000000000000003c       0x18 /home/hao/Documents/gcc-arm-none-eabi/bin/../lib/gcc/arm-none-eabi/10.2.1/../../../../arm-none-eabi/lib/thumb/v7e-m+fp/hard/libnosys.a(isatty.o)
                                         0x24 (size before relaxing)
 .stab          0x0000000000000054       0x18 /home/hao/Documents/gcc-arm-none-eabi/bin/../lib/gcc/arm-none-eabi/10.2.1/../../../../arm-none-eabi/lib/thumb/v7e-m+fp/hard/libnosys.a(lseek.o)
                                         0x24 (size before relaxing)
 .stab          0x000000000000006c       0x18 /home/hao/Documents/gcc-arm-none-eabi/bin/../lib/gcc/arm-none-eabi/10.2.1/../../../../arm-none-eabi/lib/thumb/v7e-m+fp/hard/libnosys.a(read.o)
                                         0x24 (size before relaxing)

.stabstr        0x0000000000000000      0x117
 .stabstr       0x0000000000000000      0x117 /home/hao/Documents/gcc-arm-none-eabi/bin/../lib/gcc/arm-none-eabi/10.2.1/../../../../arm-none-eabi/lib/thumb/v7e-m+fp/hard/libnosys.a(close.o)

Cross Reference Table

Symbol                                            File
ADC_IRQHandler                                    build/startup_stm32f429xx.o
AHBPrescTable                                     build/system_stm32f4xx.o
                                                  build/stm32f4xx_ll_utils.o